<html>
<body>
<pre>
<h1>礦ision Build Log</h1>
<h2>Tool Versions:</h2>
IDE-Version: μVision V5.18.0.0
Copyright (C) 2016 ARM Ltd and ARM Germany GmbH. All rights reserved.
License Information: z 2580794683@qq.com, hr, LIC=JL2Y8-3IWMT-KBEER-KBEX2-EBBKM-38E9C
 
Tool Versions:
Toolchain:       MDK-ARM Standard  Version: 5.18
Toolchain Path:  C:\Keil_v5\ARM\ARMCC\Bin
C Compiler:      Armcc.exe V5.06 update 1 (build 61)
Assembler:       Armasm.exe V5.06 update 1 (build 61)
Linker/Locator:  ArmLink.exe V5.06 update 1 (build 61)
Library Manager: ArmAr.exe V5.06 update 1 (build 61)
Hex Converter:   FromElf.exe V5.06 update 1 (build 61)
CPU DLL:         SARMCM3.DLL V5.18
Dialog DLL:      DARMSTM.DLL V1.65.0.0
Target DLL:      STLink\ST-LINKIII-KEIL_SWO.dll V2.0.18.0
Dialog DLL:      TARMSTM.DLL V1.64.0.0
 
<h2>Project:</h2>
C:\Users\25807\Desktop\STM32F103VCT6版本B\USER\PWM.uvprojx
Project File Date:  06/19/2023

<h2>Output:</h2>
*** Using Compiler 'V5.06 update 1 (build 61)', folder: 'C:\Keil_v5\ARM\ARMCC\Bin'
Build target 'PWM'
compiling main.c...
..\HARDWARE\Header\rhine.h(40): warning:  #1-D: last line of file ends without a newline
  #endif
main.c(54): warning:  #223-D: function "EXTIX_Init" declared implicitly
  	EXTIX_Init();//?卸铣?始化，??要使??KEY_Scan()函???蚋煤?????要删??
main.c(56): warning:  #223-D: function "PWM4CH3_Init" declared implicitly
  	PWM4CH3_Init(1000-1,72000-1,TIM_OCMode_PWM1);//TIM4CH3??PWM??始化，?直?????装?兀?预??频，PWM模式（1为占?叩?平，2为占?偷?平），默??占?毡?50%
main.c(79): warning:  #223-D: function "Get_Average" declared implicitly
  		lightADC = Get_Average(u16ADCConvertedValue,16);
main.c(85): warning:  #223-D: function "TIM4_SetAutoreload" declared implicitly
  		TIM4_SetAutoreload(ard);
main.c(86): warning:  #223-D: function "memset" declared implicitly
  		memset(temp,0,sizeof(temp));
main.c(88): warning:  #167-D: argument of type "char *" is incompatible with parameter of type "const u8 *"
  		OLED_ShowString(0,16,temp,16);
main.c(122): warning:  #223-D: function "Get_Average" declared implicitly
  			u16gtmp = Get_Average(u16ADCConvertedValue,16);
main.c(129): warning:  #223-D: function "memset" declared implicitly
  			memset(buff,0,sizeof(buff));
main.c(131): warning:  #167-D: argument of type "char *" is incompatible with parameter of type "const u8 *"
  			OLED_ShowString(0,0,buff,16);
main.c(147): warning:  #223-D: function "Get_Average" declared implicitly
  			u16gtmp = Get_Average(u16ADCConvertedValue,16);
main.c(151): warning:  #223-D: function "memset" declared implicitly
  			memset(buff,0,sizeof(buff));
main.c(153): warning:  #167-D: argument of type "char *" is incompatible with parameter of type "const u8 *"
  			OLED_ShowString(0,32,buff,12);
main.c(142): warning:  #177-D: variable "adcx" was declared but never referenced
  	u16 u16ScanCnt,u16gtmp,val,vol,adcx,adcy;;
main.c(142): warning:  #177-D: variable "adcy" was declared but never referenced
  	u16 u16ScanCnt,u16gtmp,val,vol,adcx,adcy;;
main.c(248): warning:  #1-D: last line of file ends without a newline
  //
main.c: 16 warnings, 0 errors
linking...
Program Size: Code=22258 RO-data=6538 RW-data=76 ZI-data=3052  
FromELF: creating hex file...
"..\OBJ\TIMER.axf" - 0 Error(s), 16 Warning(s).

<h2>Collection of Component include folders:</h2>
  C:\Users\25807\Desktop\STM32F103VCT6版本B\USER\RTE
  C:\Keil_v5\ARM\PACK\Keil\STM32F1xx_DFP\2.2.0\Device\Include

<h2>Collection of Component Files used:</h2>
Build Time Elapsed:  00:00:01
</pre>
</body>
</html>
