<html>
<body>
<pre>
<h1>礦ision Build Log</h1>
<h2>Tool Versions:</h2>
IDE-Version: μVision V5.18.0.0
Copyright (C) 2016 ARM Ltd and ARM Germany GmbH. All rights reserved.
License Information: z 2580794683@qq.com, hr, LIC=JL2Y8-3IWMT-KBEER-KBEX2-EBBKM-38E9C
 
Tool Versions:
Toolchain:       MDK-ARM Standard  Version: 5.18
Toolchain Path:  C:\Keil_v5\ARM\ARMCC\Bin
C Compiler:      Armcc.exe V5.06 update 1 (build 61)
Assembler:       Armasm.exe V5.06 update 1 (build 61)
Linker/Locator:  ArmLink.exe V5.06 update 1 (build 61)
Library Manager: ArmAr.exe V5.06 update 1 (build 61)
Hex Converter:   FromElf.exe V5.06 update 1 (build 61)
CPU DLL:         SARMCM3.DLL V5.18
Dialog DLL:      DARMSTM.DLL V1.65.0.0
Target DLL:      STLink\ST-LINKIII-KEIL_SWO.dll V2.0.18.0
Dialog DLL:      TARMSTM.DLL V1.64.0.0
 
<h2>Project:</h2>
C:\Users\25807\Desktop\21221289-第二题\USER\PWM.uvprojx
Project File Date:  06/21/2023

<h2>Output:</h2>
*** Using Compiler 'V5.06 update 1 (build 61)', folder: 'C:\Keil_v5\ARM\ARMCC\Bin'
Build target 'PWM'
compiling main.c...
..\HARDWARE\Header\rhine.h(40): warning:  #1-D: last line of file ends without a newline
  #endif
main.c(53): warning:  #223-D: function "EXTIX_Init" declared implicitly
  	EXTIX_Init();
main.c(54): warning:  #223-D: function "PWM2CH2_Init" declared implicitly
  	PWM2CH2_Init(1200-1,72000-1,TIM_OCMode_PWM1);
main.c(63): warning:  #223-D: function "TIM2_Setcompare2" declared implicitly
  		TIM2_Setcompare2(com);
main.c(64): warning:  #223-D: function "memset" declared implicitly
  		memset(temp,0,sizeof(temp));
main.c(66): warning:  #167-D: argument of type "char *" is incompatible with parameter of type "const u8 *"
  		OLED_ShowString(0,24,temp,16);
main.c(137): warning:  #1-D: last line of file ends without a newline
  //
main.c: 7 warnings, 0 errors
linking...
Program Size: Code=17256 RO-data=6540 RW-data=88 ZI-data=3048  
FromELF: creating hex file...
"..\OBJ\TIMER.axf" - 0 Error(s), 7 Warning(s).

<h2>Collection of Component include folders:</h2>
  C:\Users\25807\Desktop\21221289-第二题\USER\RTE
  C:\Keil_v5\ARM\PACK\Keil\STM32F1xx_DFP\2.2.0\Device\Include

<h2>Collection of Component Files used:</h2>
Build Time Elapsed:  00:00:01
</pre>
</body>
</html>
