Component: ARM Compiler 5.06 update 1 (build 61) Tool: armlink [4d35a8]

==============================================================================

Section Cross References

    main.o(.text) refers to _printf_pad.o(.text) for _printf_pre_padding
    main.o(.text) refers to _printf_percent.o(.ARM.Collect$$_printf_percent$$00000000) for _printf_percent
    main.o(.text) refers to _printf_d.o(.ARM.Collect$$_printf_percent$$00000009) for _printf_d
    main.o(.text) refers to _printf_dec.o(.text) for _printf_int_dec
    main.o(.text) refers to misc.o(.text) for NVIC_PriorityGroupConfig
    main.o(.text) refers to delay.o(.text) for delay_init
    main.o(.text) refers to usart.o(.text) for uart_init
    main.o(.text) refers to myiic.o(.text) for IIC_Init
    main.o(.text) refers to spi.o(.text) for SPI2_Init
    main.o(.text) refers to exti.o(.text) for EXTIX_Init
    main.o(.text) refers to timer.o(.text) for TIM3_Init
    main.o(.text) refers to pwm.o(.text) for PWM4CH3_Init
    main.o(.text) refers to dac.o(.text) for Dac1_Init
    main.o(.text) refers to adc.o(.text) for Adc_Init
    main.o(.text) refers to 74hc595_led.o(.text) for Init74HC595
    main.o(.text) refers to led.o(.text) for LED_Init
    main.o(.text) refers to key.o(.text) for KEY_Init
    main.o(.text) refers to oled4piniic.o(.text) for OLED_init
    main.o(.text) refers to stm32f10x_dac.o(.text) for DAC_SetChannel1Data
    main.o(.text) refers to stm32f10x_adc.o(.text) for ADC_SoftwareStartConvCmd
    main.o(.text) refers to fflt_clz.o(x$fpl$ffltu) for __aeabi_ui2f
    main.o(.text) refers to f2d.o(x$fpl$f2d) for __aeabi_f2d
    main.o(.text) refers to dmul.o(x$fpl$dmul) for __aeabi_dmul
    main.o(.text) refers to d2f.o(x$fpl$d2f) for __aeabi_d2f
    main.o(.text) refers to ffixu.o(x$fpl$ffixu) for __aeabi_f2uiz
    main.o(.text) refers to faddsub_clz.o(x$fpl$frsb) for __aeabi_frsub
    main.o(.text) refers to fmul.o(x$fpl$fmul) for __aeabi_fmul
    main.o(.text) refers to rt_memclr_w.o(.text) for __aeabi_memclr4
    main.o(.text) refers to noretval__2sprintf.o(.text) for __2sprintf
    main.o(.text) refers to fdiv.o(x$fpl$fdiv) for __aeabi_fdiv
    main.o(.text) refers to stm32f10x_tim.o(.text) for TIM_GetITStatus
    main.o(.text) refers to stm32f10x_gpio.o(.text) for GPIO_ReadInputDataBit
    main.o(.text) refers to stm32f10x_exti.o(.text) for EXTI_ClearITPendingBit
    main.o(.text) refers to stm32f10x_usart.o(.text) for USART_SendData
    main.o(.text) refers to main.o(.data) for buff
    main.o(.text) refers to main.o(.bss) for u16ADCConvertedValue
    system_stm32f10x.o(.text) refers to system_stm32f10x.o(.data) for SystemCoreClock
    24cxx.o(.text) refers to myiic.o(.text) for IIC_Init
    24cxx.o(.text) refers to delay.o(.text) for delay_ms
    74hc595_led.o(.text) refers to stm32f10x_rcc.o(.text) for RCC_APB2PeriphClockCmd
    74hc595_led.o(.text) refers to stm32f10x_gpio.o(.text) for GPIO_Init
    74hc595_led.o(.text) refers to delay.o(.text) for delay_us
    74hc595_led.o(.text) refers to main.o(.data) for u8DispBuf
    adc.o(.text) refers to stm32f10x_rcc.o(.text) for RCC_AHBPeriphClockCmd
    adc.o(.text) refers to stm32f10x_gpio.o(.text) for GPIO_Init
    adc.o(.text) refers to stm32f10x_adc.o(.text) for ADC_DeInit
    adc.o(.text) refers to stm32f10x_dma.o(.text) for DMA_DeInit
    adc.o(.text) refers to misc.o(.text) for NVIC_Init
    adc.o(.text) refers to main.o(.bss) for u16ADCConvertedValue
    adc.o(.text) refers to main.o(.data) for u16ADCOK
    dac.o(.text) refers to stm32f10x_rcc.o(.text) for RCC_APB2PeriphClockCmd
    dac.o(.text) refers to stm32f10x_gpio.o(.text) for GPIO_Init
    dac.o(.text) refers to stm32f10x_dac.o(.text) for DAC_Init
    dac.o(.text) refers to dflt_clz.o(x$fpl$dfltu) for __aeabi_ui2d
    dac.o(.text) refers to ddiv.o(x$fpl$ddiv) for __aeabi_ddiv
    dac.o(.text) refers to dmul.o(x$fpl$dmul) for __aeabi_dmul
    dac.o(.text) refers to dfixu.o(x$fpl$dfixu) for __aeabi_d2uiz
    exti.o(.text) refers to key.o(.text) for KEY_Init
    exti.o(.text) refers to stm32f10x_rcc.o(.text) for RCC_APB2PeriphClockCmd
    exti.o(.text) refers to stm32f10x_gpio.o(.text) for GPIO_EXTILineConfig
    exti.o(.text) refers to stm32f10x_exti.o(.text) for EXTI_Init
    exti.o(.text) refers to misc.o(.text) for NVIC_Init
    key.o(.text) refers to stm32f10x_rcc.o(.text) for RCC_APB2PeriphClockCmd
    key.o(.text) refers to stm32f10x_gpio.o(.text) for GPIO_Init
    key.o(.text) refers to delay.o(.text) for delay_ms
    key.o(.text) refers to key.o(.data) for key_up
    led.o(.text) refers to stm32f10x_rcc.o(.text) for RCC_APB2PeriphClockCmd
    led.o(.text) refers to stm32f10x_gpio.o(.text) for GPIO_Init
    myiic.o(.text) refers to stm32f10x_rcc.o(.text) for RCC_APB2PeriphClockCmd
    myiic.o(.text) refers to stm32f10x_gpio.o(.text) for GPIO_Init
    myiic.o(.text) refers to delay.o(.text) for delay_us
    oled4piniic.o(.text) refers to myiic.o(.text) for IIC_Start
[...]
    ..\STM32F10x_FWLib\src\stm32f10x_usart.c 0x00000000   Number         0  stm32f10x_usart.o ABSOLUTE
    ..\STM32F10x_FWLib\src\stm32f10x_wwdg.c  0x00000000   Number         0  stm32f10x_wwdg.o ABSOLUTE
    ..\SYSTEM\delay\delay.c                  0x00000000   Number         0  delay.o ABSOLUTE
    ..\SYSTEM\pwm\pwm.c                      0x00000000   Number         0  pwm.o ABSOLUTE
    ..\SYSTEM\sys\sys.c                      0x00000000   Number         0  sys.o ABSOLUTE
    ..\SYSTEM\usart\usart.c                  0x00000000   Number         0  usart.o ABSOLUTE
    ..\\CORE\\core_cm3.c                     0x00000000   Number         0  core_cm3.o ABSOLUTE
    ..\\SYSTEM\\sys\\sys.c                   0x00000000   Number         0  sys.o ABSOLUTE
    dc.s                                     0x00000000   Number         0  dc.o ABSOLUTE
    main.c                                   0x00000000   Number         0  main.o ABSOLUTE
    stm32f10x_it.c                           0x00000000   Number         0  stm32f10x_it.o ABSOLUTE
    system_stm32f10x.c                       0x00000000   Number         0  system_stm32f10x.o ABSOLUTE
    RESET                                    0x08000000   Section      304  startup_stm32f10x_hd.o(RESET)
    !!!main                                  0x08000130   Section        8  __main.o(!!!main)
    !!!scatter                               0x08000138   Section       52  __scatter.o(!!!scatter)
    !!handler_copy                           0x0800016c   Section       26  __scatter_copy.o(!!handler_copy)
    !!handler_zi                             0x08000188   Section       28  __scatter_zi.o(!!handler_zi)
    .ARM.Collect$$_printf_percent$$00000000  0x080001a4   Section        0  _printf_percent.o(.ARM.Collect$$_printf_percent$$00000000)
    .ARM.Collect$$_printf_percent$$00000009  0x080001a4   Section        6  _printf_d.o(.ARM.Collect$$_printf_percent$$00000009)
    .ARM.Collect$$_printf_percent$$00000017  0x080001aa   Section        4  _printf_percent_end.o(.ARM.Collect$$_printf_percent$$00000017)
    .ARM.Collect$$libinit$$00000000          0x080001ae   Section        2  libinit.o(.ARM.Collect$$libinit$$00000000)
    .ARM.Collect$$libinit$$00000002          0x080001b0   Section        0  libinit2.o(.ARM.Collect$$libinit$$00000002)
    .ARM.Collect$$libinit$$00000004          0x080001b0   Section        0  libinit2.o(.ARM.Collect$$libinit$$00000004)
    .ARM.Collect$$libinit$$0000000A          0x080001b0   Section        0  libinit2.o(.ARM.Collect$$libinit$$0000000A)
    .ARM.Collect$$libinit$$0000000C          0x080001b0   Section        0  libinit2.o(.ARM.Collect$$libinit$$0000000C)
    .ARM.Collect$$libinit$$0000000E          0x080001b0   Section        0  libinit2.o(.ARM.Collect$$libinit$$0000000E)
    .ARM.Collect$$libinit$$00000011          0x080001b0   Section        0  libinit2.o(.ARM.Collect$$libinit$$00000011)
    .ARM.Collect$$libinit$$00000013          0x080001b0   Section        0  libinit2.o(.ARM.Collect$$libinit$$00000013)
    .ARM.Collect$$libinit$$00000015          0x080001b0   Section        0  libinit2.o(.ARM.Collect$$libinit$$00000015)
    .ARM.Collect$$libinit$$00000017          0x080001b0   Section        0  libinit2.o(.ARM.Collect$$libinit$$00000017)
    .ARM.Collect$$libinit$$00000019          0x080001b0   Section        0  libinit2.o(.ARM.Collect$$libinit$$00000019)
    .ARM.Collect$$libinit$$0000001B          0x080001b0   Section        0  libinit2.o(.ARM.Collect$$libinit$$0000001B)
    .ARM.Collect$$libinit$$0000001D          0x080001b0   Section        0  libinit2.o(.ARM.Collect$$libinit$$0000001D)
    .ARM.Collect$$libinit$$0000001F          0x080001b0   Section        0  libinit2.o(.ARM.Collect$$libinit$$0000001F)
    .ARM.Collect$$libinit$$00000021          0x080001b0   Section        0  libinit2.o(.ARM.Collect$$libinit$$00000021)
    .ARM.Collect$$libinit$$00000023          0x080001b0   Section        0  libinit2.o(.ARM.Collect$$libinit$$00000023)
    .ARM.Collect$$libinit$$00000025          0x080001b0   Section        0  libinit2.o(.ARM.Collect$$libinit$$00000025)
    .ARM.Collect$$libinit$$0000002C          0x080001b0   Section        0  libinit2.o(.ARM.Collect$$libinit$$0000002C)
    .ARM.Collect$$libinit$$0000002E          0x080001b0   Section        0  libinit2.o(.ARM.Collect$$libinit$$0000002E)
    .ARM.Collect$$libinit$$00000030          0x080001b0   Section        0  libinit2.o(.ARM.Collect$$libinit$$00000030)
    .ARM.Collect$$libinit$$00000032          0x080001b0   Section        0  libinit2.o(.ARM.Collect$$libinit$$00000032)
    .ARM.Collect$$libinit$$00000033          0x080001b0   Section        2  libinit2.o(.ARM.Collect$$libinit$$00000033)
    .ARM.Collect$$libshutdown$$00000000      0x080001b2   Section        2  libshutdown.o(.ARM.Collect$$libshutdown$$00000000)
    .ARM.Collect$$libshutdown$$00000002      0x080001b4   Section        0  libshutdown2.o(.ARM.Collect$$libshutdown$$00000002)
    .ARM.Collect$$libshutdown$$00000004      0x080001b4   Section        0  libshutdown2.o(.ARM.Collect$$libshutdown$$00000004)
    .ARM.Collect$$libshutdown$$00000007      0x080001b4   Section        0  libshutdown2.o(.ARM.Collect$$libshutdown$$00000007)
    .ARM.Collect$$libshutdown$$0000000A      0x080001b4   Section        0  libshutdown2.o(.ARM.Collect$$libshutdown$$0000000A)
    .ARM.Collect$$libshutdown$$0000000C      0x080001b4   Section        0  libshutdown2.o(.ARM.Collect$$libshutdown$$0000000C)
    .ARM.Collect$$libshutdown$$0000000F      0x080001b4   Section        0  libshutdown2.o(.ARM.Collect$$libshutdown$$0000000F)
    .ARM.Collect$$libshutdown$$00000010      0x080001b4   Section        2  libshutdown2.o(.ARM.Collect$$libshutdown$$00000010)
    .ARM.Collect$$rtentry$$00000000          0x080001b6   Section        0  __rtentry.o(.ARM.Collect$$rtentry$$00000000)
    .ARM.Collect$$rtentry$$00000002          0x080001b6   Section        0  __rtentry2.o(.ARM.Collect$$rtentry$$00000002)
    .ARM.Collect$$rtentry$$00000004          0x080001b6   Section        6  __rtentry4.o(.ARM.Collect$$rtentry$$00000004)
    .ARM.Collect$$rtentry$$00000009          0x080001bc   Section        0  __rtentry2.o(.ARM.Collect$$rtentry$$00000009)
    .ARM.Collect$$rtentry$$0000000A          0x080001bc   Section        4  __rtentry2.o(.ARM.Collect$$rtentry$$0000000A)
    .ARM.Collect$$rtentry$$0000000C          0x080001c0   Section        0  __rtentry2.o(.ARM.Collect$$rtentry$$0000000C)
    .ARM.Collect$$rtentry$$0000000D          0x080001c0   Section        8  __rtentry2.o(.ARM.Collect$$rtentry$$0000000D)
    .ARM.Collect$$rtexit$$00000000           0x080001c8   Section        2  rtexit.o(.ARM.Collect$$rtexit$$00000000)
    .ARM.Collect$$rtexit$$00000002           0x080001ca   Section        0  rtexit2.o(.ARM.Collect$$rtexit$$00000002)
    .ARM.Collect$$rtexit$$00000003           0x080001ca   Section        4  rtexit2.o(.ARM.Collect$$rtexit$$00000003)
    .ARM.Collect$$rtexit$$00000004           0x080001ce   Section        6  rtexit2.o(.ARM.Collect$$rtexit$$00000004)
    .text                                    0x080001d4   Section        0  main.o(.text)
    .text                                    0x080006f4   Section        0  stm32f10x_it.o(.text)
    .text                                    0x08000710   Section        0  system_stm32f10x.o(.text)
    SetSysClockTo72                          0x08000711   Thumb Code   214  system_stm32f10x.o(.text)
    SetSysClock                              0x080007e7   Thumb Code     8  system_stm32f10x.o(.text)
    .text                                    0x080008f0   Section        0  74hc595_led.o(.text)
    .text                                    0x08000e44   Section        0  adc.o(.text)
    .text                                    0x080010dc   Section        0  dac.o(.text)
    .text                                    0x0800119c   Section        0  exti.o(.text)
    .text                                    0x08001280   Section        0  key.o(.text)
    .text                                    0x08001374   Section        0  led.o(.text)
    .text                                    0x080013e0   Section        0  myiic.o(.text)
    .text                                    0x08001610   Section        0  oled4piniic.o(.text)
    .text                                    0x08001d60   Section        0  spi.o(.text)
    .text                                    0x08001e5c   Section        0  timer.o(.text)
    .text                                    0x08001f80   Section        0  delay.o(.text)
    .text                                    0x08002054   Section        0  usart.o(.text)
    .text                                    0x08002194   Section        0  pwm.o(.text)
    .text                                    0x080023a4   Section       64  startup_stm32f10x_hd.o(.text)
    .text                                    0x080023e4   Section        0  misc.o(.text)
    .text                                    0x080024c0   Section        0  stm32f10x_gpio.o(.text)
    .text                                    0x0800281c   Section        0  stm32f10x_rcc.o(.text)
    .text                                    0x08002bc0   Section        0  stm32f10x_tim.o(.text)
    TI4_Config                               0x08003067   Thumb Code   130  stm32f10x_tim.o(.text)
    TI3_Config                               0x080030fb   Thumb Code   122  stm32f10x_tim.o(.text)
    TI2_Config                               0x0800318f   Thumb Code   130  stm32f10x_tim.o(.text)
    TI1_Config                               0x08003223   Thumb Code   108  stm32f10x_tim.o(.text)
    .text                                    0x080039dc   Section        0  stm32f10x_usart.o(.text)
    .text                                    0x08003de4   Section        0  stm32f10x_adc.o(.text)
    .text                                    0x08004234   Section        0  stm32f10x_dma.o(.text)
    .text                                    0x08004488   Section        0  stm32f10x_exti.o(.text)
    .text                                    0x080045a4   Section        0  stm32f10x_spi.o(.text)
    .text                                    0x080048b0   Section        0  stm32f10x_dac.o(.text)
    .text                                    0x08004a3c   Section        2  use_no_semi_2.o(.text)
    .text                                    0x08004a40   Section        0  noretval__2sprintf.o(.text)
    .text                                    0x08004a68   Section        0  _printf_pad.o(.text)
    .text                                    0x08004ab8   Section        0  _printf_dec.o(.text)
    .text                                    0x08004b30   Section        0  __printf_wp.o(.text)
    .text                                    0x08004c3e   Section       78  rt_memclr_w.o(.text)
    .text                                    0x08004c8c   Section        0  heapauxi.o(.text)
    .text                                    0x08004c92   Section        2  use_no_semi.o(.text)
    .text                                    0x08004c94   Section        0  _printf_intcommon.o(.text)
    .text                                    0x08004d48   Section        0  _printf_char_common.o(.text)
    _printf_input_char                       0x08004d49   Thumb Code    10  _printf_char_common.o(.text)
    .text                                    0x08004d78   Section        0  _sputc.o(.text)
    .text                                    0x08004d82   Section       74  sys_stackheap_outer.o(.text)
    .text                                    0x08004dcc   Section        0  exit.o(.text)
    .text                                    0x08004de0   Section        8  libspace.o(.text)
    i._is_digit                              0x08004de8   Section        0  __printf_wp.o(i._is_digit)
    x$fpl$d2f                                0x08004df8   Section       98  d2f.o(x$fpl$d2f)
    x$fpl$ddiv                               0x08004e5c   Section      688  ddiv.o(x$fpl$ddiv)
    ddiv_entry                               0x08004e63   Thumb Code     0  ddiv.o(x$fpl$ddiv)
    x$fpl$dfixu                              0x0800510c   Section       90  dfixu.o(x$fpl$dfixu)
    x$fpl$dfltu                              0x08005166   Section       38  dflt_clz.o(x$fpl$dfltu)
    x$fpl$dmul                               0x0800518c   Section      340  dmul.o(x$fpl$dmul)
    x$fpl$dnaninf                            0x080052e0   Section      156  dnaninf.o(x$fpl$dnaninf)
    x$fpl$dretinf                            0x0800537c   Section       12  dretinf.o(x$fpl$dretinf)
    x$fpl$f2d                                0x08005388   Section       86  f2d.o(x$fpl$f2d)
    x$fpl$fadd                               0x080053e0   Section      196  faddsub_clz.o(x$fpl$fadd)
    _fadd1                                   0x080053ef   Thumb Code     0  faddsub_clz.o(x$fpl$fadd)
    x$fpl$fdiv                               0x080054a4   Section      388  fdiv.o(x$fpl$fdiv)
    _fdiv1                                   0x080054a5   Thumb Code     0  fdiv.o(x$fpl$fdiv)
    x$fpl$ffixu                              0x08005628   Section       62  ffixu.o(x$fpl$ffixu)
    x$fpl$ffltu                              0x08005668   Section       38  fflt_clz.o(x$fpl$ffltu)
    x$fpl$fmul                               0x08005690   Section      258  fmul.o(x$fpl$fmul)
    x$fpl$fnaninf                            0x08005792   Section      140  fnaninf.o(x$fpl$fnaninf)
    x$fpl$fretinf                            0x0800581e   Section       10  fretinf.o(x$fpl$fretinf)
    x$fpl$frsb                               0x08005828   Section       20  faddsub_clz.o(x$fpl$frsb)
    x$fpl$fsub                               0x0800583c   Section      234  faddsub_clz.o(x$fpl$fsub)
    _fsub1                                   0x0800584b   Thumb Code     0  faddsub_clz.o(x$fpl$fsub)
    .constdata                               0x08005926   Section     6201  oled4piniic.o(.constdata)
    x$fpl$usenofp                            0x08005926   Section        0  usenofp.o(x$fpl$usenofp)
    .data                                    0x20000000   Section       26  main.o(.data)
    .data                                    0x2000001c   Section       20  system_stm32f10x.o(.data)
    .data                                    0x20000030   Section        1  key.o(.data)
    key_up                                   0x20000030   Data           1  key.o(.data)
    .data                                    0x20000032   Section        4  delay.o(.data)
    fac_us                                   0x20000032   Data           1  delay.o(.data)
    fac_ms                                   0x20000034   Data           2  delay.o(.data)
    .data                                    0x20000038   Section        6  usart.o(.data)
    .data                                    0x2000003e   Section       20  stm32f10x_rcc.o(.data)
    APBAHBPrescTable                         0x2000003e   Data          16  stm32f10x_rcc.o(.data)
    ADCPrescTable                            0x2000004e   Data           4  stm32f10x_rcc.o(.data)
    .bss                                     0x20000054   Section      192  main.o(.bss)
    .bss                                     0x20000114   Section     1024  oled4piniic.o(.bss)
    .bss                                     0x20000514   Section      200  usart.o(.bss)
    .bss                                     0x200005dc   Section       96  libspace.o(.bss)
    HEAP                                     0x20000640   Section      512  startup_stm32f10x_hd.o(HEAP)
    Heap_Mem                                 0x20000640   Data         512  startup_stm32f10x_hd.o(HEAP)
    STACK                                    0x20000840   Section     1024  startup_stm32f10x_hd.o(STACK)
    Stack_Mem                                0x20000840   Data        1024  startup_stm32f10x_hd.o(STACK)
    __initial_sp                             0x20000c40   Data           0  startup_stm32f10x_hd.o(STACK)

    Global Symbols

    Symbol Name                              Value     Ov Type        Size  Object(Section)

    BuildAttributes$$THM_ISAv4$P$D$K$B$S$PE$A:L22UL41UL21$X:L11$S22US41US21$IEEE1$IW$USESV6$~STKCKD$USESV7$~SHL$OSPACE$ROPI$EBA8$UX$STANDARDLIB$REQ8$PRES8$EABIv2 0x00000000   Number         0  anon$$obj.o ABSOLUTE
    __ARM_use_no_argv                        0x00000000   Number         0  main.o ABSOLUTE
    _printf_flags                            0x00000000   Number         0  printf_stubs.o ABSOLUTE
    _printf_return_value                     0x00000000   Number         0  printf_stubs.o ABSOLUTE
    _printf_sizespec                         0x00000000   Number         0  printf_stubs.o ABSOLUTE
    _printf_widthprec                        0x00000000   Number         0  printf_stubs.o ABSOLUTE
    __ARM_exceptions_init                     - Undefined Weak Reference
    __alloca_initialize                       - Undefined Weak Reference
    __arm_preinit_                            - Undefined Weak Reference
    __cpp_initialize__aeabi_                  - Undefined Weak Reference
    __cxa_finalize                            - Undefined Weak Reference
    __rt_locale                               - Undefined Weak Reference
    __sigvec_lookup                           - Undefined Weak Reference
    _atexit_init                              - Undefined Weak Reference
    _call_atexit_fns                          - Undefined Weak Reference
    _clock_init                               - Undefined Weak Reference
    _fp_trap_init                             - Undefined Weak Reference
    _fp_trap_shutdown                         - Undefined Weak Reference
    _get_lc_collate                           - Undefined Weak Reference
    _get_lc_ctype                             - Undefined Weak Reference
    _get_lc_monetary                          - Undefined Weak Reference
    _get_lc_numeric                           - Undefined Weak Reference
    _get_lc_time                              - Undefined Weak Reference
    _getenv_init                              - Undefined Weak Reference
    _handle_redirection                       - Undefined Weak Reference
    _init_alloc                               - Undefined Weak Reference
    _init_user_alloc                          - Undefined Weak Reference
    _initio                                   - Undefined Weak Reference
    _mutex_acquire                            - Undefined Weak Reference
    _mutex_release                            - Undefined Weak Reference
    _printf_truncate_signed                   - Undefined Weak Reference
    _printf_truncate_unsigned                 - Undefined Weak Reference
    _rand_init                                - Undefined Weak Reference
    _signal_finish                            - Undefined Weak Reference
    _signal_init                              - Undefined Weak Reference
    _terminate_alloc                          - Undefined Weak Reference
    _terminate_user_alloc                     - Undefined Weak Reference
    _terminateio                              - Undefined Weak Reference
    __Vectors_Size                           0x00000130   Number         0  startup_stm32f10x_hd.o ABSOLUTE
    __Vectors                                0x08000000   Data           4  startup_stm32f10x_hd.o(RESET)
    __Vectors_End                            0x08000130   Data           0  startup_stm32f10x_hd.o(RESET)
    __main                                   0x08000131   Thumb Code     8  __main.o(!!!main)
    __scatterload                            0x08000139   Thumb Code     0  __scatter.o(!!!scatter)
    __scatterload_rt2                        0x08000139   Thumb Code    44  __scatter.o(!!!scatter)
    __scatterload_rt2_thumb_only             0x08000139   Thumb Code     0  __scatter.o(!!!scatter)
    __scatterload_null                       0x08000147   Thumb Code     0  __scatter.o(!!!scatter)
    __scatterload_copy                       0x0800016d   Thumb Code    26  __scatter_copy.o(!!handler_copy)
    __scatterload_zeroinit                   0x08000189   Thumb Code    28  __scatter_zi.o(!!handler_zi)
    _printf_d                                0x080001a5   Thumb Code     0  _printf_d.o(.ARM.Collect$$_printf_percent$$00000009)
    _printf_percent                          0x080001a5   Thumb Code     0  _printf_percent.o(.ARM.Collect$$_printf_percent$$00000000)
    _printf_percent_end                      0x080001ab   Thumb Code     0  _printf_percent_end.o(.ARM.Collect$$_printf_percent$$00000017)
    __rt_lib_init                            0x080001af   Thumb Code     0  libinit.o(.ARM.Collect$$libinit$$00000000)
    __rt_lib_init_alloca_1                   0x080001b1   Thumb Code     0  libinit2.o(.ARM.Collect$$libinit$$0000002E)
    __rt_lib_init_argv_1                     0x080001b1   Thumb Code     0  libinit2.o(.ARM.Collect$$libinit$$0000002C)
    __rt_lib_init_atexit_1                   0x080001b1   Thumb Code     0  libinit2.o(.ARM.Collect$$libinit$$0000001B)
    __rt_lib_init_clock_1                    0x080001b1   Thumb Code     0  libinit2.o(.ARM.Collect$$libinit$$00000021)
    __rt_lib_init_cpp_1                      0x080001b1   Thumb Code     0  libinit2.o(.ARM.Collect$$libinit$$00000032)
    __rt_lib_init_exceptions_1               0x080001b1   Thumb Code     0  libinit2.o(.ARM.Collect$$libinit$$00000030)
    __rt_lib_init_fp_1                       0x080001b1   Thumb Code     0  libinit2.o(.ARM.Collect$$libinit$$00000002)
    __rt_lib_init_fp_trap_1                  0x080001b1   Thumb Code     0  libinit2.o(.ARM.Collect$$libinit$$0000001F)
    __rt_lib_init_getenv_1                   0x080001b1   Thumb Code     0  libinit2.o(.ARM.Collect$$libinit$$00000023)
    __rt_lib_init_heap_1                     0x080001b1   Thumb Code     0  libinit2.o(.ARM.Collect$$libinit$$0000000A)
    __rt_lib_init_lc_collate_1               0x080001b1   Thumb Code     0  libinit2.o(.ARM.Collect$$libinit$$00000011)
    __rt_lib_init_lc_ctype_1                 0x080001b1   Thumb Code     0  libinit2.o(.ARM.Collect$$libinit$$00000013)
    __rt_lib_init_lc_monetary_1              0x080001b1   Thumb Code     0  libinit2.o(.ARM.Collect$$libinit$$00000015)
    __rt_lib_init_lc_numeric_1               0x080001b1   Thumb Code     0  libinit2.o(.ARM.Collect$$libinit$$00000017)
    __rt_lib_init_lc_time_1                  0x080001b1   Thumb Code     0  libinit2.o(.ARM.Collect$$libinit$$00000019)
    __rt_lib_init_preinit_1                  0x080001b1   Thumb Code     0  libinit2.o(.ARM.Collect$$libinit$$00000004)
    __rt_lib_init_rand_1                     0x080001b1   Thumb Code     0  libinit2.o(.ARM.Collect$$libinit$$0000000E)
    __rt_lib_init_return                     0x080001b1   Thumb Code     0  libinit2.o(.ARM.Collect$$libinit$$00000033)
    __rt_lib_init_signal_1                   0x080001b1   Thumb Code     0  libinit2.o(.ARM.Collect$$libinit$$0000001D)
    __rt_lib_init_stdio_1                    0x080001b1   Thumb Code     0  libinit2.o(.ARM.Collect$$libinit$$00000025)
    __rt_lib_init_user_alloc_1               0x080001b1   Thumb Code     0  libinit2.o(.ARM.Collect$$libinit$$0000000C)
    __rt_lib_shutdown                        0x080001b3   Thumb Code     0  libshutdown.o(.ARM.Collect$$libshutdown$$00000000)
    __rt_lib_shutdown_cpp_1                  0x080001b5   Thumb Code     0  libshutdown2.o(.ARM.Collect$$libshutdown$$00000002)
    __rt_lib_shutdown_fp_trap_1              0x080001b5   Thumb Code     0  libshutdown2.o(.ARM.Collect$$libshutdown$$00000007)
    __rt_lib_shutdown_heap_1                 0x080001b5   Thumb Code     0  libshutdown2.o(.ARM.Collect$$libshutdown$$0000000F)
    __rt_lib_shutdown_return                 0x080001b5   Thumb Code     0  libshutdown2.o(.ARM.Collect$$libshutdown$$00000010)
    __rt_lib_shutdown_signal_1               0x080001b5   Thumb Code     0  libshutdown2.o(.ARM.Collect$$libshutdown$$0000000A)
    __rt_lib_shutdown_stdio_1                0x080001b5   Thumb Code     0  libshutdown2.o(.ARM.Collect$$libshutdown$$00000004)
    __rt_lib_shutdown_user_alloc_1           0x080001b5   Thumb Code     0  libshutdown2.o(.ARM.Collect$$libshutdown$$0000000C)
    __rt_entry                               0x080001b7   Thumb Code     0  __rtentry.o(.ARM.Collect$$rtentry$$00000000)
    __rt_entry_presh_1                       0x080001b7   Thumb Code     0  __rtentry2.o(.ARM.Collect$$rtentry$$00000002)
    __rt_entry_sh                            0x080001b7   Thumb Code     0  __rtentry4.o(.ARM.Collect$$rtentry$$00000004)
    __rt_entry_li                            0x080001bd   Thumb Code     0  __rtentry2.o(.ARM.Collect$$rtentry$$0000000A)
    __rt_entry_postsh_1                      0x080001bd   Thumb Code     0  __rtentry2.o(.ARM.Collect$$rtentry$$00000009)
    __rt_entry_main                          0x080001c1   Thumb Code     0  __rtentry2.o(.ARM.Collect$$rtentry$$0000000D)
    __rt_entry_postli_1                      0x080001c1   Thumb Code     0  __rtentry2.o(.ARM.Collect$$rtentry$$0000000C)
    __rt_exit                                0x080001c9   Thumb Code     0  rtexit.o(.ARM.Collect$$rtexit$$00000000)
    __rt_exit_ls                             0x080001cb   Thumb Code     0  rtexit2.o(.ARM.Collect$$rtexit$$00000003)
    __rt_exit_prels_1                        0x080001cb   Thumb Code     0  rtexit2.o(.ARM.Collect$$rtexit$$00000002)
    __rt_exit_exit                           0x080001cf   Thumb Code     0  rtexit2.o(.ARM.Collect$$rtexit$$00000004)
    main                                     0x080001d5   Thumb Code   256  main.o(.text)
    keyfunction                              0x080002d5   Thumb Code    40  main.o(.text)
    ADC_Show                                 0x080002fd   Thumb Code   208  main.o(.text)
    Light_Show                               0x080003cd   Thumb Code   194  main.o(.text)
    TIM2_IRQHandler                          0x0800048f   Thumb Code    22  main.o(.text)
    TIM3_IRQHandler                          0x080004a5   Thumb Code   122  main.o(.text)
    TIM4_IRQHandler                          0x0800051f   Thumb Code    22  main.o(.text)
    EXTI0_IRQHandler                         0x08000535   Thumb Code    54  main.o(.text)
    EXTI1_IRQHandler                         0x0800056b   Thumb Code    52  main.o(.text)
    EXTI2_IRQHandler                         0x0800059f   Thumb Code    42  main.o(.text)
    EXTI3_IRQHandler                         0x080005c9   Thumb Code   290  main.o(.text)
    NMI_Handler                              0x080006f5   Thumb Code     2  stm32f10x_it.o(.text)
    HardFault_Handler                        0x080006f7   Thumb Code     4  stm32f10x_it.o(.text)
    MemManage_Handler                        0x080006fb   Thumb Code     4  stm32f10x_it.o(.text)
    BusFault_Handler                         0x080006ff   Thumb Code     4  stm32f10x_it.o(.text)
    UsageFault_Handler                       0x08000703   Thumb Code     4  stm32f10x_it.o(.text)
    SVC_Handler                              0x08000707   Thumb Code     2  stm32f10x_it.o(.text)
    DebugMon_Handler                         0x08000709   Thumb Code     2  stm32f10x_it.o(.text)
    PendSV_Handler                           0x0800070b   Thumb Code     2  stm32f10x_it.o(.text)
    SysTick_Handler                          0x0800070d   Thumb Code     2  stm32f10x_it.o(.text)
    SystemInit                               0x080007ef   Thumb Code    78  system_stm32f10x.o(.text)
    SystemCoreClockUpdate                    0x0800083d   Thumb Code   142  system_stm32f10x.o(.text)
    Init74HC595                              0x080008f1   Thumb Code   116  74hc595_led.o(.text)
    HC595_Shift8bit_MSB_First                0x08000965   Thumb Code    86  74hc595_led.o(.text)
    HC595_Shift8bit_LSB_First                0x080009bb   Thumb Code    86  74hc595_led.o(.text)
    HC595_addr_dat                           0x08000a11   Thumb Code    90  74hc595_led.o(.text)
    FontsTableCathode                        0x08000a6b   Thumb Code   420  74hc595_led.o(.text)
    DispUpdate                               0x08000c0f   Thumb Code   166  74hc595_led.o(.text)
    DispUpdate_new                           0x08000cb5   Thumb Code   200  74hc595_led.o(.text)
    DispUpdate1                              0x08000d7d   Thumb Code   162  74hc595_led.o(.text)
    Adc_Init                                 0x08000e45   Thumb Code   286  adc.o(.text)
    Photoresistor_Init                       0x08000f63   Thumb Code   286  adc.o(.text)
    DMA1_Channel1_IRQHandler                 0x08001081   Thumb Code    34  adc.o(.text)
    Get_Average                              0x080010a3   Thumb Code    32  adc.o(.text)
    Dac1_Init                                0x080010dd   Thumb Code    94  dac.o(.text)
    Dac1_Set_Vol                             0x0800113b   Thumb Code    82  dac.o(.text)
    EXTIX_Init                               0x0800119d   Thumb Code   228  exti.o(.text)
    KEY_Init                                 0x08001281   Thumb Code    46  key.o(.text)
    KEY_Scan                                 0x080012af   Thumb Code   184  key.o(.text)
    LED_Init                                 0x08001375   Thumb Code    94  led.o(.text)
    IIC_Init                                 0x080013e1   Thumb Code    52  myiic.o(.text)
    IIC_Start                                0x08001415   Thumb Code    62  myiic.o(.text)
    IIC_Stop                                 0x08001453   Thumb Code    56  myiic.o(.text)
    IIC_Wait_Ack                             0x0800148b   Thumb Code    80  myiic.o(.text)
    IIC_Ack                                  0x080014db   Thumb Code    60  myiic.o(.text)
    IIC_NAck                                 0x08001517   Thumb Code    60  myiic.o(.text)
    IIC_Send_Byte                            0x08001553   Thumb Code    84  myiic.o(.text)
    IIC_Read_Byte                            0x080015a7   Thumb Code    92  myiic.o(.text)
    OLED_send_cmd                            0x08001611   Thumb Code    44  oled4piniic.o(.text)
    OLED_send_data                           0x0800163d   Thumb Code    44  oled4piniic.o(.text)
    OLED_Column_set                          0x08001669   Thumb Code    24  oled4piniic.o(.text)
    OLED_Page_set                            0x08001681   Thumb Code    16  oled4piniic.o(.text)
    OLED_clear                               0x08001691   Thumb Code    46  oled4piniic.o(.text)
    OLED_full                                0x080016bf   Thumb Code    46  oled4piniic.o(.text)
    OLED_SetCursor                           0x080016ed   Thumb Code    34  oled4piniic.o(.text)
    OLED_init                                0x0800170f   Thumb Code    24  oled4piniic.o(.text)
    OLED_Refresh_Gram                        0x08001727   Thumb Code    52  oled4piniic.o(.text)
    OLED_Clear                               0x0800175b   Thumb Code    42  oled4piniic.o(.text)
    OLED_DrawPoint                           0x08001785   Thumb Code   100  oled4piniic.o(.text)
    OLED_DrawLine                            0x080017e9   Thumb Code   188  oled4piniic.o(.text)
    OLED_Draw_Circle                         0x080018a5   Thumb Code   186  oled4piniic.o(.text)
    OLED_DrawRectangle                       0x0800195f   Thumb Code    60  oled4piniic.o(.text)
    OLED_Fill                                0x0800199b   Thumb Code    58  oled4piniic.o(.text)
    OLED_ShowChar                            0x080019d5   Thumb Code   254  oled4piniic.o(.text)
    OLED_ShowChineseChar                     0x08001ad3   Thumb Code   198  oled4piniic.o(.text)
    mypow                                    0x08001b99   Thumb Code    22  oled4piniic.o(.text)
    OLED_ShowNum                             0x08001baf   Thumb Code   148  oled4piniic.o(.text)
    OLED_ShowString                          0x08001c43   Thumb Code    94  oled4piniic.o(.text)
    Picture_display                          0x08001ca1   Thumb Code    50  oled4piniic.o(.text)
    Picture_ReverseDisplay                   0x08001cd3   Thumb Code    60  oled4piniic.o(.text)
    OLED_DrawBMP                             0x08001d0f   Thumb Code    74  oled4piniic.o(.text)
    SPI2_ReadWriteByte                       0x08001d61   Thumb Code    50  spi.o(.text)
    SPI2_Init                                0x08001d93   Thumb Code   158  spi.o(.text)
    SPI2_SetSpeed                            0x08001e31   Thumb Code    36  spi.o(.text)
    TIM2_Init                                0x08001e5d   Thumb Code    96  timer.o(.text)
    TIM3_Init                                0x08001ebd   Thumb Code    94  timer.o(.text)
    TIM4_Init                                0x08001f1b   Thumb Code    94  timer.o(.text)
    delay_init                               0x08001f81   Thumb Code    50  delay.o(.text)
    delay_us                                 0x08001fb3   Thumb Code    72  delay.o(.text)
    delay_ms                                 0x08001ffb   Thumb Code    72  delay.o(.text)
    _sys_exit                                0x08002055   Thumb Code     6  usart.o(.text)
    fputc                                    0x0800205b   Thumb Code    24  usart.o(.text)
    uart_init                                0x08002073   Thumb Code   152  usart.o(.text)
    USART1_IRQHandler                        0x0800210b   Thumb Code   122  usart.o(.text)
    PWM4CH3_Init                             0x08002195   Thumb Code   146  pwm.o(.text)
    PWM4CH4_Init                             0x08002227   Thumb Code   146  pwm.o(.text)
    PWM2CH2_Init                             0x080022b9   Thumb Code   148  pwm.o(.text)
    TIM2_Setcompare2                         0x0800234d   Thumb Code    16  pwm.o(.text)
    TIM4_Setcompare3                         0x0800235d   Thumb Code    14  pwm.o(.text)
    TIM4_Setcompare4                         0x0800236b   Thumb Code    14  pwm.o(.text)
    TIM2_SetAutoreload                       0x08002379   Thumb Code    16  pwm.o(.text)
    TIM4_SetAutoreload                       0x08002389   Thumb Code    14  pwm.o(.text)
    Reset_Handler                            0x080023a5   Thumb Code     8  startup_stm32f10x_hd.o(.text)
    ADC1_2_IRQHandler                        0x080023bf   Thumb Code     0  startup_stm32f10x_hd.o(.text)
    ADC3_IRQHandler                          0x080023bf   Thumb Code     0  startup_stm32f10x_hd.o(.text)
    CAN1_RX1_IRQHandler                      0x080023bf   Thumb Code     0  startup_stm32f10x_hd.o(.text)
    CAN1_SCE_IRQHandler                      0x080023bf   Thumb Code     0  startup_stm32f10x_hd.o(.text)
    DMA1_Channel2_IRQHandler                 0x080023bf   Thumb Code     0  startup_stm32f10x_hd.o(.text)
    DMA1_Channel3_IRQHandler                 0x080023bf   Thumb Code     0  startup_stm32f10x_hd.o(.text)
    DMA1_Channel4_IRQHandler                 0x080023bf   Thumb Code     0  startup_stm32f10x_hd.o(.text)
    DMA1_Channel5_IRQHandler                 0x080023bf   Thumb Code     0  startup_stm32f10x_hd.o(.text)
    DMA1_Channel6_IRQHandler                 0x080023bf   Thumb Code     0  startup_stm32f10x_hd.o(.text)
    DMA1_Channel7_IRQHandler                 0x080023bf   Thumb Code     0  startup_stm32f10x_hd.o(.text)
    DMA2_Channel1_IRQHandler                 0x080023bf   Thumb Code     0  startup_stm32f10x_hd.o(.text)
    DMA2_Channel2_IRQHandler                 0x080023bf   Thumb Code     0  startup_stm32f10x_hd.o(.text)
    DMA2_Channel3_IRQHandler                 0x080023bf   Thumb Code     0  startup_stm32f10x_hd.o(.text)
    DMA2_Channel4_5_IRQHandler               0x080023bf   Thumb Code     0  startup_stm32f10x_hd.o(.text)
    EXTI15_10_IRQHandler                     0x080023bf   Thumb Code     0  startup_stm32f10x_hd.o(.text)
    EXTI4_IRQHandler                         0x080023bf   Thumb Code     0  startup_stm32f10x_hd.o(.text)
    EXTI9_5_IRQHandler                       0x080023bf   Thumb Code     0  startup_stm32f10x_hd.o(.text)
    FLASH_IRQHandler                         0x080023bf   Thumb Code     0  startup_stm32f10x_hd.o(.text)
    FSMC_IRQHandler                          0x080023bf   Thumb Code     0  startup_stm32f10x_hd.o(.text)
    I2C1_ER_IRQHandler                       0x080023bf   Thumb Code     0  startup_stm32f10x_hd.o(.text)
    I2C1_EV_IRQHandler                       0x080023bf   Thumb Code     0  startup_stm32f10x_hd.o(.text)
    I2C2_ER_IRQHandler                       0x080023bf   Thumb Code     0  startup_stm32f10x_hd.o(.text)
    I2C2_EV_IRQHandler                       0x080023bf   Thumb Code     0  startup_stm32f10x_hd.o(.text)
    PVD_IRQHandler                           0x080023bf   Thumb Code     0  startup_stm32f10x_hd.o(.text)
    RCC_IRQHandler                           0x080023bf   Thumb Code     0  startup_stm32f10x_hd.o(.text)
    RTCAlarm_IRQHandler                      0x080023bf   Thumb Code     0  startup_stm32f10x_hd.o(.text)
    RTC_IRQHandler                           0x080023bf   Thumb Code     0  startup_stm32f10x_hd.o(.text)
    SDIO_IRQHandler                          0x080023bf   Thumb Code     0  startup_stm32f10x_hd.o(.text)
    SPI1_IRQHandler                          0x080023bf   Thumb Code     0  startup_stm32f10x_hd.o(.text)
    SPI2_IRQHandler                          0x080023bf   Thumb Code     0  startup_stm32f10x_hd.o(.text)
    SPI3_IRQHandler                          0x080023bf   Thumb Code     0  startup_stm32f10x_hd.o(.text)
    TAMPER_IRQHandler                        0x080023bf   Thumb Code     0  startup_stm32f10x_hd.o(.text)
    TIM1_BRK_IRQHandler                      0x080023bf   Thumb Code     0  startup_stm32f10x_hd.o(.text)
    TIM1_CC_IRQHandler                       0x080023bf   Thumb Code     0  startup_stm32f10x_hd.o(.text)
    TIM1_TRG_COM_IRQHandler                  0x080023bf   Thumb Code     0  startup_stm32f10x_hd.o(.text)
    TIM1_UP_IRQHandler                       0x080023bf   Thumb Code     0  startup_stm32f10x_hd.o(.text)
    TIM5_IRQHandler                          0x080023bf   Thumb Code     0  startup_stm32f10x_hd.o(.text)
    TIM6_IRQHandler                          0x080023bf   Thumb Code     0  startup_stm32f10x_hd.o(.text)
    TIM7_IRQHandler                          0x080023bf   Thumb Code     0  startup_stm32f10x_hd.o(.text)
    TIM8_BRK_IRQHandler                      0x080023bf   Thumb Code     0  startup_stm32f10x_hd.o(.text)
    TIM8_CC_IRQHandler                       0x080023bf   Thumb Code     0  startup_stm32f10x_hd.o(.text)
    TIM8_TRG_COM_IRQHandler                  0x080023bf   Thumb Code     0  startup_stm32f10x_hd.o(.text)
    TIM8_UP_IRQHandler                       0x080023bf   Thumb Code     0  startup_stm32f10x_hd.o(.text)
    UART4_IRQHandler                         0x080023bf   Thumb Code     0  startup_stm32f10x_hd.o(.text)
    UART5_IRQHandler                         0x080023bf   Thumb Code     0  startup_stm32f10x_hd.o(.text)
    USART2_IRQHandler                        0x080023bf   Thumb Code     0  startup_stm32f10x_hd.o(.text)
    USART3_IRQHandler                        0x080023bf   Thumb Code     0  startup_stm32f10x_hd.o(.text)
    USBWakeUp_IRQHandler                     0x080023bf   Thumb Code     0  startup_stm32f10x_hd.o(.text)
    USB_HP_CAN1_TX_IRQHandler                0x080023bf   Thumb Code     0  startup_stm32f10x_hd.o(.text)
    USB_LP_CAN1_RX0_IRQHandler               0x080023bf   Thumb Code     0  startup_stm32f10x_hd.o(.text)
    WWDG_IRQHandler                          0x080023bf   Thumb Code     0  startup_stm32f10x_hd.o(.text)
    __user_initial_stackheap                 0x080023c1   Thumb Code     0  startup_stm32f10x_hd.o(.text)
    NVIC_PriorityGroupConfig                 0x080023e5   Thumb Code    10  misc.o(.text)
    NVIC_Init                                0x080023ef   Thumb Code   100  misc.o(.text)
    NVIC_SetVectorTable                      0x08002453   Thumb Code    14  misc.o(.text)
    NVIC_SystemLPConfig                      0x08002461   Thumb Code    34  misc.o(.text)
    SysTick_CLKSourceConfig                  0x08002483   Thumb Code    40  misc.o(.text)
    GPIO_DeInit                              0x080024c1   Thumb Code   172  stm32f10x_gpio.o(.text)
    GPIO_AFIODeInit                          0x0800256d   Thumb Code    20  stm32f10x_gpio.o(.text)
    GPIO_Init                                0x08002581   Thumb Code   278  stm32f10x_gpio.o(.text)
    GPIO_StructInit                          0x08002697   Thumb Code    16  stm32f10x_gpio.o(.text)
    GPIO_ReadInputDataBit                    0x080026a7   Thumb Code    18  stm32f10x_gpio.o(.text)
    GPIO_ReadInputData                       0x080026b9   Thumb Code     8  stm32f10x_gpio.o(.text)
    GPIO_ReadOutputDataBit                   0x080026c1   Thumb Code    18  stm32f10x_gpio.o(.text)
    GPIO_ReadOutputData                      0x080026d3   Thumb Code     8  stm32f10x_gpio.o(.text)
    GPIO_SetBits                             0x080026db   Thumb Code     4  stm32f10x_gpio.o(.text)
    GPIO_ResetBits                           0x080026df   Thumb Code     4  stm32f10x_gpio.o(.text)
    GPIO_WriteBit                            0x080026e3   Thumb Code    10  stm32f10x_gpio.o(.text)
    GPIO_Write                               0x080026ed   Thumb Code     4  stm32f10x_gpio.o(.text)
    GPIO_PinLockConfig                       0x080026f1   Thumb Code    18  stm32f10x_gpio.o(.text)
    GPIO_EventOutputConfig                   0x08002703   Thumb Code    26  stm32f10x_gpio.o(.text)
    GPIO_EventOutputCmd                      0x0800271d   Thumb Code     6  stm32f10x_gpio.o(.text)
    GPIO_PinRemapConfig                      0x08002723   Thumb Code   138  stm32f10x_gpio.o(.text)
    GPIO_EXTILineConfig                      0x080027ad   Thumb Code    66  stm32f10x_gpio.o(.text)
    GPIO_ETH_MediaInterfaceConfig            0x080027ef   Thumb Code     8  stm32f10x_gpio.o(.text)
    RCC_DeInit                               0x0800281d   Thumb Code    64  stm32f10x_rcc.o(.text)
    RCC_HSEConfig                            0x0800285d   Thumb Code    70  stm32f10x_rcc.o(.text)
    RCC_GetFlagStatus                        0x080028a3   Thumb Code    56  stm32f10x_rcc.o(.text)
    RCC_WaitForHSEStartUp                    0x080028db   Thumb Code    56  stm32f10x_rcc.o(.text)
    RCC_AdjustHSICalibrationValue            0x08002913   Thumb Code    20  stm32f10x_rcc.o(.text)
    RCC_HSICmd                               0x08002927   Thumb Code     6  stm32f10x_rcc.o(.text)
    RCC_PLLConfig                            0x0800292d   Thumb Code    24  stm32f10x_rcc.o(.text)
    RCC_PLLCmd                               0x08002945   Thumb Code     6  stm32f10x_rcc.o(.text)
    RCC_SYSCLKConfig                         0x0800294b   Thumb Code    18  stm32f10x_rcc.o(.text)
    RCC_GetSYSCLKSource                      0x0800295d   Thumb Code    10  stm32f10x_rcc.o(.text)
    RCC_HCLKConfig                           0x08002967   Thumb Code    18  stm32f10x_rcc.o(.text)
    RCC_PCLK1Config                          0x08002979   Thumb Code    18  stm32f10x_rcc.o(.text)
    RCC_PCLK2Config                          0x0800298b   Thumb Code    20  stm32f10x_rcc.o(.text)
    RCC_ITConfig                             0x0800299f   Thumb Code    26  stm32f10x_rcc.o(.text)
    RCC_USBCLKConfig                         0x080029b9   Thumb Code     8  stm32f10x_rcc.o(.text)
    RCC_ADCCLKConfig                         0x080029c1   Thumb Code    18  stm32f10x_rcc.o(.text)
    RCC_LSEConfig                            0x080029d3   Thumb Code    50  stm32f10x_rcc.o(.text)
    RCC_LSICmd                               0x08002a05   Thumb Code     6  stm32f10x_rcc.o(.text)
    RCC_RTCCLKConfig                         0x08002a0b   Thumb Code    12  stm32f10x_rcc.o(.text)
    RCC_RTCCLKCmd                            0x08002a17   Thumb Code     8  stm32f10x_rcc.o(.text)
    RCC_GetClocksFreq                        0x08002a1f   Thumb Code   192  stm32f10x_rcc.o(.text)
    RCC_AHBPeriphClockCmd                    0x08002adf   Thumb Code    26  stm32f10x_rcc.o(.text)
    RCC_APB2PeriphClockCmd                   0x08002af9   Thumb Code    26  stm32f10x_rcc.o(.text)
    RCC_APB1PeriphClockCmd                   0x08002b13   Thumb Code    26  stm32f10x_rcc.o(.text)
    RCC_APB2PeriphResetCmd                   0x08002b2d   Thumb Code    26  stm32f10x_rcc.o(.text)
    RCC_APB1PeriphResetCmd                   0x08002b47   Thumb Code    26  stm32f10x_rcc.o(.text)
    RCC_BackupResetCmd                       0x08002b61   Thumb Code     8  stm32f10x_rcc.o(.text)
    RCC_ClockSecuritySystemCmd               0x08002b69   Thumb Code     6  stm32f10x_rcc.o(.text)
    RCC_MCOConfig                            0x08002b6f   Thumb Code     6  stm32f10x_rcc.o(.text)
    RCC_ClearFlag                            0x08002b75   Thumb Code    14  stm32f10x_rcc.o(.text)
    RCC_GetITStatus                          0x08002b83   Thumb Code    20  stm32f10x_rcc.o(.text)
    RCC_ClearITPendingBit                    0x08002b97   Thumb Code     6  stm32f10x_rcc.o(.text)
    TIM_DeInit                               0x08002bc1   Thumb Code   424  stm32f10x_tim.o(.text)
    TIM_TimeBaseInit                         0x08002d69   Thumb Code   122  stm32f10x_tim.o(.text)
    TIM_OC1Init                              0x08002de3   Thumb Code   132  stm32f10x_tim.o(.text)
    TIM_OC2Init                              0x08002e67   Thumb Code   154  stm32f10x_tim.o(.text)
    TIM_OC3Init                              0x08002f01   Thumb Code   150  stm32f10x_tim.o(.text)
    TIM_OC4Init                              0x08002f97   Thumb Code   182  stm32f10x_tim.o(.text)
    TIM_SetIC4Prescaler                      0x0800304d   Thumb Code    26  stm32f10x_tim.o(.text)
    TIM_SetIC3Prescaler                      0x080030e9   Thumb Code    18  stm32f10x_tim.o(.text)
    TIM_SetIC2Prescaler                      0x08003175   Thumb Code    26  stm32f10x_tim.o(.text)
    TIM_SetIC1Prescaler                      0x08003211   Thumb Code    18  stm32f10x_tim.o(.text)
    TIM_ICInit                               0x0800328f   Thumb Code   150  stm32f10x_tim.o(.text)
    TIM_PWMIConfig                           0x08003325   Thumb Code   124  stm32f10x_tim.o(.text)
    TIM_BDTRConfig                           0x080033a1   Thumb Code    32  stm32f10x_tim.o(.text)
    TIM_TimeBaseStructInit                   0x080033c1   Thumb Code    18  stm32f10x_tim.o(.text)
    TIM_OCStructInit                         0x080033d3   Thumb Code    20  stm32f10x_tim.o(.text)
    TIM_ICStructInit                         0x080033e7   Thumb Code    18  stm32f10x_tim.o(.text)
    TIM_BDTRStructInit                       0x080033f9   Thumb Code    40  stm32f10x_tim.o(.text)
    TIM_Cmd                                  0x08003421   Thumb Code    24  stm32f10x_tim.o(.text)
    TIM_CtrlPWMOutputs                       0x08003439   Thumb Code    30  stm32f10x_tim.o(.text)
    TIM_ITConfig                             0x08003457   Thumb Code    18  stm32f10x_tim.o(.text)
    TIM_GenerateEvent                        0x08003469   Thumb Code     4  stm32f10x_tim.o(.text)
    TIM_DMAConfig                            0x0800346d   Thumb Code    10  stm32f10x_tim.o(.text)
    TIM_DMACmd                               0x08003477   Thumb Code    18  stm32f10x_tim.o(.text)
    TIM_InternalClockConfig                  0x08003489   Thumb Code    12  stm32f10x_tim.o(.text)
    TIM_SelectInputTrigger                   0x08003495   Thumb Code    18  stm32f10x_tim.o(.text)
    TIM_ITRxExternalClockConfig              0x080034a7   Thumb Code    24  stm32f10x_tim.o(.text)
    TIM_TIxExternalClockConfig               0x080034bf   Thumb Code    62  stm32f10x_tim.o(.text)
    TIM_ETRConfig                            0x080034fd   Thumb Code    28  stm32f10x_tim.o(.text)
    TIM_ETRClockMode1Config                  0x08003519   Thumb Code    54  stm32f10x_tim.o(.text)
    TIM_ETRClockMode2Config                  0x0800354f   Thumb Code    32  stm32f10x_tim.o(.text)
    TIM_PrescalerConfig                      0x0800356f   Thumb Code     6  stm32f10x_tim.o(.text)
    TIM_CounterModeConfig                    0x08003575   Thumb Code    18  stm32f10x_tim.o(.text)
    TIM_EncoderInterfaceConfig               0x08003587   Thumb Code    66  stm32f10x_tim.o(.text)
    TIM_ForcedOC1Config                      0x080035c9   Thumb Code    18  stm32f10x_tim.o(.text)
    TIM_ForcedOC2Config                      0x080035db   Thumb Code    26  stm32f10x_tim.o(.text)
    TIM_ForcedOC3Config                      0x080035f5   Thumb Code    18  stm32f10x_tim.o(.text)
    TIM_ForcedOC4Config                      0x08003607   Thumb Code    26  stm32f10x_tim.o(.text)
    TIM_ARRPreloadConfig                     0x08003621   Thumb Code    24  stm32f10x_tim.o(.text)
    TIM_SelectCOM                            0x08003639   Thumb Code    24  stm32f10x_tim.o(.text)
    TIM_SelectCCDMA                          0x08003651   Thumb Code    24  stm32f10x_tim.o(.text)
    TIM_CCPreloadControl                     0x08003669   Thumb Code    24  stm32f10x_tim.o(.text)
    TIM_OC1PreloadConfig                     0x08003681   Thumb Code    18  stm32f10x_tim.o(.text)
    TIM_OC2PreloadConfig                     0x08003693   Thumb Code    26  stm32f10x_tim.o(.text)
    TIM_OC3PreloadConfig                     0x080036ad   Thumb Code    18  stm32f10x_tim.o(.text)
    TIM_OC4PreloadConfig                     0x080036bf   Thumb Code    26  stm32f10x_tim.o(.text)
    TIM_OC1FastConfig                        0x080036d9   Thumb Code    18  stm32f10x_tim.o(.text)
    TIM_OC2FastConfig                        0x080036eb   Thumb Code    26  stm32f10x_tim.o(.text)
    TIM_OC3FastConfig                        0x08003705   Thumb Code    18  stm32f10x_tim.o(.text)
    TIM_OC4FastConfig                        0x08003717   Thumb Code    26  stm32f10x_tim.o(.text)
    TIM_ClearOC1Ref                          0x08003731   Thumb Code    18  stm32f10x_tim.o(.text)
    TIM_ClearOC2Ref                          0x08003743   Thumb Code    24  stm32f10x_tim.o(.text)
    TIM_ClearOC3Ref                          0x0800375b   Thumb Code    18  stm32f10x_tim.o(.text)
    TIM_ClearOC4Ref                          0x0800376d   Thumb Code    24  stm32f10x_tim.o(.text)
    TIM_OC1PolarityConfig                    0x08003785   Thumb Code    18  stm32f10x_tim.o(.text)
    TIM_OC1NPolarityConfig                   0x08003797   Thumb Code    18  stm32f10x_tim.o(.text)
    TIM_OC2PolarityConfig                    0x080037a9   Thumb Code    26  stm32f10x_tim.o(.text)
    TIM_OC2NPolarityConfig                   0x080037c3   Thumb Code    26  stm32f10x_tim.o(.text)
    TIM_OC3PolarityConfig                    0x080037dd   Thumb Code    26  stm32f10x_tim.o(.text)
    TIM_OC3NPolarityConfig                   0x080037f7   Thumb Code    26  stm32f10x_tim.o(.text)
    TIM_OC4PolarityConfig                    0x08003811   Thumb Code    26  stm32f10x_tim.o(.text)
    TIM_CCxCmd                               0x0800382b   Thumb Code    30  stm32f10x_tim.o(.text)
    TIM_CCxNCmd                              0x08003849   Thumb Code    30  stm32f10x_tim.o(.text)
    TIM_SelectOCxM                           0x08003867   Thumb Code    82  stm32f10x_tim.o(.text)
    TIM_UpdateDisableConfig                  0x080038b9   Thumb Code    24  stm32f10x_tim.o(.text)
    TIM_UpdateRequestConfig                  0x080038d1   Thumb Code    24  stm32f10x_tim.o(.text)
    TIM_SelectHallSensor                     0x080038e9   Thumb Code    24  stm32f10x_tim.o(.text)
    TIM_SelectOnePulseMode                   0x08003901   Thumb Code    18  stm32f10x_tim.o(.text)
    TIM_SelectOutputTrigger                  0x08003913   Thumb Code    18  stm32f10x_tim.o(.text)
    TIM_SelectSlaveMode                      0x08003925   Thumb Code    18  stm32f10x_tim.o(.text)
    TIM_SelectMasterSlaveMode                0x08003937   Thumb Code    18  stm32f10x_tim.o(.text)
    TIM_SetCounter                           0x08003949   Thumb Code     4  stm32f10x_tim.o(.text)
    TIM_SetAutoreload                        0x0800394d   Thumb Code     4  stm32f10x_tim.o(.text)
    TIM_SetCompare1                          0x08003951   Thumb Code     4  stm32f10x_tim.o(.text)
    TIM_SetCompare2                          0x08003955   Thumb Code     4  stm32f10x_tim.o(.text)
    TIM_SetCompare3                          0x08003959   Thumb Code     4  stm32f10x_tim.o(.text)
    TIM_SetCompare4                          0x0800395d   Thumb Code     6  stm32f10x_tim.o(.text)
    TIM_SetClockDivision                     0x08003963   Thumb Code    18  stm32f10x_tim.o(.text)
    TIM_GetCapture1                          0x08003975   Thumb Code     6  stm32f10x_tim.o(.text)
    TIM_GetCapture2                          0x0800397b   Thumb Code     6  stm32f10x_tim.o(.text)
    TIM_GetCapture3                          0x08003981   Thumb Code     6  stm32f10x_tim.o(.text)
    TIM_GetCapture4                          0x08003987   Thumb Code     8  stm32f10x_tim.o(.text)
    TIM_GetCounter                           0x0800398f   Thumb Code     6  stm32f10x_tim.o(.text)
    TIM_GetPrescaler                         0x08003995   Thumb Code     6  stm32f10x_tim.o(.text)
    TIM_GetFlagStatus                        0x0800399b   Thumb Code    18  stm32f10x_tim.o(.text)
    TIM_ClearFlag                            0x080039ad   Thumb Code     6  stm32f10x_tim.o(.text)
    TIM_GetITStatus                          0x080039b3   Thumb Code    34  stm32f10x_tim.o(.text)
    TIM_ClearITPendingBit                    0x080039d5   Thumb Code     6  stm32f10x_tim.o(.text)
    USART_DeInit                             0x080039dd   Thumb Code   134  stm32f10x_usart.o(.text)
    USART_Init                               0x08003a63   Thumb Code   210  stm32f10x_usart.o(.text)
    USART_StructInit                         0x08003b35   Thumb Code    24  stm32f10x_usart.o(.text)
    USART_ClockInit                          0x08003b4d   Thumb Code    34  stm32f10x_usart.o(.text)
    USART_ClockStructInit                    0x08003b6f   Thumb Code    12  stm32f10x_usart.o(.text)
    USART_Cmd                                0x08003b7b   Thumb Code    24  stm32f10x_usart.o(.text)
    USART_ITConfig                           0x08003b93   Thumb Code    74  stm32f10x_usart.o(.text)
    USART_DMACmd                             0x08003bdd   Thumb Code    18  stm32f10x_usart.o(.text)
    USART_SetAddress                         0x08003bef   Thumb Code    18  stm32f10x_usart.o(.text)
    USART_WakeUpConfig                       0x08003c01   Thumb Code    18  stm32f10x_usart.o(.text)
    USART_ReceiverWakeUpCmd                  0x08003c13   Thumb Code    24  stm32f10x_usart.o(.text)
    USART_LINBreakDetectLengthConfig         0x08003c2b   Thumb Code    18  stm32f10x_usart.o(.text)
    USART_LINCmd                             0x08003c3d   Thumb Code    24  stm32f10x_usart.o(.text)
    USART_SendData                           0x08003c55   Thumb Code     8  stm32f10x_usart.o(.text)
    USART_ReceiveData                        0x08003c5d   Thumb Code    10  stm32f10x_usart.o(.text)
    USART_SendBreak                          0x08003c67   Thumb Code    10  stm32f10x_usart.o(.text)
    USART_SetGuardTime                       0x08003c71   Thumb Code    16  stm32f10x_usart.o(.text)
    USART_SetPrescaler                       0x08003c81   Thumb Code    16  stm32f10x_usart.o(.text)
    USART_SmartCardCmd                       0x08003c91   Thumb Code    24  stm32f10x_usart.o(.text)
    USART_SmartCardNACKCmd                   0x08003ca9   Thumb Code    24  stm32f10x_usart.o(.text)
    USART_HalfDuplexCmd                      0x08003cc1   Thumb Code    24  stm32f10x_usart.o(.text)
    USART_OverSampling8Cmd                   0x08003cd9   Thumb Code    22  stm32f10x_usart.o(.text)
    USART_OneBitMethodCmd                    0x08003cef   Thumb Code    24  stm32f10x_usart.o(.text)
    USART_IrDAConfig                         0x08003d07   Thumb Code    18  stm32f10x_usart.o(.text)
    USART_IrDACmd                            0x08003d19   Thumb Code    24  stm32f10x_usart.o(.text)
    USART_GetFlagStatus                      0x08003d31   Thumb Code    26  stm32f10x_usart.o(.text)
    USART_ClearFlag                          0x08003d4b   Thumb Code    18  stm32f10x_usart.o(.text)
    USART_GetITStatus                        0x08003d5d   Thumb Code    84  stm32f10x_usart.o(.text)
    USART_ClearITPendingBit                  0x08003db1   Thumb Code    52  stm32f10x_usart.o(.text)
    ADC_DeInit                               0x08003de5   Thumb Code    78  stm32f10x_adc.o(.text)
    ADC_Init                                 0x08003e33   Thumb Code    70  stm32f10x_adc.o(.text)
    ADC_StructInit                           0x08003e79   Thumb Code    18  stm32f10x_adc.o(.text)
    ADC_Cmd                                  0x08003e8b   Thumb Code    22  stm32f10x_adc.o(.text)
    ADC_DMACmd                               0x08003ea1   Thumb Code    22  stm32f10x_adc.o(.text)
    ADC_ITConfig                             0x08003eb7   Thumb Code    24  stm32f10x_adc.o(.text)
    ADC_ResetCalibration                     0x08003ecf   Thumb Code    10  stm32f10x_adc.o(.text)
    ADC_GetResetCalibrationStatus            0x08003ed9   Thumb Code    20  stm32f10x_adc.o(.text)
    ADC_StartCalibration                     0x08003eed   Thumb Code    10  stm32f10x_adc.o(.text)
    ADC_GetCalibrationStatus                 0x08003ef7   Thumb Code    20  stm32f10x_adc.o(.text)
    ADC_SoftwareStartConvCmd                 0x08003f0b   Thumb Code    22  stm32f10x_adc.o(.text)
    ADC_GetSoftwareStartConvStatus           0x08003f21   Thumb Code    20  stm32f10x_adc.o(.text)
    ADC_DiscModeChannelCountConfig           0x08003f35   Thumb Code    24  stm32f10x_adc.o(.text)
    ADC_DiscModeCmd                          0x08003f4d   Thumb Code    22  stm32f10x_adc.o(.text)
    ADC_RegularChannelConfig                 0x08003f63   Thumb Code   184  stm32f10x_adc.o(.text)
    ADC_ExternalTrigConvCmd                  0x0800401b   Thumb Code    22  stm32f10x_adc.o(.text)
    ADC_GetConversionValue                   0x08004031   Thumb Code     8  stm32f10x_adc.o(.text)
    ADC_GetDualModeConversionValue           0x08004039   Thumb Code     8  stm32f10x_adc.o(.text)
    ADC_AutoInjectedConvCmd                  0x08004041   Thumb Code    22  stm32f10x_adc.o(.text)
    ADC_InjectedDiscModeCmd                  0x08004057   Thumb Code    22  stm32f10x_adc.o(.text)
    ADC_ExternalTrigInjectedConvConfig       0x0800406d   Thumb Code    16  stm32f10x_adc.o(.text)
    ADC_ExternalTrigInjectedConvCmd          0x0800407d   Thumb Code    22  stm32f10x_adc.o(.text)
    ADC_SoftwareStartInjectedConvCmd         0x08004093   Thumb Code    22  stm32f10x_adc.o(.text)
    ADC_GetSoftwareStartInjectedConvCmdStatus 0x080040a9   Thumb Code    20  stm32f10x_adc.o(.text)
    ADC_InjectedChannelConfig                0x080040bd   Thumb Code   130  stm32f10x_adc.o(.text)
    ADC_InjectedSequencerLengthConfig        0x0800413f   Thumb Code    24  stm32f10x_adc.o(.text)
    ADC_SetInjectedOffset                    0x08004157   Thumb Code    20  stm32f10x_adc.o(.text)
    ADC_GetInjectedConversionValue           0x0800416b   Thumb Code    28  stm32f10x_adc.o(.text)
    ADC_AnalogWatchdogCmd                    0x08004187   Thumb Code    16  stm32f10x_adc.o(.text)
    ADC_AnalogWatchdogThresholdsConfig       0x08004197   Thumb Code     6  stm32f10x_adc.o(.text)
    ADC_AnalogWatchdogSingleChannelConfig    0x0800419d   Thumb Code    16  stm32f10x_adc.o(.text)
    ADC_TempSensorVrefintCmd                 0x080041ad   Thumb Code    64  stm32f10x_adc.o(.text)
    ADC_GetFlagStatus                        0x080041ed   Thumb Code    18  stm32f10x_adc.o(.text)
    ADC_ClearFlag                            0x080041ff   Thumb Code     6  stm32f10x_adc.o(.text)
    ADC_GetITStatus                          0x08004205   Thumb Code    36  stm32f10x_adc.o(.text)
    ADC_ClearITPendingBit                    0x08004229   Thumb Code    10  stm32f10x_adc.o(.text)
    DMA_DeInit                               0x08004235   Thumb Code   324  stm32f10x_dma.o(.text)
    DMA_Init                                 0x08004379   Thumb Code    60  stm32f10x_dma.o(.text)
    DMA_StructInit                           0x080043b5   Thumb Code    26  stm32f10x_dma.o(.text)
    DMA_Cmd                                  0x080043cf   Thumb Code    24  stm32f10x_dma.o(.text)
    DMA_ITConfig                             0x080043e7   Thumb Code    18  stm32f10x_dma.o(.text)
    DMA_SetCurrDataCounter                   0x080043f9   Thumb Code     4  stm32f10x_dma.o(.text)
    DMA_GetCurrDataCounter                   0x080043fd   Thumb Code     8  stm32f10x_dma.o(.text)
    DMA_GetFlagStatus                        0x08004405   Thumb Code    40  stm32f10x_dma.o(.text)
    DMA_ClearFlag                            0x0800442d   Thumb Code    22  stm32f10x_dma.o(.text)
    DMA_GetITStatus                          0x08004443   Thumb Code    40  stm32f10x_dma.o(.text)
    DMA_ClearITPendingBit                    0x0800446b   Thumb Code    22  stm32f10x_dma.o(.text)
    EXTI_DeInit                              0x08004489   Thumb Code    28  stm32f10x_exti.o(.text)
    EXTI_Init                                0x080044a5   Thumb Code   142  stm32f10x_exti.o(.text)
    EXTI_StructInit                          0x08004533   Thumb Code    16  stm32f10x_exti.o(.text)
    EXTI_GenerateSWInterrupt                 0x08004543   Thumb Code    16  stm32f10x_exti.o(.text)
    EXTI_GetFlagStatus                       0x08004553   Thumb Code    22  stm32f10x_exti.o(.text)
    EXTI_ClearFlag                           0x08004569   Thumb Code     8  stm32f10x_exti.o(.text)
    EXTI_GetITStatus                         0x08004571   Thumb Code    34  stm32f10x_exti.o(.text)
    EXTI_ClearITPendingBit                   0x08004593   Thumb Code     8  stm32f10x_exti.o(.text)
    SPI_I2S_DeInit                           0x080045a5   Thumb Code    76  stm32f10x_spi.o(.text)
    SPI_Init                                 0x080045f1   Thumb Code    60  stm32f10x_spi.o(.text)
    I2S_Init                                 0x0800462d   Thumb Code   226  stm32f10x_spi.o(.text)
    SPI_StructInit                           0x0800470f   Thumb Code    24  stm32f10x_spi.o(.text)
    I2S_StructInit                           0x08004727   Thumb Code    20  stm32f10x_spi.o(.text)
    SPI_Cmd                                  0x0800473b   Thumb Code    24  stm32f10x_spi.o(.text)
    I2S_Cmd                                  0x08004753   Thumb Code    24  stm32f10x_spi.o(.text)
    SPI_I2S_ITConfig                         0x0800476b   Thumb Code    32  stm32f10x_spi.o(.text)
    SPI_I2S_DMACmd                           0x0800478b   Thumb Code    18  stm32f10x_spi.o(.text)
    SPI_I2S_SendData                         0x0800479d   Thumb Code     4  stm32f10x_spi.o(.text)
    SPI_I2S_ReceiveData                      0x080047a1   Thumb Code     6  stm32f10x_spi.o(.text)
    SPI_NSSInternalSoftwareConfig            0x080047a7   Thumb Code    30  stm32f10x_spi.o(.text)
    SPI_SSOutputCmd                          0x080047c5   Thumb Code    24  stm32f10x_spi.o(.text)
    SPI_DataSizeConfig                       0x080047dd   Thumb Code    18  stm32f10x_spi.o(.text)
    SPI_TransmitCRC                          0x080047ef   Thumb Code    10  stm32f10x_spi.o(.text)
    SPI_CalculateCRC                         0x080047f9   Thumb Code    24  stm32f10x_spi.o(.text)
    SPI_GetCRC                               0x08004811   Thumb Code    16  stm32f10x_spi.o(.text)
    SPI_GetCRCPolynomial                     0x08004821   Thumb Code     6  stm32f10x_spi.o(.text)
    SPI_BiDirectionalLineConfig              0x08004827   Thumb Code    28  stm32f10x_spi.o(.text)
    SPI_I2S_GetFlagStatus                    0x08004843   Thumb Code    18  stm32f10x_spi.o(.text)
    SPI_I2S_ClearFlag                        0x08004855   Thumb Code     6  stm32f10x_spi.o(.text)
    SPI_I2S_GetITStatus                      0x0800485b   Thumb Code    52  stm32f10x_spi.o(.text)
    SPI_I2S_ClearITPendingBit                0x0800488f   Thumb Code    20  stm32f10x_spi.o(.text)
    DAC_DeInit                               0x080048b1   Thumb Code    22  stm32f10x_dac.o(.text)
    DAC_Init                                 0x080048c7   Thumb Code    46  stm32f10x_dac.o(.text)
    DAC_StructInit                           0x080048f5   Thumb Code    12  stm32f10x_dac.o(.text)
    DAC_Cmd                                  0x08004901   Thumb Code    34  stm32f10x_dac.o(.text)
    DAC_DMACmd                               0x08004923   Thumb Code    38  stm32f10x_dac.o(.text)
    DAC_SoftwareTriggerCmd                   0x08004949   Thumb Code    48  stm32f10x_dac.o(.text)
    DAC_DualSoftwareTriggerCmd               0x08004979   Thumb Code    38  stm32f10x_dac.o(.text)
    DAC_WaveGenerationCmd                    0x0800499f   Thumb Code    36  stm32f10x_dac.o(.text)
    DAC_SetChannel1Data                      0x080049c3   Thumb Code    26  stm32f10x_dac.o(.text)
    DAC_SetChannel2Data                      0x080049dd   Thumb Code    26  stm32f10x_dac.o(.text)
    DAC_SetDualChannelData                   0x080049f7   Thumb Code    32  stm32f10x_dac.o(.text)
    DAC_GetDataOutputValue                   0x08004a17   Thumb Code    32  stm32f10x_dac.o(.text)
    __use_no_semihosting                     0x08004a3d   Thumb Code     2  use_no_semi_2.o(.text)
    __2sprintf                               0x08004a41   Thumb Code    34  noretval__2sprintf.o(.text)
    _printf_pre_padding                      0x08004a69   Thumb Code    44  _printf_pad.o(.text)
    _printf_post_padding                     0x08004a95   Thumb Code    34  _printf_pad.o(.text)
    _printf_int_dec                          0x08004ab9   Thumb Code   104  _printf_dec.o(.text)
    __printf                                 0x08004b31   Thumb Code   270  __printf_wp.o(.text)
    __aeabi_memclr4                          0x08004c3f   Thumb Code     0  rt_memclr_w.o(.text)
    __aeabi_memclr8                          0x08004c3f   Thumb Code     0  rt_memclr_w.o(.text)
    __rt_memclr_w                            0x08004c3f   Thumb Code    78  rt_memclr_w.o(.text)
    _memset_w                                0x08004c43   Thumb Code     0  rt_memclr_w.o(.text)
    __use_two_region_memory                  0x08004c8d   Thumb Code     2  heapauxi.o(.text)
    __rt_heap_escrow$2region                 0x08004c8f   Thumb Code     2  heapauxi.o(.text)
    __rt_heap_expand$2region                 0x08004c91   Thumb Code     2  heapauxi.o(.text)
    __I$use$semihosting                      0x08004c93   Thumb Code     0  use_no_semi.o(.text)
    __use_no_semihosting_swi                 0x08004c93   Thumb Code     2  use_no_semi.o(.text)
    _printf_int_common                       0x08004c95   Thumb Code   178  _printf_intcommon.o(.text)
    _printf_char_common                      0x08004d53   Thumb Code    32  _printf_char_common.o(.text)
    _sputc                                   0x08004d79   Thumb Code    10  _sputc.o(.text)
    __user_setup_stackheap                   0x08004d83   Thumb Code    74  sys_stackheap_outer.o(.text)
    exit                                     0x08004dcd   Thumb Code    18  exit.o(.text)
    __user_libspace                          0x08004de1   Thumb Code     8  libspace.o(.text)
    __user_perproc_libspace                  0x08004de1   Thumb Code     0  libspace.o(.text)
    __user_perthread_libspace                0x08004de1   Thumb Code     0  libspace.o(.text)
    _is_digit                                0x08004de9   Thumb Code    14  __printf_wp.o(i._is_digit)
    __aeabi_d2f                              0x08004df9   Thumb Code     0  d2f.o(x$fpl$d2f)
    _d2f                                     0x08004df9   Thumb Code    98  d2f.o(x$fpl$d2f)
    __aeabi_ddiv                             0x08004e5d   Thumb Code     0  ddiv.o(x$fpl$ddiv)
    _ddiv                                    0x08004e5d   Thumb Code   552  ddiv.o(x$fpl$ddiv)
    __aeabi_d2uiz                            0x0800510d   Thumb Code     0  dfixu.o(x$fpl$dfixu)
    _dfixu                                   0x0800510d   Thumb Code    90  dfixu.o(x$fpl$dfixu)
    __aeabi_ui2d                             0x08005167   Thumb Code     0  dflt_clz.o(x$fpl$dfltu)
    _dfltu                                   0x08005167   Thumb Code    38  dflt_clz.o(x$fpl$dfltu)
    __aeabi_dmul                             0x0800518d   Thumb Code     0  dmul.o(x$fpl$dmul)
    _dmul                                    0x0800518d   Thumb Code   332  dmul.o(x$fpl$dmul)
    __fpl_dnaninf                            0x080052e1   Thumb Code   156  dnaninf.o(x$fpl$dnaninf)
    __fpl_dretinf                            0x0800537d   Thumb Code    12  dretinf.o(x$fpl$dretinf)
    __aeabi_f2d                              0x08005389   Thumb Code     0  f2d.o(x$fpl$f2d)
    _f2d                                     0x08005389   Thumb Code    86  f2d.o(x$fpl$f2d)
    __aeabi_fadd                             0x080053e1   Thumb Code     0  faddsub_clz.o(x$fpl$fadd)
    _fadd                                    0x080053e1   Thumb Code   196  faddsub_clz.o(x$fpl$fadd)
    __aeabi_fdiv                             0x080054a5   Thumb Code     0  fdiv.o(x$fpl$fdiv)
    _fdiv                                    0x080054a5   Thumb Code   384  fdiv.o(x$fpl$fdiv)
    __aeabi_f2uiz                            0x08005629   Thumb Code     0  ffixu.o(x$fpl$ffixu)
    _ffixu                                   0x08005629   Thumb Code    62  ffixu.o(x$fpl$ffixu)
    __aeabi_ui2f                             0x08005669   Thumb Code     0  fflt_clz.o(x$fpl$ffltu)
    _ffltu                                   0x08005669   Thumb Code    38  fflt_clz.o(x$fpl$ffltu)
    __aeabi_fmul                             0x08005691   Thumb Code     0  fmul.o(x$fpl$fmul)
    _fmul                                    0x08005691   Thumb Code   258  fmul.o(x$fpl$fmul)
    __fpl_fnaninf                            0x08005793   Thumb Code   140  fnaninf.o(x$fpl$fnaninf)
    __fpl_fretinf                            0x0800581f   Thumb Code    10  fretinf.o(x$fpl$fretinf)
    __aeabi_frsub                            0x08005829   Thumb Code     0  faddsub_clz.o(x$fpl$frsb)
    _frsb                                    0x08005829   Thumb Code    20  faddsub_clz.o(x$fpl$frsb)
    __aeabi_fsub                             0x0800583d   Thumb Code     0  faddsub_clz.o(x$fpl$fsub)
    _fsub                                    0x0800583d   Thumb Code   234  faddsub_clz.o(x$fpl$fsub)
    __I$use$fp                               0x08005926   Number         0  usenofp.o(x$fpl$usenofp)
    asc2_1206                                0x08005926   Data        1140  oled4piniic.o(.constdata)
    asc2_1608                                0x08005d9a   Data        1520  oled4piniic.o(.constdata)
    asc2_2412                                0x0800638a   Data        3420  oled4piniic.o(.constdata)
    CHS_1616                                 0x080070e6   Data          96  oled4piniic.o(.constdata)
    OLED_init_cmd                            0x08007146   Data          25  oled4piniic.o(.constdata)
    Region$$Table$$Base                      0x08007160   Number         0  anon$$obj.o(Region$$Table)
    Region$$Table$$Limit                     0x08007180   Number         0  anon$$obj.o(Region$$Table)
    u8DispBuf                                0x20000000   Data           5  main.o(.data)
    value                                    0x20000005   Data           5  main.o(.data)
    u16ADCOK                                 0x2000000a   Data           2  main.o(.data)
    u16DacVal                                0x2000000c   Data           2  main.o(.data)
    lightADC                                 0x2000000e   Data           2  main.o(.data)
    light                                    0x20000010   Data           2  main.o(.data)
    ard                                      0x20000012   Data           2  main.o(.data)
    time                                     0x20000014   Data           2  main.o(.data)
    buff                                     0x20000016   Data           4  main.o(.data)
    SystemCoreClock                          0x2000001c   Data           4  system_stm32f10x.o(.data)
    AHBPrescTable                            0x20000020   Data          16  system_stm32f10x.o(.data)
    __stdout                                 0x20000038   Data           4  usart.o(.data)
    USART_RX_STA                             0x2000003c   Data           2  usart.o(.data)
    u16ADCConvertedValue                     0x20000054   Data         128  main.o(.bss)
    temp                                     0x200000d4   Data          64  main.o(.bss)
    OLED_GRAM                                0x20000114   Data        1024  oled4piniic.o(.bss)
    USART_RX_BUF                             0x20000514   Data         200  usart.o(.bss)
    __libspace_start                         0x200005dc   Data          96  libspace.o(.bss)
    __temporary_stack_top$libspace           0x2000063c   Data           0  libspace.o(.bss)



==============================================================================

Memory Map of the image

  Image Entry point : 0x08000131

  Load Region LR_IROM1 (Base: 0x08000000, Size: 0x000071d4, Max: 0x00080000, ABSOLUTE)

    Execution Region ER_IROM1 (Base: 0x08000000, Size: 0x00007180, Max: 0x00080000, ABSOLUTE)

    Base Addr    Size         Type   Attr      Idx    E Section Name        Object

    0x08000000   0x00000130   Data   RO          463    RESET               startup_stm32f10x_hd.o
    0x08000130   0x00000008   Code   RO          800  * !!!main             c_w.l(__main.o)
    0x08000138   0x00000034   Code   RO         1021    !!!scatter          c_w.l(__scatter.o)
    0x0800016c   0x0000001a   Code   RO         1023    !!handler_copy      c_w.l(__scatter_copy.o)
    0x08000186   0x00000002   PAD
    0x08000188   0x0000001c   Code   RO         1025    !!handler_zi        c_w.l(__scatter_zi.o)
    0x080001a4   0x00000000   Code   RO          795    .ARM.Collect$$_printf_percent$$00000000  c_w.l(_printf_percent.o)
    0x080001a4   0x00000006   Code   RO          794    .ARM.Collect$$_printf_percent$$00000009  c_w.l(_printf_d.o)
    0x080001aa   0x00000004   Code   RO          855    .ARM.Collect$$_printf_percent$$00000017  c_w.l(_printf_percent_end.o)
    0x080001ae   0x00000002   Code   RO          895    .ARM.Collect$$libinit$$00000000  c_w.l(libinit.o)
    0x080001b0   0x00000000   Code   RO          902    .ARM.Collect$$libinit$$00000002  c_w.l(libinit2.o)
    0x080001b0   0x00000000   Code   RO          904    .ARM.Collect$$libinit$$00000004  c_w.l(libinit2.o)
    0x080001b0   0x00000000   Code   RO          907    .ARM.Collect$$libinit$$0000000A  c_w.l(libinit2.o)
    0x080001b0   0x00000000   Code   RO          909    .ARM.Collect$$libinit$$0000000C  c_w.l(libinit2.o)
    0x080001b0   0x00000000   Code   RO          911    .ARM.Collect$$libinit$$0000000E  c_w.l(libinit2.o)
    0x080001b0   0x00000000   Code   RO          914    .ARM.Collect$$libinit$$00000011  c_w.l(libinit2.o)
    0x080001b0   0x00000000   Code   RO          916    .ARM.Collect$$libinit$$00000013  c_w.l(libinit2.o)
    0x080001b0   0x00000000   Code   RO          918    .ARM.Collect$$libinit$$00000015  c_w.l(libinit2.o)
    0x080001b0   0x00000000   Code   RO          920    .ARM.Collect$$libinit$$00000017  c_w.l(libinit2.o)
    0x080001b0   0x00000000   Code   RO          922    .ARM.Collect$$libinit$$00000019  c_w.l(libinit2.o)
    0x080001b0   0x00000000   Code   RO          924    .ARM.Collect$$libinit$$0000001B  c_w.l(libinit2.o)
    0x080001b0   0x00000000   Code   RO          926    .ARM.Collect$$libinit$$0000001D  c_w.l(libinit2.o)
    0x080001b0   0x00000000   Code   RO          928    .ARM.Collect$$libinit$$0000001F  c_w.l(libinit2.o)
    0x080001b0   0x00000000   Code   RO          930    .ARM.Collect$$libinit$$00000021  c_w.l(libinit2.o)
    0x080001b0   0x00000000   Code   RO          932    .ARM.Collect$$libinit$$00000023  c_w.l(libinit2.o)
    0x080001b0   0x00000000   Code   RO          934    .ARM.Collect$$libinit$$00000025  c_w.l(libinit2.o)
    0x080001b0   0x00000000   Code   RO          938    .ARM.Collect$$libinit$$0000002C  c_w.l(libinit2.o)
    0x080001b0   0x00000000   Code   RO          940    .ARM.Collect$$libinit$$0000002E  c_w.l(libinit2.o)
    0x080001b0   0x00000000   Code   RO          942    .ARM.Collect$$libinit$$00000030  c_w.l(libinit2.o)
    0x080001b0   0x00000000   Code   RO          944    .ARM.Collect$$libinit$$00000032  c_w.l(libinit2.o)
    0x080001b0   0x00000002   Code   RO          945    .ARM.Collect$$libinit$$00000033  c_w.l(libinit2.o)
    0x080001b2   0x00000002   Code   RO          963    .ARM.Collect$$libshutdown$$00000000  c_w.l(libshutdown.o)
    0x080001b4   0x00000000   Code   RO          973    .ARM.Collect$$libshutdown$$00000002  c_w.l(libshutdown2.o)
    0x080001b4   0x00000000   Code   RO          975    .ARM.Collect$$libshutdown$$00000004  c_w.l(libshutdown2.o)
    0x080001b4   0x00000000   Code   RO          978    .ARM.Collect$$libshutdown$$00000007  c_w.l(libshutdown2.o)
    0x080001b4   0x00000000   Code   RO          981    .ARM.Collect$$libshutdown$$0000000A  c_w.l(libshutdown2.o)
    0x080001b4   0x00000000   Code   RO          983    .ARM.Collect$$libshutdown$$0000000C  c_w.l(libshutdown2.o)
    0x080001b4   0x00000000   Code   RO          986    .ARM.Collect$$libshutdown$$0000000F  c_w.l(libshutdown2.o)
    0x080001b4   0x00000002   Code   RO          987    .ARM.Collect$$libshutdown$$00000010  c_w.l(libshutdown2.o)
    0x080001b6   0x00000000   Code   RO          846    .ARM.Collect$$rtentry$$00000000  c_w.l(__rtentry.o)
    0x080001b6   0x00000000   Code   RO          866    .ARM.Collect$$rtentry$$00000002  c_w.l(__rtentry2.o)
    0x080001b6   0x00000006   Code   RO          878    .ARM.Collect$$rtentry$$00000004  c_w.l(__rtentry4.o)
    0x080001bc   0x00000000   Code   RO          868    .ARM.Collect$$rtentry$$00000009  c_w.l(__rtentry2.o)
    0x080001bc   0x00000004   Code   RO          869    .ARM.Collect$$rtentry$$0000000A  c_w.l(__rtentry2.o)
    0x080001c0   0x00000000   Code   RO          871    .ARM.Collect$$rtentry$$0000000C  c_w.l(__rtentry2.o)
    0x080001c0   0x00000008   Code   RO          872    .ARM.Collect$$rtentry$$0000000D  c_w.l(__rtentry2.o)
    0x080001c8   0x00000002   Code   RO          899    .ARM.Collect$$rtexit$$00000000  c_w.l(rtexit.o)
    0x080001ca   0x00000000   Code   RO          947    .ARM.Collect$$rtexit$$00000002  c_w.l(rtexit2.o)
    0x080001ca   0x00000004   Code   RO          948    .ARM.Collect$$rtexit$$00000003  c_w.l(rtexit2.o)
    0x080001ce   0x00000006   Code   RO          949    .ARM.Collect$$rtexit$$00000004  c_w.l(rtexit2.o)
    0x080001d4   0x00000520   Code   RO            1    .text               main.o
    0x080006f4   0x0000001a   Code   RO          157    .text               stm32f10x_it.o
    0x0800070e   0x00000002   PAD
    0x08000710   0x000001e0   Code   RO          198    .text               system_stm32f10x.o
    0x080008f0   0x00000554   Code   RO          228    .text               74hc595_led.o
    0x08000e44   0x00000298   Code   RO          241    .text               adc.o
    0x080010dc   0x000000c0   Code   RO          254    .text               dac.o
    0x0800119c   0x000000e4   Code   RO          266    .text               exti.o
    0x08001280   0x000000f4   Code   RO          282    .text               key.o
    0x08001374   0x0000006c   Code   RO          295    .text               led.o
    0x080013e0   0x00000230   Code   RO          307    .text               myiic.o
    0x08001610   0x00000750   Code   RO          319    .text               oled4piniic.o
    0x08001d60   0x000000fc   Code   RO          339    .text               spi.o
    0x08001e5c   0x00000124   Code   RO          351    .text               timer.o
    0x08001f80   0x000000d4   Code   RO          382    .text               delay.o
    0x08002054   0x00000140   Code   RO          413    .text               usart.o
    0x08002194   0x00000210   Code   RO          436    .text               pwm.o
    0x080023a4   0x00000040   Code   RO          464    .text               startup_stm32f10x_hd.o
    0x080023e4   0x000000dc   Code   RO          468    .text               misc.o
    0x080024c0   0x0000035c   Code   RO          480    .text               stm32f10x_gpio.o
    0x0800281c   0x000003a4   Code   RO          492    .text               stm32f10x_rcc.o
    0x08002bc0   0x00000e1a   Code   RO          506    .text               stm32f10x_tim.o
    0x080039da   0x00000002   PAD
    0x080039dc   0x00000408   Code   RO          518    .text               stm32f10x_usart.o
    0x08003de4   0x0000044e   Code   RO          530    .text               stm32f10x_adc.o
    0x08004232   0x00000002   PAD
    0x08004234   0x00000254   Code   RO          590    .text               stm32f10x_dma.o
    0x08004488   0x0000011c   Code   RO          602    .text               stm32f10x_exti.o
    0x080045a4   0x0000030c   Code   RO          698    .text               stm32f10x_spi.o
    0x080048b0   0x0000018c   Code   RO          722    .text               stm32f10x_dac.o
    0x08004a3c   0x00000002   Code   RO          736    .text               c_w.l(use_no_semi_2.o)
    0x08004a3e   0x00000002   PAD
    0x08004a40   0x00000028   Code   RO          744    .text               c_w.l(noretval__2sprintf.o)
    0x08004a68   0x0000004e   Code   RO          748    .text               c_w.l(_printf_pad.o)
    0x08004ab6   0x00000002   PAD
    0x08004ab8   0x00000078   Code   RO          750    .text               c_w.l(_printf_dec.o)
    0x08004b30   0x0000010e   Code   RO          781    .text               c_w.l(__printf_wp.o)
    0x08004c3e   0x0000004e   Code   RO          796    .text               c_w.l(rt_memclr_w.o)
    0x08004c8c   0x00000006   Code   RO          798    .text               c_w.l(heapauxi.o)
    0x08004c92   0x00000002   Code   RO          844    .text               c_w.l(use_no_semi.o)
    0x08004c94   0x000000b2   Code   RO          847    .text               c_w.l(_printf_intcommon.o)
    0x08004d46   0x00000002   PAD
    0x08004d48   0x00000030   Code   RO          849    .text               c_w.l(_printf_char_common.o)
    0x08004d78   0x0000000a   Code   RO          851    .text               c_w.l(_sputc.o)
    0x08004d82   0x0000004a   Code   RO          886    .text               c_w.l(sys_stackheap_outer.o)
    0x08004dcc   0x00000012   Code   RO          888    .text               c_w.l(exit.o)
    0x08004dde   0x00000002   PAD
    0x08004de0   0x00000008   Code   RO          896    .text               c_w.l(libspace.o)
    0x08004de8   0x0000000e   Code   RO          783    i._is_digit         c_w.l(__printf_wp.o)
    0x08004df6   0x00000002   PAD
    0x08004df8   0x00000062   Code   RO          802    x$fpl$d2f           fz_ws.l(d2f.o)
    0x08004e5a   0x00000002   PAD
    0x08004e5c   0x000002b0   Code   RO          805    x$fpl$ddiv          fz_ws.l(ddiv.o)
    0x0800510c   0x0000005a   Code   RO          808    x$fpl$dfixu         fz_ws.l(dfixu.o)
    0x08005166   0x00000026   Code   RO          812    x$fpl$dfltu         fz_ws.l(dflt_clz.o)
    0x0800518c   0x00000154   Code   RO          818    x$fpl$dmul          fz_ws.l(dmul.o)
    0x080052e0   0x0000009c   Code   RO          856    x$fpl$dnaninf       fz_ws.l(dnaninf.o)
    0x0800537c   0x0000000c   Code   RO          858    x$fpl$dretinf       fz_ws.l(dretinf.o)
    0x08005388   0x00000056   Code   RO          820    x$fpl$f2d           fz_ws.l(f2d.o)
    0x080053de   0x00000002   PAD
    0x080053e0   0x000000c4   Code   RO          822    x$fpl$fadd          fz_ws.l(faddsub_clz.o)
    0x080054a4   0x00000184   Code   RO          829    x$fpl$fdiv          fz_ws.l(fdiv.o)
    0x08005628   0x0000003e   Code   RO          832    x$fpl$ffixu         fz_ws.l(ffixu.o)
    0x08005666   0x00000002   PAD
    0x08005668   0x00000026   Code   RO          836    x$fpl$ffltu         fz_ws.l(fflt_clz.o)
    0x0800568e   0x00000002   PAD
    0x08005690   0x00000102   Code   RO          842    x$fpl$fmul          fz_ws.l(fmul.o)
    0x08005792   0x0000008c   Code   RO          860    x$fpl$fnaninf       fz_ws.l(fnaninf.o)
    0x0800581e   0x0000000a   Code   RO          862    x$fpl$fretinf       fz_ws.l(fretinf.o)
    0x08005828   0x00000014   Code   RO          823    x$fpl$frsb          fz_ws.l(faddsub_clz.o)
    0x0800583c   0x000000ea   Code   RO          824    x$fpl$fsub          fz_ws.l(faddsub_clz.o)
    0x08005926   0x00000000   Code   RO          864    x$fpl$usenofp       fz_ws.l(usenofp.o)
    0x08005926   0x00001839   Data   RO          321    .constdata          oled4piniic.o
    0x0800715f   0x00000001   PAD
    0x08007160   0x00000020   Data   RO         1019    Region$$Table       anon$$obj.o


    Execution Region RW_IRAM1 (Base: 0x20000000, Size: 0x00000c40, Max: 0x00010000, ABSOLUTE)

    Base Addr    Size         Type   Attr      Idx    E Section Name        Object

    0x20000000   0x0000001a   Data   RW            4    .data               main.o
    0x2000001a   0x00000002   PAD
    0x2000001c   0x00000014   Data   RW          199    .data               system_stm32f10x.o
    0x20000030   0x00000001   Data   RW          283    .data               key.o
    0x20000031   0x00000001   PAD
    0x20000032   0x00000004   Data   RW          383    .data               delay.o
    0x20000036   0x00000002   PAD
    0x20000038   0x00000006   Data   RW          415    .data               usart.o
    0x2000003e   0x00000014   Data   RW          493    .data               stm32f10x_rcc.o
    0x20000052   0x00000002   PAD
    0x20000054   0x000000c0   Zero   RW            2    .bss                main.o
    0x20000114   0x00000400   Zero   RW          320    .bss                oled4piniic.o
    0x20000514   0x000000c8   Zero   RW          414    .bss                usart.o
    0x200005dc   0x00000060   Zero   RW          897    .bss                c_w.l(libspace.o)
    0x2000063c   0x00000004   PAD
    0x20000640   0x00000200   Zero   RW          462    HEAP                startup_stm32f10x_hd.o
    0x20000840   0x00000400   Zero   RW          461    STACK               startup_stm32f10x_hd.o


==============================================================================

Image component sizes


      Code (inc. data)   RO Data    RW Data    ZI Data      Debug   Object Name

      1364        156          0          0          0       2553   74hc595_led.o
       664         26          0          0          0       2079   adc.o
       192         16          0          0          0        765   dac.o
       212         18          0          4          0        999   delay.o
       228          0          0          0          0        625   exti.o
       244         14          0          1          0        816   key.o
       108         14          0          0          0        487   led.o
      1312        138          0         26        192     289239   main.o
       220         22          0          0          0       1757   misc.o
       560         14          0          0          0       1824   myiic.o
      1872         36       6201          0       1024       8866   oled4piniic.o
       528         14          0          0          0       2558   pwm.o
       252          8          0          0          0       1017   spi.o
        64         26        304          0       1536        780   startup_stm32f10x_hd.o
      1102         26          0          0          0      11001   stm32f10x_adc.o
       396          6          0          0          0       3618   stm32f10x_dac.o
       596          8          0          0          0       4322   stm32f10x_dma.o
       284         10          0          0          0       2215   stm32f10x_exti.o
       860         38          0          0          0       5689   stm32f10x_gpio.o
        26          0          0          0          0       1158   stm32f10x_it.o
       932         36          0         20          0       8848   stm32f10x_rcc.o
       780         14          0          0          0       6574   stm32f10x_spi.o
      3610         88          0          0          0      22800   stm32f10x_tim.o
      1032         22          0          0          0       8416   stm32f10x_usart.o
         0          0          0          0          0         32   sys.o
       480         38          0         20          0       1671   system_stm32f10x.o
       292          8          0          0          0       1572   timer.o
       320         16          0          6        200       3110   usart.o

    ----------------------------------------------------------------------
     18536        812       6538         84       2952     395391   Object Totals
         0          0         32          0          0          0   (incl. Generated)
         6          0          1          7          0          0   (incl. Padding)

    ----------------------------------------------------------------------

      Code (inc. data)   RO Data    RW Data    ZI Data      Debug   Library Member Name

         8          0          0          0          0         68   __main.o
       284          0          0          0          0        156   __printf_wp.o
         0          0          0          0          0          0   __rtentry.o
        12          0          0          0          0          0   __rtentry2.o
         6          0          0          0          0          0   __rtentry4.o
        52          8          0          0          0          0   __scatter.o
        26          0          0          0          0          0   __scatter_copy.o
        28          0          0          0          0          0   __scatter_zi.o
        48          6          0          0          0         96   _printf_char_common.o
         6          0          0          0          0          0   _printf_d.o
       120         16          0          0          0         92   _printf_dec.o
       178          0          0          0          0         88   _printf_intcommon.o
        78          0          0          0          0        108   _printf_pad.o
         0          0          0          0          0          0   _printf_percent.o
         4          0          0          0          0          0   _printf_percent_end.o
        10          0          0          0          0         68   _sputc.o
        18          0          0          0          0         80   exit.o
         6          0          0          0          0        152   heapauxi.o
         2          0          0          0          0          0   libinit.o
         2          0          0          0          0          0   libinit2.o
         2          0          0          0          0          0   libshutdown.o
         2          0          0          0          0          0   libshutdown2.o
         8          4          0          0         96         68   libspace.o
        40          6          0          0          0         84   noretval__2sprintf.o
        78          0          0          0          0         80   rt_memclr_w.o
         2          0          0          0          0          0   rtexit.o
        10          0          0          0          0          0   rtexit2.o
        74          0          0          0          0         80   sys_stackheap_outer.o
         2          0          0          0          0         68   use_no_semi.o
         2          0          0          0          0         68   use_no_semi_2.o
        98          4          0          0          0         92   d2f.o
       688        140          0          0          0        208   ddiv.o
        90          4          0          0          0         92   dfixu.o
        38          0          0          0          0         68   dflt_clz.o
       340         12          0          0          0        104   dmul.o
       156          4          0          0          0         92   dnaninf.o
        12          0          0          0          0         68   dretinf.o
        86          4          0          0          0         84   f2d.o
       450          8          0          0          0        236   faddsub_clz.o
       388         76          0          0          0         96   fdiv.o
        62          4          0          0          0         84   ffixu.o
        38          0          0          0          0         68   fflt_clz.o
       258          4          0          0          0         84   fmul.o
       140          4          0          0          0         84   fnaninf.o
        10          0          0          0          0         68   fretinf.o
         0          0          0          0          0          0   usenofp.o

    ----------------------------------------------------------------------
      3982        304          0          0        100       2884   Library Totals
        20          0          0          0          4          0   (incl. Padding)

    ----------------------------------------------------------------------

      Code (inc. data)   RO Data    RW Data    ZI Data      Debug   Library Name

      1108         40          0          0         96       1356   c_w.l
      2854        264          0          0          0       1528   fz_ws.l

    ----------------------------------------------------------------------
      3982        304          0          0        100       2884   Library Totals

    ----------------------------------------------------------------------

==============================================================================


      Code (inc. data)   RO Data    RW Data    ZI Data      Debug   

     22518       1116       6538         84       3052     394527   Grand Totals
     22518       1116       6538         84       3052     394527   ELF Image Totals
     22518       1116       6538         84          0          0   ROM Totals

==============================================================================

    Total RO  Size (Code + RO Data)                29056 (  28.38kB)
    Total RW  Size (RW Data + ZI Data)              3136 (   3.06kB)
    Total ROM Size (Code + RO Data + RW Data)      29140 (  28.46kB)

==============================================================================

