Component: ARM Compiler 5.06 update 1 (build 61) Tool: armlink [4d35a8]

==============================================================================

Section Cross References

    main.o(.text) refers to _printf_pad.o(.text) for _printf_pre_padding
    main.o(.text) refers to _printf_percent.o(.ARM.Collect$$_printf_percent$$00000000) for _printf_percent
    main.o(.text) refers to _printf_d.o(.ARM.Collect$$_printf_percent$$00000009) for _printf_d
    main.o(.text) refers to _printf_dec.o(.text) for _printf_int_dec
    main.o(.text) refers to misc.o(.text) for NVIC_PriorityGroupConfig
    main.o(.text) refers to delay.o(.text) for delay_init
    main.o(.text) refers to usart.o(.text) for uart_init
    main.o(.text) refers to myiic.o(.text) for IIC_Init
    main.o(.text) refers to spi.o(.text) for SPI2_Init
    main.o(.text) refers to exti.o(.text) for EXTIX_Init
    main.o(.text) refers to pwm.o(.text) for PWM2CH2_Init
    main.o(.text) refers to key.o(.text) for KEY_Init
    main.o(.text) refers to oled4piniic.o(.text) for OLED_init
    main.o(.text) refers to rt_memclr.o(.text) for __aeabi_memclr
    main.o(.text) refers to noretval__2sprintf.o(.text) for __2sprintf
    main.o(.text) refers to stm32f10x_tim.o(.text) for TIM_GetITStatus
    main.o(.text) refers to stm32f10x_gpio.o(.text) for GPIO_ReadInputDataBit
    main.o(.text) refers to stm32f10x_exti.o(.text) for EXTI_ClearITPendingBit
    main.o(.text) refers to main.o(.data) for prr
    main.o(.text) refers to main.o(.bss) for temp
    system_stm32f10x.o(.text) refers to system_stm32f10x.o(.data) for SystemCoreClock
    24cxx.o(.text) refers to myiic.o(.text) for IIC_Init
    24cxx.o(.text) refers to delay.o(.text) for delay_ms
    74hc595_led.o(.text) refers to stm32f10x_rcc.o(.text) for RCC_APB2PeriphClockCmd
    74hc595_led.o(.text) refers to stm32f10x_gpio.o(.text) for GPIO_Init
    74hc595_led.o(.text) refers to delay.o(.text) for delay_us
    74hc595_led.o(.text) refers to main.o(.data) for u8DispBuf
    adc.o(.text) refers to stm32f10x_rcc.o(.text) for RCC_AHBPeriphClockCmd
    adc.o(.text) refers to stm32f10x_gpio.o(.text) for GPIO_Init
    adc.o(.text) refers to stm32f10x_adc.o(.text) for ADC_DeInit
    adc.o(.text) refers to stm32f10x_dma.o(.text) for DMA_DeInit
    adc.o(.text) refers to misc.o(.text) for NVIC_Init
    adc.o(.text) refers to main.o(.bss) for u16ADCConvertedValue
    adc.o(.text) refers to main.o(.data) for u16ADCOK
    dac.o(.text) refers to stm32f10x_rcc.o(.text) for RCC_APB2PeriphClockCmd
    dac.o(.text) refers to stm32f10x_gpio.o(.text) for GPIO_Init
    dac.o(.text) refers to stm32f10x_dac.o(.text) for DAC_Init
    dac.o(.text) refers to dflt_clz.o(x$fpl$dfltu) for __aeabi_ui2d
    dac.o(.text) refers to ddiv.o(x$fpl$ddiv) for __aeabi_ddiv
    dac.o(.text) refers to dmul.o(x$fpl$dmul) for __aeabi_dmul
    dac.o(.text) refers to dfixu.o(x$fpl$dfixu) for __aeabi_d2uiz
    exti.o(.text) refers to key.o(.text) for KEY_Init
    exti.o(.text) refers to stm32f10x_rcc.o(.text) for RCC_APB2PeriphClockCmd
    exti.o(.text) refers to stm32f10x_gpio.o(.text) for GPIO_EXTILineConfig
    exti.o(.text) refers to stm32f10x_exti.o(.text) for EXTI_Init
    exti.o(.text) refers to misc.o(.text) for NVIC_Init
    key.o(.text) refers to stm32f10x_rcc.o(.text) for RCC_APB2PeriphClockCmd
    key.o(.text) refers to stm32f10x_gpio.o(.text) for GPIO_Init
    key.o(.text) refers to delay.o(.text) for delay_ms
    key.o(.text) refers to key.o(.data) for key_up
    led.o(.text) refers to stm32f10x_rcc.o(.text) for RCC_APB2PeriphClockCmd
    led.o(.text) refers to stm32f10x_gpio.o(.text) for GPIO_Init
    myiic.o(.text) refers to stm32f10x_rcc.o(.text) for RCC_APB2PeriphClockCmd
    myiic.o(.text) refers to stm32f10x_gpio.o(.text) for GPIO_Init
    myiic.o(.text) refers to delay.o(.text) for delay_us
    oled4piniic.o(.text) refers to myiic.o(.text) for IIC_Start
    oled4piniic.o(.text) refers to oled4piniic.o(.constdata) for OLED_init_cmd
    oled4piniic.o(.text) refers to oled4piniic.o(.bss) for OLED_GRAM
    spi.o(.text) refers to stm32f10x_spi.o(.text) for SPI_I2S_GetFlagStatus
    spi.o(.text) refers to stm32f10x_rcc.o(.text) for RCC_APB2PeriphClockCmd
    spi.o(.text) refers to stm32f10x_gpio.o(.text) for GPIO_Init
    timer.o(.text) refers to stm32f10x_rcc.o(.text) for RCC_APB1PeriphClockCmd
    timer.o(.text) refers to stm32f10x_tim.o(.text) for TIM_TimeBaseInit
    timer.o(.text) refers to misc.o(.text) for NVIC_Init
    w25qxx.o(.text) refers to _printf_percent.o(.ARM.Collect$$_printf_percent$$00000000) for _printf_percent
    w25qxx.o(.text) refers to _printf_x.o(.ARM.Collect$$_printf_percent$$0000000C) for _printf_x
    w25qxx.o(.text) refers to _printf_hex_int.o(.text) for _printf_longlong_hex
    w25qxx.o(.text) refers to spi.o(.text) for SPI2_ReadWriteByte
    w25qxx.o(.text) refers to stm32f10x_rcc.o(.text) for RCC_APB2PeriphClockCmd
    w25qxx.o(.text) refers to stm32f10x_gpio.o(.text) for GPIO_Init
[...]
    ../clib/memcpset.s                       0x00000000   Number         0  rt_memclr.o ABSOLUTE
    ../clib/misc.s                           0x00000000   Number         0  printf_stubs.o ABSOLUTE
    ../clib/printf.c                         0x00000000   Number         0  __printf_wp.o ABSOLUTE
    ../clib/printf.c                         0x00000000   Number         0  __printf_flags_wp.o ABSOLUTE
    ../clib/printf.c                         0x00000000   Number         0  __printf_ss_wp.o ABSOLUTE
    ../clib/printf.c                         0x00000000   Number         0  __printf_flags_ss_wp.o ABSOLUTE
    ../clib/printf.c                         0x00000000   Number         0  __printf_flags_ss.o ABSOLUTE
    ../clib/printf.c                         0x00000000   Number         0  __printf_nopercent.o ABSOLUTE
    ../clib/printf.c                         0x00000000   Number         0  noretval__2sprintf.o ABSOLUTE
    ../clib/printf.c                         0x00000000   Number         0  _printf_char_file.o ABSOLUTE
    ../clib/printf.c                         0x00000000   Number         0  _sputc.o ABSOLUTE
    ../clib/printf.c                         0x00000000   Number         0  _printf_char_common.o ABSOLUTE
    ../clib/printf.c                         0x00000000   Number         0  _printf_intcommon.o ABSOLUTE
    ../clib/printf.c                         0x00000000   Number         0  __2printf.o ABSOLUTE
    ../clib/printf.c                         0x00000000   Number         0  __2sprintf.o ABSOLUTE
    ../clib/printf.c                         0x00000000   Number         0  noretval__2printf.o ABSOLUTE
    ../clib/printf.c                         0x00000000   Number         0  __printf.o ABSOLUTE
    ../clib/printf.c                         0x00000000   Number         0  _printf_pad.o ABSOLUTE
    ../clib/printf.c                         0x00000000   Number         0  _printf_dec.o ABSOLUTE
    ../clib/printf.c                         0x00000000   Number         0  _printf_hex_ll.o ABSOLUTE
    ../clib/printf.c                         0x00000000   Number         0  _printf_hex_int.o ABSOLUTE
    ../clib/printf.c                         0x00000000   Number         0  _printf_hex_int_ll.o ABSOLUTE
    ../clib/printf.c                         0x00000000   Number         0  _printf_hex_ptr.o ABSOLUTE
    ../clib/printf.c                         0x00000000   Number         0  _printf_hex_int_ptr.o ABSOLUTE
    ../clib/printf.c                         0x00000000   Number         0  _printf_hex_ll_ptr.o ABSOLUTE
    ../clib/printf.c                         0x00000000   Number         0  _printf_hex_int_ll_ptr.o ABSOLUTE
    ../clib/printf.c                         0x00000000   Number         0  __printf_flags.o ABSOLUTE
    ../clib/printf.c                         0x00000000   Number         0  __printf_ss.o ABSOLUTE
    ../clib/printf_percent.s                 0x00000000   Number         0  _printf_percent.o ABSOLUTE
    ../clib/printf_percent.s                 0x00000000   Number         0  _printf_d.o ABSOLUTE
    ../clib/printf_percent.s                 0x00000000   Number         0  _printf_x.o ABSOLUTE
    ../clib/printf_percent.s                 0x00000000   Number         0  _printf_percent_end.o ABSOLUTE
    ../clib/signal.c                         0x00000000   Number         0  __raise.o ABSOLUTE
    ../clib/signal.c                         0x00000000   Number         0  defsig_cppl_inner.o ABSOLUTE
    ../clib/signal.c                         0x00000000   Number         0  defsig_pvfn_inner.o ABSOLUTE
    ../clib/signal.c                         0x00000000   Number         0  defsig_stak_inner.o ABSOLUTE
    ../clib/signal.c                         0x00000000   Number         0  defsig_rtred_inner.o ABSOLUTE
    ../clib/signal.c                         0x00000000   Number         0  defsig_fpe_inner.o ABSOLUTE
    ../clib/signal.c                         0x00000000   Number         0  defsig_abrt_inner.o ABSOLUTE
    ../clib/signal.c                         0x00000000   Number         0  defsig_general.o ABSOLUTE
    ../clib/signal.c                         0x00000000   Number         0  defsig_rtmem_outer.o ABSOLUTE
    ../clib/signal.c                         0x00000000   Number         0  defsig_other.o ABSOLUTE
    ../clib/signal.c                         0x00000000   Number         0  defsig_segv_inner.o ABSOLUTE
    ../clib/signal.c                         0x00000000   Number         0  defsig_rtmem_inner.o ABSOLUTE
    ../clib/signal.c                         0x00000000   Number         0  defsig_exit.o ABSOLUTE
    ../clib/signal.c                         0x00000000   Number         0  defsig_rtmem_formal.o ABSOLUTE
    ../clib/signal.s                         0x00000000   Number         0  defsig.o ABSOLUTE
    ../clib/stdio.c                          0x00000000   Number         0  ferror_locked.o ABSOLUTE
    ../clib/stdio.c                          0x00000000   Number         0  ferror.o ABSOLUTE
    ../clib/stdlib.c                         0x00000000   Number         0  exit.o ABSOLUTE
    ../fplib/ddiv.s                          0x00000000   Number         0  ddiv.o ABSOLUTE
    ../fplib/dfixu.s                         0x00000000   Number         0  dfixu.o ABSOLUTE
    ../fplib/dflt.s                          0x00000000   Number         0  dflt_clz.o ABSOLUTE
    ../fplib/dmul.s                          0x00000000   Number         0  dmul.o ABSOLUTE
    ../fplib/dnaninf.s                       0x00000000   Number         0  dnaninf.o ABSOLUTE
    ../fplib/dretinf.s                       0x00000000   Number         0  dretinf.o ABSOLUTE
    ../fplib/fpinit.s                        0x00000000   Number         0  fpinit.o ABSOLUTE
    ../fplib/usenofp.s                       0x00000000   Number         0  usenofp.o ABSOLUTE
    ..\CORE\core_cm3.c                       0x00000000   Number         0  core_cm3.o ABSOLUTE
    ..\CORE\startup_stm32f10x_hd.s           0x00000000   Number         0  startup_stm32f10x_hd.o ABSOLUTE
    ..\HARDWARE\BSP\24cxx.c                  0x00000000   Number         0  24cxx.o ABSOLUTE
    ..\HARDWARE\BSP\74HC595_LED.c            0x00000000   Number         0  74hc595_led.o ABSOLUTE
    ..\HARDWARE\BSP\OLED4PINiic.C            0x00000000   Number         0  oled4piniic.o ABSOLUTE
    ..\HARDWARE\BSP\adc.c                    0x00000000   Number         0  adc.o ABSOLUTE
    ..\HARDWARE\BSP\dac.c                    0x00000000   Number         0  dac.o ABSOLUTE
    ..\HARDWARE\BSP\exti.c                   0x00000000   Number         0  exti.o ABSOLUTE
    ..\HARDWARE\BSP\key.c                    0x00000000   Number         0  key.o ABSOLUTE
    ..\HARDWARE\BSP\led.c                    0x00000000   Number         0  led.o ABSOLUTE
    ..\HARDWARE\BSP\myiic.c                  0x00000000   Number         0  myiic.o ABSOLUTE
    ..\HARDWARE\BSP\spi.c                    0x00000000   Number         0  spi.o ABSOLUTE
    ..\HARDWARE\BSP\timer.c                  0x00000000   Number         0  timer.o ABSOLUTE
    ..\HARDWARE\BSP\w25qxx.c                 0x00000000   Number         0  w25qxx.o ABSOLUTE
    ..\STM32F10x_FWLib\src\misc.c            0x00000000   Number         0  misc.o ABSOLUTE
    ..\STM32F10x_FWLib\src\stm32f10x_adc.c   0x00000000   Number         0  stm32f10x_adc.o ABSOLUTE
    ..\STM32F10x_FWLib\src\stm32f10x_bkp.c   0x00000000   Number         0  stm32f10x_bkp.o ABSOLUTE
    ..\STM32F10x_FWLib\src\stm32f10x_can.c   0x00000000   Number         0  stm32f10x_can.o ABSOLUTE
    ..\STM32F10x_FWLib\src\stm32f10x_cec.c   0x00000000   Number         0  stm32f10x_cec.o ABSOLUTE
    ..\STM32F10x_FWLib\src\stm32f10x_dac.c   0x00000000   Number         0  stm32f10x_dac.o ABSOLUTE
    ..\STM32F10x_FWLib\src\stm32f10x_dbgmcu.c 0x00000000   Number         0  stm32f10x_dbgmcu.o ABSOLUTE
    ..\STM32F10x_FWLib\src\stm32f10x_dma.c   0x00000000   Number         0  stm32f10x_dma.o ABSOLUTE
    ..\STM32F10x_FWLib\src\stm32f10x_exti.c  0x00000000   Number         0  stm32f10x_exti.o ABSOLUTE
    ..\STM32F10x_FWLib\src\stm32f10x_flash.c 0x00000000   Number         0  stm32f10x_flash.o ABSOLUTE
    ..\STM32F10x_FWLib\src\stm32f10x_fsmc.c  0x00000000   Number         0  stm32f10x_fsmc.o ABSOLUTE
    ..\STM32F10x_FWLib\src\stm32f10x_gpio.c  0x00000000   Number         0  stm32f10x_gpio.o ABSOLUTE
    ..\STM32F10x_FWLib\src\stm32f10x_i2c.c   0x00000000   Number         0  stm32f10x_i2c.o ABSOLUTE
    ..\STM32F10x_FWLib\src\stm32f10x_iwdg.c  0x00000000   Number         0  stm32f10x_iwdg.o ABSOLUTE
    ..\STM32F10x_FWLib\src\stm32f10x_pwr.c   0x00000000   Number         0  stm32f10x_pwr.o ABSOLUTE
    ..\STM32F10x_FWLib\src\stm32f10x_rcc.c   0x00000000   Number         0  stm32f10x_rcc.o ABSOLUTE
    ..\STM32F10x_FWLib\src\stm32f10x_rtc.c   0x00000000   Number         0  stm32f10x_rtc.o ABSOLUTE
    ..\STM32F10x_FWLib\src\stm32f10x_sdio.c  0x00000000   Number         0  stm32f10x_sdio.o ABSOLUTE
    ..\STM32F10x_FWLib\src\stm32f10x_spi.c   0x00000000   Number         0  stm32f10x_spi.o ABSOLUTE
    ..\STM32F10x_FWLib\src\stm32f10x_tim.c   0x00000000   Number         0  stm32f10x_tim.o ABSOLUTE
    ..\STM32F10x_FWLib\src\stm32f10x_usart.c 0x00000000   Number         0  stm32f10x_usart.o ABSOLUTE
    ..\STM32F10x_FWLib\src\stm32f10x_wwdg.c  0x00000000   Number         0  stm32f10x_wwdg.o ABSOLUTE
    ..\SYSTEM\delay\delay.c                  0x00000000   Number         0  delay.o ABSOLUTE
    ..\SYSTEM\pwm\pwm.c                      0x00000000   Number         0  pwm.o ABSOLUTE
    ..\SYSTEM\sys\sys.c                      0x00000000   Number         0  sys.o ABSOLUTE
    ..\SYSTEM\usart\usart.c                  0x00000000   Number         0  usart.o ABSOLUTE
    ..\\CORE\\core_cm3.c                     0x00000000   Number         0  core_cm3.o ABSOLUTE
    ..\\SYSTEM\\sys\\sys.c                   0x00000000   Number         0  sys.o ABSOLUTE
    dc.s                                     0x00000000   Number         0  dc.o ABSOLUTE
    main.c                                   0x00000000   Number         0  main.o ABSOLUTE
    stm32f10x_it.c                           0x00000000   Number         0  stm32f10x_it.o ABSOLUTE
    system_stm32f10x.c                       0x00000000   Number         0  system_stm32f10x.o ABSOLUTE
    RESET                                    0x08000000   Section      304  startup_stm32f10x_hd.o(RESET)
    !!!main                                  0x08000130   Section        8  __main.o(!!!main)
    !!!scatter                               0x08000138   Section       52  __scatter.o(!!!scatter)
    !!handler_copy                           0x0800016c   Section       26  __scatter_copy.o(!!handler_copy)
    !!handler_zi                             0x08000188   Section       28  __scatter_zi.o(!!handler_zi)
    .ARM.Collect$$_printf_percent$$00000000  0x080001a4   Section        0  _printf_percent.o(.ARM.Collect$$_printf_percent$$00000000)
    .ARM.Collect$$_printf_percent$$00000009  0x080001a4   Section        6  _printf_d.o(.ARM.Collect$$_printf_percent$$00000009)
    .ARM.Collect$$_printf_percent$$00000017  0x080001aa   Section        4  _printf_percent_end.o(.ARM.Collect$$_printf_percent$$00000017)
    .ARM.Collect$$libinit$$00000000          0x080001ae   Section        2  libinit.o(.ARM.Collect$$libinit$$00000000)
    .ARM.Collect$$libinit$$00000002          0x080001b0   Section        0  libinit2.o(.ARM.Collect$$libinit$$00000002)
    .ARM.Collect$$libinit$$00000004          0x080001b0   Section        0  libinit2.o(.ARM.Collect$$libinit$$00000004)
    .ARM.Collect$$libinit$$0000000A          0x080001b0   Section        0  libinit2.o(.ARM.Collect$$libinit$$0000000A)
    .ARM.Collect$$libinit$$0000000C          0x080001b0   Section        0  libinit2.o(.ARM.Collect$$libinit$$0000000C)
    .ARM.Collect$$libinit$$0000000E          0x080001b0   Section        0  libinit2.o(.ARM.Collect$$libinit$$0000000E)
    .ARM.Collect$$libinit$$00000011          0x080001b0   Section        0  libinit2.o(.ARM.Collect$$libinit$$00000011)
    .ARM.Collect$$libinit$$00000013          0x080001b0   Section        0  libinit2.o(.ARM.Collect$$libinit$$00000013)
    .ARM.Collect$$libinit$$00000015          0x080001b0   Section        0  libinit2.o(.ARM.Collect$$libinit$$00000015)
    .ARM.Collect$$libinit$$00000017          0x080001b0   Section        0  libinit2.o(.ARM.Collect$$libinit$$00000017)
    .ARM.Collect$$libinit$$00000019          0x080001b0   Section        0  libinit2.o(.ARM.Collect$$libinit$$00000019)
    .ARM.Collect$$libinit$$0000001B          0x080001b0   Section        0  libinit2.o(.ARM.Collect$$libinit$$0000001B)
    .ARM.Collect$$libinit$$0000001D          0x080001b0   Section        0  libinit2.o(.ARM.Collect$$libinit$$0000001D)
    .ARM.Collect$$libinit$$0000001F          0x080001b0   Section        0  libinit2.o(.ARM.Collect$$libinit$$0000001F)
    .ARM.Collect$$libinit$$00000021          0x080001b0   Section        0  libinit2.o(.ARM.Collect$$libinit$$00000021)
    .ARM.Collect$$libinit$$00000023          0x080001b0   Section        0  libinit2.o(.ARM.Collect$$libinit$$00000023)
    .ARM.Collect$$libinit$$00000025          0x080001b0   Section        0  libinit2.o(.ARM.Collect$$libinit$$00000025)
    .ARM.Collect$$libinit$$0000002C          0x080001b0   Section        0  libinit2.o(.ARM.Collect$$libinit$$0000002C)
    .ARM.Collect$$libinit$$0000002E          0x080001b0   Section        0  libinit2.o(.ARM.Collect$$libinit$$0000002E)
    .ARM.Collect$$libinit$$00000030          0x080001b0   Section        0  libinit2.o(.ARM.Collect$$libinit$$00000030)
    .ARM.Collect$$libinit$$00000032          0x080001b0   Section        0  libinit2.o(.ARM.Collect$$libinit$$00000032)
    .ARM.Collect$$libinit$$00000033          0x080001b0   Section        2  libinit2.o(.ARM.Collect$$libinit$$00000033)
    .ARM.Collect$$libshutdown$$00000000      0x080001b2   Section        2  libshutdown.o(.ARM.Collect$$libshutdown$$00000000)
    .ARM.Collect$$libshutdown$$00000002      0x080001b4   Section        0  libshutdown2.o(.ARM.Collect$$libshutdown$$00000002)
    .ARM.Collect$$libshutdown$$00000004      0x080001b4   Section        0  libshutdown2.o(.ARM.Collect$$libshutdown$$00000004)
    .ARM.Collect$$libshutdown$$00000007      0x080001b4   Section        0  libshutdown2.o(.ARM.Collect$$libshutdown$$00000007)
    .ARM.Collect$$libshutdown$$0000000A      0x080001b4   Section        0  libshutdown2.o(.ARM.Collect$$libshutdown$$0000000A)
    .ARM.Collect$$libshutdown$$0000000C      0x080001b4   Section        0  libshutdown2.o(.ARM.Collect$$libshutdown$$0000000C)
    .ARM.Collect$$libshutdown$$0000000F      0x080001b4   Section        0  libshutdown2.o(.ARM.Collect$$libshutdown$$0000000F)
    .ARM.Collect$$libshutdown$$00000010      0x080001b4   Section        2  libshutdown2.o(.ARM.Collect$$libshutdown$$00000010)
    .ARM.Collect$$rtentry$$00000000          0x080001b6   Section        0  __rtentry.o(.ARM.Collect$$rtentry$$00000000)
    .ARM.Collect$$rtentry$$00000002          0x080001b6   Section        0  __rtentry2.o(.ARM.Collect$$rtentry$$00000002)
    .ARM.Collect$$rtentry$$00000004          0x080001b6   Section        6  __rtentry4.o(.ARM.Collect$$rtentry$$00000004)
    .ARM.Collect$$rtentry$$00000009          0x080001bc   Section        0  __rtentry2.o(.ARM.Collect$$rtentry$$00000009)
    .ARM.Collect$$rtentry$$0000000A          0x080001bc   Section        4  __rtentry2.o(.ARM.Collect$$rtentry$$0000000A)
    .ARM.Collect$$rtentry$$0000000C          0x080001c0   Section        0  __rtentry2.o(.ARM.Collect$$rtentry$$0000000C)
    .ARM.Collect$$rtentry$$0000000D          0x080001c0   Section        8  __rtentry2.o(.ARM.Collect$$rtentry$$0000000D)
    .ARM.Collect$$rtexit$$00000000           0x080001c8   Section        2  rtexit.o(.ARM.Collect$$rtexit$$00000000)
    .ARM.Collect$$rtexit$$00000002           0x080001ca   Section        0  rtexit2.o(.ARM.Collect$$rtexit$$00000002)
    .ARM.Collect$$rtexit$$00000003           0x080001ca   Section        4  rtexit2.o(.ARM.Collect$$rtexit$$00000003)
    .ARM.Collect$$rtexit$$00000004           0x080001ce   Section        6  rtexit2.o(.ARM.Collect$$rtexit$$00000004)
    .text                                    0x080001d4   Section        0  main.o(.text)
    .text                                    0x080003e8   Section        0  stm32f10x_it.o(.text)
    .text                                    0x08000404   Section        0  system_stm32f10x.o(.text)
    SetSysClockTo72                          0x08000405   Thumb Code   214  system_stm32f10x.o(.text)
    SetSysClock                              0x080004db   Thumb Code     8  system_stm32f10x.o(.text)
    .text                                    0x080005e4   Section        0  adc.o(.text)
    .text                                    0x0800087c   Section        0  exti.o(.text)
    .text                                    0x08000960   Section        0  key.o(.text)
    .text                                    0x08000a54   Section        0  myiic.o(.text)
    .text                                    0x08000c84   Section        0  oled4piniic.o(.text)
    .text                                    0x080013d4   Section        0  spi.o(.text)
    .text                                    0x080014d0   Section        0  delay.o(.text)
    .text                                    0x080015a4   Section        0  usart.o(.text)
    .text                                    0x080016e4   Section        0  pwm.o(.text)
    .text                                    0x08001914   Section       64  startup_stm32f10x_hd.o(.text)
    .text                                    0x08001954   Section        0  misc.o(.text)
    .text                                    0x08001a30   Section        0  stm32f10x_gpio.o(.text)
    .text                                    0x08001d8c   Section        0  stm32f10x_rcc.o(.text)
    .text                                    0x08002130   Section        0  stm32f10x_tim.o(.text)
    TI4_Config                               0x080025d7   Thumb Code   130  stm32f10x_tim.o(.text)
    TI3_Config                               0x0800266b   Thumb Code   122  stm32f10x_tim.o(.text)
    TI2_Config                               0x080026ff   Thumb Code   130  stm32f10x_tim.o(.text)
    TI1_Config                               0x08002793   Thumb Code   108  stm32f10x_tim.o(.text)
    .text                                    0x08002f4c   Section        0  stm32f10x_usart.o(.text)
    .text                                    0x08003354   Section        0  stm32f10x_adc.o(.text)
    .text                                    0x080037a4   Section        0  stm32f10x_dma.o(.text)
    .text                                    0x080039f8   Section        0  stm32f10x_exti.o(.text)
    .text                                    0x08003b14   Section        0  stm32f10x_spi.o(.text)
    .text                                    0x08003e20   Section        2  use_no_semi_2.o(.text)
    .text                                    0x08003e24   Section        0  noretval__2sprintf.o(.text)
    .text                                    0x08003e4c   Section        0  _printf_pad.o(.text)
    .text                                    0x08003e9c   Section        0  _printf_dec.o(.text)
    .text                                    0x08003f14   Section        0  __printf_wp.o(.text)
    .text                                    0x08004022   Section       68  rt_memclr.o(.text)
    .text                                    0x08004066   Section        0  heapauxi.o(.text)
    .text                                    0x0800406c   Section        2  use_no_semi.o(.text)
    .text                                    0x0800406e   Section        0  _printf_intcommon.o(.text)
    .text                                    0x08004120   Section        0  _printf_char_common.o(.text)
    _printf_input_char                       0x08004121   Thumb Code    10  _printf_char_common.o(.text)
    .text                                    0x08004150   Section        0  _sputc.o(.text)
    .text                                    0x0800415a   Section       78  rt_memclr_w.o(.text)
    .text                                    0x080041a8   Section       74  sys_stackheap_outer.o(.text)
    .text                                    0x080041f2   Section        0  exit.o(.text)
    .text                                    0x08004204   Section        8  libspace.o(.text)
    i._is_digit                              0x0800420c   Section        0  __printf_wp.o(i._is_digit)
    x$fpl$dfixu                              0x0800421c   Section       90  dfixu.o(x$fpl$dfixu)
    x$fpl$dfltu                              0x08004276   Section       38  dflt_clz.o(x$fpl$dfltu)
    x$fpl$dmul                               0x0800429c   Section      340  dmul.o(x$fpl$dmul)
    x$fpl$dnaninf                            0x080043f0   Section      156  dnaninf.o(x$fpl$dnaninf)
    x$fpl$dretinf                            0x0800448c   Section       12  dretinf.o(x$fpl$dretinf)
    .constdata                               0x08004498   Section     6201  oled4piniic.o(.constdata)
    x$fpl$usenofp                            0x08004498   Section        0  usenofp.o(x$fpl$usenofp)
    .data                                    0x20000000   Section       30  main.o(.data)
    .data                                    0x20000020   Section       20  system_stm32f10x.o(.data)
    .data                                    0x20000034   Section        1  key.o(.data)
    key_up                                   0x20000034   Data           1  key.o(.data)
    .data                                    0x20000036   Section        4  delay.o(.data)
    fac_us                                   0x20000036   Data           1  delay.o(.data)
    fac_ms                                   0x20000038   Data           2  delay.o(.data)
    .data                                    0x2000003c   Section        6  usart.o(.data)
    .data                                    0x20000042   Section       20  stm32f10x_rcc.o(.data)
    APBAHBPrescTable                         0x20000042   Data          16  stm32f10x_rcc.o(.data)
    ADCPrescTable                            0x20000052   Data           4  stm32f10x_rcc.o(.data)
    .bss                                     0x20000058   Section      192  main.o(.bss)
    .bss                                     0x20000118   Section     1024  oled4piniic.o(.bss)
    .bss                                     0x20000518   Section      200  usart.o(.bss)
    .bss                                     0x200005e0   Section       96  libspace.o(.bss)
    HEAP                                     0x20000640   Section      512  startup_stm32f10x_hd.o(HEAP)
    Heap_Mem                                 0x20000640   Data         512  startup_stm32f10x_hd.o(HEAP)
    STACK                                    0x20000840   Section     1024  startup_stm32f10x_hd.o(STACK)
    Stack_Mem                                0x20000840   Data        1024  startup_stm32f10x_hd.o(STACK)
    __initial_sp                             0x20000c40   Data           0  startup_stm32f10x_hd.o(STACK)

    Global Symbols

    Symbol Name                              Value     Ov Type        Size  Object(Section)

    BuildAttributes$$THM_ISAv4$P$D$K$B$S$PE$A:L22UL41UL21$X:L11$S22US41US21$IEEE1$IW$USESV6$~STKCKD$USESV7$~SHL$OSPACE$ROPI$EBA8$UX$STANDARDLIB$REQ8$PRES8$EABIv2 0x00000000   Number         0  anon$$obj.o ABSOLUTE
    __ARM_use_no_argv                        0x00000000   Number         0  main.o ABSOLUTE
    _printf_flags                            0x00000000   Number         0  printf_stubs.o ABSOLUTE
    _printf_return_value                     0x00000000   Number         0  printf_stubs.o ABSOLUTE
    _printf_sizespec                         0x00000000   Number         0  printf_stubs.o ABSOLUTE
    _printf_widthprec                        0x00000000   Number         0  printf_stubs.o ABSOLUTE
    __ARM_exceptions_init                     - Undefined Weak Reference
    __alloca_initialize                       - Undefined Weak Reference
    __arm_preinit_                            - Undefined Weak Reference
    __cpp_initialize__aeabi_                  - Undefined Weak Reference
    __cxa_finalize                            - Undefined Weak Reference
    __rt_locale                               - Undefined Weak Reference
    __sigvec_lookup                           - Undefined Weak Reference
    _atexit_init                              - Undefined Weak Reference
    _call_atexit_fns                          - Undefined Weak Reference
    _clock_init                               - Undefined Weak Reference
    _fp_trap_init                             - Undefined Weak Reference
    _fp_trap_shutdown                         - Undefined Weak Reference
    _get_lc_collate                           - Undefined Weak Reference
    _get_lc_ctype                             - Undefined Weak Reference
    _get_lc_monetary                          - Undefined Weak Reference
    _get_lc_numeric                           - Undefined Weak Reference
    _get_lc_time                              - Undefined Weak Reference
    _getenv_init                              - Undefined Weak Reference
    _handle_redirection                       - Undefined Weak Reference
    _init_alloc                               - Undefined Weak Reference
    _init_user_alloc                          - Undefined Weak Reference
    _initio                                   - Undefined Weak Reference
    _mutex_acquire                            - Undefined Weak Reference
    _mutex_release                            - Undefined Weak Reference
    _printf_truncate_signed                   - Undefined Weak Reference
    _printf_truncate_unsigned                 - Undefined Weak Reference
    _rand_init                                - Undefined Weak Reference
    _signal_finish                            - Undefined Weak Reference
    _signal_init                              - Undefined Weak Reference
    _terminate_alloc                          - Undefined Weak Reference
    _terminate_user_alloc                     - Undefined Weak Reference
    _terminateio                              - Undefined Weak Reference
    __Vectors_Size                           0x00000130   Number         0  startup_stm32f10x_hd.o ABSOLUTE
    __Vectors                                0x08000000   Data           4  startup_stm32f10x_hd.o(RESET)
    __Vectors_End                            0x08000130   Data           0  startup_stm32f10x_hd.o(RESET)
    __main                                   0x08000131   Thumb Code     8  __main.o(!!!main)
    __scatterload                            0x08000139   Thumb Code     0  __scatter.o(!!!scatter)
    __scatterload_rt2                        0x08000139   Thumb Code    44  __scatter.o(!!!scatter)
    __scatterload_rt2_thumb_only             0x08000139   Thumb Code     0  __scatter.o(!!!scatter)
    __scatterload_null                       0x08000147   Thumb Code     0  __scatter.o(!!!scatter)
    __scatterload_copy                       0x0800016d   Thumb Code    26  __scatter_copy.o(!!handler_copy)
    __scatterload_zeroinit                   0x08000189   Thumb Code    28  __scatter_zi.o(!!handler_zi)
    _printf_d                                0x080001a5   Thumb Code     0  _printf_d.o(.ARM.Collect$$_printf_percent$$00000009)
    _printf_percent                          0x080001a5   Thumb Code     0  _printf_percent.o(.ARM.Collect$$_printf_percent$$00000000)
    _printf_percent_end                      0x080001ab   Thumb Code     0  _printf_percent_end.o(.ARM.Collect$$_printf_percent$$00000017)
    __rt_lib_init                            0x080001af   Thumb Code     0  libinit.o(.ARM.Collect$$libinit$$00000000)
    __rt_lib_init_alloca_1                   0x080001b1   Thumb Code     0  libinit2.o(.ARM.Collect$$libinit$$0000002E)
    __rt_lib_init_argv_1                     0x080001b1   Thumb Code     0  libinit2.o(.ARM.Collect$$libinit$$0000002C)
    __rt_lib_init_atexit_1                   0x080001b1   Thumb Code     0  libinit2.o(.ARM.Collect$$libinit$$0000001B)
    __rt_lib_init_clock_1                    0x080001b1   Thumb Code     0  libinit2.o(.ARM.Collect$$libinit$$00000021)
    __rt_lib_init_cpp_1                      0x080001b1   Thumb Code     0  libinit2.o(.ARM.Collect$$libinit$$00000032)
    __rt_lib_init_exceptions_1               0x080001b1   Thumb Code     0  libinit2.o(.ARM.Collect$$libinit$$00000030)
    __rt_lib_init_fp_1                       0x080001b1   Thumb Code     0  libinit2.o(.ARM.Collect$$libinit$$00000002)
    __rt_lib_init_fp_trap_1                  0x080001b1   Thumb Code     0  libinit2.o(.ARM.Collect$$libinit$$0000001F)
    __rt_lib_init_getenv_1                   0x080001b1   Thumb Code     0  libinit2.o(.ARM.Collect$$libinit$$00000023)
    __rt_lib_init_heap_1                     0x080001b1   Thumb Code     0  libinit2.o(.ARM.Collect$$libinit$$0000000A)
    __rt_lib_init_lc_collate_1               0x080001b1   Thumb Code     0  libinit2.o(.ARM.Collect$$libinit$$00000011)
    __rt_lib_init_lc_ctype_1                 0x080001b1   Thumb Code     0  libinit2.o(.ARM.Collect$$libinit$$00000013)
    __rt_lib_init_lc_monetary_1              0x080001b1   Thumb Code     0  libinit2.o(.ARM.Collect$$libinit$$00000015)
    __rt_lib_init_lc_numeric_1               0x080001b1   Thumb Code     0  libinit2.o(.ARM.Collect$$libinit$$00000017)
    __rt_lib_init_lc_time_1                  0x080001b1   Thumb Code     0  libinit2.o(.ARM.Collect$$libinit$$00000019)
    __rt_lib_init_preinit_1                  0x080001b1   Thumb Code     0  libinit2.o(.ARM.Collect$$libinit$$00000004)
    __rt_lib_init_rand_1                     0x080001b1   Thumb Code     0  libinit2.o(.ARM.Collect$$libinit$$0000000E)
    __rt_lib_init_return                     0x080001b1   Thumb Code     0  libinit2.o(.ARM.Collect$$libinit$$00000033)
    __rt_lib_init_signal_1                   0x080001b1   Thumb Code     0  libinit2.o(.ARM.Collect$$libinit$$0000001D)
    __rt_lib_init_stdio_1                    0x080001b1   Thumb Code     0  libinit2.o(.ARM.Collect$$libinit$$00000025)
    __rt_lib_init_user_alloc_1               0x080001b1   Thumb Code     0  libinit2.o(.ARM.Collect$$libinit$$0000000C)
    __rt_lib_shutdown                        0x080001b3   Thumb Code     0  libshutdown.o(.ARM.Collect$$libshutdown$$00000000)
    __rt_lib_shutdown_cpp_1                  0x080001b5   Thumb Code     0  libshutdown2.o(.ARM.Collect$$libshutdown$$00000002)
    __rt_lib_shutdown_fp_trap_1              0x080001b5   Thumb Code     0  libshutdown2.o(.ARM.Collect$$libshutdown$$00000007)
    __rt_lib_shutdown_heap_1                 0x080001b5   Thumb Code     0  libshutdown2.o(.ARM.Collect$$libshutdown$$0000000F)
    __rt_lib_shutdown_return                 0x080001b5   Thumb Code     0  libshutdown2.o(.ARM.Collect$$libshutdown$$00000010)
    __rt_lib_shutdown_signal_1               0x080001b5   Thumb Code     0  libshutdown2.o(.ARM.Collect$$libshutdown$$0000000A)
    __rt_lib_shutdown_stdio_1                0x080001b5   Thumb Code     0  libshutdown2.o(.ARM.Collect$$libshutdown$$00000004)
    __rt_lib_shutdown_user_alloc_1           0x080001b5   Thumb Code     0  libshutdown2.o(.ARM.Collect$$libshutdown$$0000000C)
    __rt_entry                               0x080001b7   Thumb Code     0  __rtentry.o(.ARM.Collect$$rtentry$$00000000)
    __rt_entry_presh_1                       0x080001b7   Thumb Code     0  __rtentry2.o(.ARM.Collect$$rtentry$$00000002)
    __rt_entry_sh                            0x080001b7   Thumb Code     0  __rtentry4.o(.ARM.Collect$$rtentry$$00000004)
    __rt_entry_li                            0x080001bd   Thumb Code     0  __rtentry2.o(.ARM.Collect$$rtentry$$0000000A)
    __rt_entry_postsh_1                      0x080001bd   Thumb Code     0  __rtentry2.o(.ARM.Collect$$rtentry$$00000009)
    __rt_entry_main                          0x080001c1   Thumb Code     0  __rtentry2.o(.ARM.Collect$$rtentry$$0000000D)
    __rt_entry_postli_1                      0x080001c1   Thumb Code     0  __rtentry2.o(.ARM.Collect$$rtentry$$0000000C)
    __rt_exit                                0x080001c9   Thumb Code     0  rtexit.o(.ARM.Collect$$rtexit$$00000000)
    __rt_exit_ls                             0x080001cb   Thumb Code     0  rtexit2.o(.ARM.Collect$$rtexit$$00000003)
    __rt_exit_prels_1                        0x080001cb   Thumb Code     0  rtexit2.o(.ARM.Collect$$rtexit$$00000002)
    __rt_exit_exit                           0x080001cf   Thumb Code     0  rtexit2.o(.ARM.Collect$$rtexit$$00000004)
    main                                     0x080001d5   Thumb Code   144  main.o(.text)
    TIM2_IRQHandler                          0x08000265   Thumb Code    22  main.o(.text)
    TIM3_IRQHandler                          0x0800027b   Thumb Code   122  main.o(.text)
    TIM4_IRQHandler                          0x080002f5   Thumb Code    22  main.o(.text)
    EXTI0_IRQHandler                         0x0800030b   Thumb Code    24  main.o(.text)
    EXTI1_IRQHandler                         0x08000323   Thumb Code    48  main.o(.text)
    EXTI2_IRQHandler                         0x08000353   Thumb Code    48  main.o(.text)
    EXTI3_IRQHandler                         0x08000383   Thumb Code    24  main.o(.text)
    NMI_Handler                              0x080003e9   Thumb Code     2  stm32f10x_it.o(.text)
    HardFault_Handler                        0x080003eb   Thumb Code     4  stm32f10x_it.o(.text)
    MemManage_Handler                        0x080003ef   Thumb Code     4  stm32f10x_it.o(.text)
    BusFault_Handler                         0x080003f3   Thumb Code     4  stm32f10x_it.o(.text)
    UsageFault_Handler                       0x080003f7   Thumb Code     4  stm32f10x_it.o(.text)
    SVC_Handler                              0x080003fb   Thumb Code     2  stm32f10x_it.o(.text)
    DebugMon_Handler                         0x080003fd   Thumb Code     2  stm32f10x_it.o(.text)
    PendSV_Handler                           0x080003ff   Thumb Code     2  stm32f10x_it.o(.text)
    SysTick_Handler                          0x08000401   Thumb Code     2  stm32f10x_it.o(.text)
    SystemInit                               0x080004e3   Thumb Code    78  system_stm32f10x.o(.text)
    SystemCoreClockUpdate                    0x08000531   Thumb Code   142  system_stm32f10x.o(.text)
    Adc_Init                                 0x080005e5   Thumb Code   286  adc.o(.text)
    Photoresistor_Init                       0x08000703   Thumb Code   286  adc.o(.text)
    DMA1_Channel1_IRQHandler                 0x08000821   Thumb Code    34  adc.o(.text)
    Get_Average                              0x08000843   Thumb Code    32  adc.o(.text)
    EXTIX_Init                               0x0800087d   Thumb Code   228  exti.o(.text)
    KEY_Init                                 0x08000961   Thumb Code    46  key.o(.text)
    KEY_Scan                                 0x0800098f   Thumb Code   184  key.o(.text)
    IIC_Init                                 0x08000a55   Thumb Code    52  myiic.o(.text)
    IIC_Start                                0x08000a89   Thumb Code    62  myiic.o(.text)
    IIC_Stop                                 0x08000ac7   Thumb Code    56  myiic.o(.text)
    IIC_Wait_Ack                             0x08000aff   Thumb Code    80  myiic.o(.text)
    IIC_Ack                                  0x08000b4f   Thumb Code    60  myiic.o(.text)
    IIC_NAck                                 0x08000b8b   Thumb Code    60  myiic.o(.text)
    IIC_Send_Byte                            0x08000bc7   Thumb Code    84  myiic.o(.text)
    IIC_Read_Byte                            0x08000c1b   Thumb Code    92  myiic.o(.text)
    OLED_send_cmd                            0x08000c85   Thumb Code    44  oled4piniic.o(.text)
    OLED_send_data                           0x08000cb1   Thumb Code    44  oled4piniic.o(.text)
    OLED_Column_set                          0x08000cdd   Thumb Code    24  oled4piniic.o(.text)
    OLED_Page_set                            0x08000cf5   Thumb Code    16  oled4piniic.o(.text)
    OLED_clear                               0x08000d05   Thumb Code    46  oled4piniic.o(.text)
    OLED_full                                0x08000d33   Thumb Code    46  oled4piniic.o(.text)
    OLED_SetCursor                           0x08000d61   Thumb Code    34  oled4piniic.o(.text)
    OLED_init                                0x08000d83   Thumb Code    24  oled4piniic.o(.text)
    OLED_Refresh_Gram                        0x08000d9b   Thumb Code    52  oled4piniic.o(.text)
    OLED_Clear                               0x08000dcf   Thumb Code    42  oled4piniic.o(.text)
    OLED_DrawPoint                           0x08000df9   Thumb Code   100  oled4piniic.o(.text)
    OLED_DrawLine                            0x08000e5d   Thumb Code   188  oled4piniic.o(.text)
    OLED_Draw_Circle                         0x08000f19   Thumb Code   186  oled4piniic.o(.text)
    OLED_DrawRectangle                       0x08000fd3   Thumb Code    60  oled4piniic.o(.text)
    OLED_Fill                                0x0800100f   Thumb Code    58  oled4piniic.o(.text)
    OLED_ShowChar                            0x08001049   Thumb Code   254  oled4piniic.o(.text)
    OLED_ShowChineseChar                     0x08001147   Thumb Code   198  oled4piniic.o(.text)
    mypow                                    0x0800120d   Thumb Code    22  oled4piniic.o(.text)
    OLED_ShowNum                             0x08001223   Thumb Code   148  oled4piniic.o(.text)
    OLED_ShowString                          0x080012b7   Thumb Code    94  oled4piniic.o(.text)
    Picture_display                          0x08001315   Thumb Code    50  oled4piniic.o(.text)
    Picture_ReverseDisplay                   0x08001347   Thumb Code    60  oled4piniic.o(.text)
    OLED_DrawBMP                             0x08001383   Thumb Code    74  oled4piniic.o(.text)
    SPI2_ReadWriteByte                       0x080013d5   Thumb Code    50  spi.o(.text)
    SPI2_Init                                0x08001407   Thumb Code   158  spi.o(.text)
    SPI2_SetSpeed                            0x080014a5   Thumb Code    36  spi.o(.text)
    delay_init                               0x080014d1   Thumb Code    50  delay.o(.text)
    delay_us                                 0x08001503   Thumb Code    72  delay.o(.text)
    delay_ms                                 0x0800154b   Thumb Code    72  delay.o(.text)
    _sys_exit                                0x080015a5   Thumb Code     6  usart.o(.text)
    fputc                                    0x080015ab   Thumb Code    24  usart.o(.text)
    uart_init                                0x080015c3   Thumb Code   152  usart.o(.text)
    USART1_IRQHandler                        0x0800165b   Thumb Code   122  usart.o(.text)
    PWM4CH3_Init                             0x080016e5   Thumb Code   146  pwm.o(.text)
    PWM4CH4_Init                             0x08001777   Thumb Code   146  pwm.o(.text)
    PWM2CH2_Init                             0x08001809   Thumb Code   174  pwm.o(.text)
    TIM2_Setcompare2                         0x080018b7   Thumb Code    16  pwm.o(.text)
    TIM4_Setcompare3                         0x080018c7   Thumb Code    14  pwm.o(.text)
    TIM4_Setcompare4                         0x080018d5   Thumb Code    14  pwm.o(.text)
    TIM2_SetAutoreload                       0x080018e3   Thumb Code    16  pwm.o(.text)
    TIM4_SetAutoreload                       0x080018f3   Thumb Code    14  pwm.o(.text)
    Reset_Handler                            0x08001915   Thumb Code     8  startup_stm32f10x_hd.o(.text)
    ADC1_2_IRQHandler                        0x0800192f   Thumb Code     0  startup_stm32f10x_hd.o(.text)
    ADC3_IRQHandler                          0x0800192f   Thumb Code     0  startup_stm32f10x_hd.o(.text)
    CAN1_RX1_IRQHandler                      0x0800192f   Thumb Code     0  startup_stm32f10x_hd.o(.text)
    CAN1_SCE_IRQHandler                      0x0800192f   Thumb Code     0  startup_stm32f10x_hd.o(.text)
    DMA1_Channel2_IRQHandler                 0x0800192f   Thumb Code     0  startup_stm32f10x_hd.o(.text)
    DMA1_Channel3_IRQHandler                 0x0800192f   Thumb Code     0  startup_stm32f10x_hd.o(.text)
    DMA1_Channel4_IRQHandler                 0x0800192f   Thumb Code     0  startup_stm32f10x_hd.o(.text)
    DMA1_Channel5_IRQHandler                 0x0800192f   Thumb Code     0  startup_stm32f10x_hd.o(.text)
    DMA1_Channel6_IRQHandler                 0x0800192f   Thumb Code     0  startup_stm32f10x_hd.o(.text)
    DMA1_Channel7_IRQHandler                 0x0800192f   Thumb Code     0  startup_stm32f10x_hd.o(.text)
    DMA2_Channel1_IRQHandler                 0x0800192f   Thumb Code     0  startup_stm32f10x_hd.o(.text)
    DMA2_Channel2_IRQHandler                 0x0800192f   Thumb Code     0  startup_stm32f10x_hd.o(.text)
    DMA2_Channel3_IRQHandler                 0x0800192f   Thumb Code     0  startup_stm32f10x_hd.o(.text)
    DMA2_Channel4_5_IRQHandler               0x0800192f   Thumb Code     0  startup_stm32f10x_hd.o(.text)
    EXTI15_10_IRQHandler                     0x0800192f   Thumb Code     0  startup_stm32f10x_hd.o(.text)
    EXTI4_IRQHandler                         0x0800192f   Thumb Code     0  startup_stm32f10x_hd.o(.text)
    EXTI9_5_IRQHandler                       0x0800192f   Thumb Code     0  startup_stm32f10x_hd.o(.text)
    FLASH_IRQHandler                         0x0800192f   Thumb Code     0  startup_stm32f10x_hd.o(.text)
    FSMC_IRQHandler                          0x0800192f   Thumb Code     0  startup_stm32f10x_hd.o(.text)
    I2C1_ER_IRQHandler                       0x0800192f   Thumb Code     0  startup_stm32f10x_hd.o(.text)
    I2C1_EV_IRQHandler                       0x0800192f   Thumb Code     0  startup_stm32f10x_hd.o(.text)
    I2C2_ER_IRQHandler                       0x0800192f   Thumb Code     0  startup_stm32f10x_hd.o(.text)
    I2C2_EV_IRQHandler                       0x0800192f   Thumb Code     0  startup_stm32f10x_hd.o(.text)
    PVD_IRQHandler                           0x0800192f   Thumb Code     0  startup_stm32f10x_hd.o(.text)
    RCC_IRQHandler                           0x0800192f   Thumb Code     0  startup_stm32f10x_hd.o(.text)
    RTCAlarm_IRQHandler                      0x0800192f   Thumb Code     0  startup_stm32f10x_hd.o(.text)
    RTC_IRQHandler                           0x0800192f   Thumb Code     0  startup_stm32f10x_hd.o(.text)
    SDIO_IRQHandler                          0x0800192f   Thumb Code     0  startup_stm32f10x_hd.o(.text)
    SPI1_IRQHandler                          0x0800192f   Thumb Code     0  startup_stm32f10x_hd.o(.text)
    SPI2_IRQHandler                          0x0800192f   Thumb Code     0  startup_stm32f10x_hd.o(.text)
    SPI3_IRQHandler                          0x0800192f   Thumb Code     0  startup_stm32f10x_hd.o(.text)
    TAMPER_IRQHandler                        0x0800192f   Thumb Code     0  startup_stm32f10x_hd.o(.text)
    TIM1_BRK_IRQHandler                      0x0800192f   Thumb Code     0  startup_stm32f10x_hd.o(.text)
    TIM1_CC_IRQHandler                       0x0800192f   Thumb Code     0  startup_stm32f10x_hd.o(.text)
    TIM1_TRG_COM_IRQHandler                  0x0800192f   Thumb Code     0  startup_stm32f10x_hd.o(.text)
    TIM1_UP_IRQHandler                       0x0800192f   Thumb Code     0  startup_stm32f10x_hd.o(.text)
    TIM5_IRQHandler                          0x0800192f   Thumb Code     0  startup_stm32f10x_hd.o(.text)
    TIM6_IRQHandler                          0x0800192f   Thumb Code     0  startup_stm32f10x_hd.o(.text)
    TIM7_IRQHandler                          0x0800192f   Thumb Code     0  startup_stm32f10x_hd.o(.text)
    TIM8_BRK_IRQHandler                      0x0800192f   Thumb Code     0  startup_stm32f10x_hd.o(.text)
    TIM8_CC_IRQHandler                       0x0800192f   Thumb Code     0  startup_stm32f10x_hd.o(.text)
    TIM8_TRG_COM_IRQHandler                  0x0800192f   Thumb Code     0  startup_stm32f10x_hd.o(.text)
    TIM8_UP_IRQHandler                       0x0800192f   Thumb Code     0  startup_stm32f10x_hd.o(.text)
    UART4_IRQHandler                         0x0800192f   Thumb Code     0  startup_stm32f10x_hd.o(.text)
    UART5_IRQHandler                         0x0800192f   Thumb Code     0  startup_stm32f10x_hd.o(.text)
    USART2_IRQHandler                        0x0800192f   Thumb Code     0  startup_stm32f10x_hd.o(.text)
    USART3_IRQHandler                        0x0800192f   Thumb Code     0  startup_stm32f10x_hd.o(.text)
    USBWakeUp_IRQHandler                     0x0800192f   Thumb Code     0  startup_stm32f10x_hd.o(.text)
    USB_HP_CAN1_TX_IRQHandler                0x0800192f   Thumb Code     0  startup_stm32f10x_hd.o(.text)
    USB_LP_CAN1_RX0_IRQHandler               0x0800192f   Thumb Code     0  startup_stm32f10x_hd.o(.text)
    WWDG_IRQHandler                          0x0800192f   Thumb Code     0  startup_stm32f10x_hd.o(.text)
    __user_initial_stackheap                 0x08001931   Thumb Code     0  startup_stm32f10x_hd.o(.text)
    NVIC_PriorityGroupConfig                 0x08001955   Thumb Code    10  misc.o(.text)
    NVIC_Init                                0x0800195f   Thumb Code   100  misc.o(.text)
    NVIC_SetVectorTable                      0x080019c3   Thumb Code    14  misc.o(.text)
    NVIC_SystemLPConfig                      0x080019d1   Thumb Code    34  misc.o(.text)
    SysTick_CLKSourceConfig                  0x080019f3   Thumb Code    40  misc.o(.text)
    GPIO_DeInit                              0x08001a31   Thumb Code   172  stm32f10x_gpio.o(.text)
    GPIO_AFIODeInit                          0x08001add   Thumb Code    20  stm32f10x_gpio.o(.text)
    GPIO_Init                                0x08001af1   Thumb Code   278  stm32f10x_gpio.o(.text)
    GPIO_StructInit                          0x08001c07   Thumb Code    16  stm32f10x_gpio.o(.text)
    GPIO_ReadInputDataBit                    0x08001c17   Thumb Code    18  stm32f10x_gpio.o(.text)
    GPIO_ReadInputData                       0x08001c29   Thumb Code     8  stm32f10x_gpio.o(.text)
    GPIO_ReadOutputDataBit                   0x08001c31   Thumb Code    18  stm32f10x_gpio.o(.text)
    GPIO_ReadOutputData                      0x08001c43   Thumb Code     8  stm32f10x_gpio.o(.text)
    GPIO_SetBits                             0x08001c4b   Thumb Code     4  stm32f10x_gpio.o(.text)
    GPIO_ResetBits                           0x08001c4f   Thumb Code     4  stm32f10x_gpio.o(.text)
    GPIO_WriteBit                            0x08001c53   Thumb Code    10  stm32f10x_gpio.o(.text)
    GPIO_Write                               0x08001c5d   Thumb Code     4  stm32f10x_gpio.o(.text)
    GPIO_PinLockConfig                       0x08001c61   Thumb Code    18  stm32f10x_gpio.o(.text)
    GPIO_EventOutputConfig                   0x08001c73   Thumb Code    26  stm32f10x_gpio.o(.text)
    GPIO_EventOutputCmd                      0x08001c8d   Thumb Code     6  stm32f10x_gpio.o(.text)
    GPIO_PinRemapConfig                      0x08001c93   Thumb Code   138  stm32f10x_gpio.o(.text)
    GPIO_EXTILineConfig                      0x08001d1d   Thumb Code    66  stm32f10x_gpio.o(.text)
    GPIO_ETH_MediaInterfaceConfig            0x08001d5f   Thumb Code     8  stm32f10x_gpio.o(.text)
    RCC_DeInit                               0x08001d8d   Thumb Code    64  stm32f10x_rcc.o(.text)
    RCC_HSEConfig                            0x08001dcd   Thumb Code    70  stm32f10x_rcc.o(.text)
    RCC_GetFlagStatus                        0x08001e13   Thumb Code    56  stm32f10x_rcc.o(.text)
    RCC_WaitForHSEStartUp                    0x08001e4b   Thumb Code    56  stm32f10x_rcc.o(.text)
    RCC_AdjustHSICalibrationValue            0x08001e83   Thumb Code    20  stm32f10x_rcc.o(.text)
    RCC_HSICmd                               0x08001e97   Thumb Code     6  stm32f10x_rcc.o(.text)
    RCC_PLLConfig                            0x08001e9d   Thumb Code    24  stm32f10x_rcc.o(.text)
    RCC_PLLCmd                               0x08001eb5   Thumb Code     6  stm32f10x_rcc.o(.text)
    RCC_SYSCLKConfig                         0x08001ebb   Thumb Code    18  stm32f10x_rcc.o(.text)
    RCC_GetSYSCLKSource                      0x08001ecd   Thumb Code    10  stm32f10x_rcc.o(.text)
    RCC_HCLKConfig                           0x08001ed7   Thumb Code    18  stm32f10x_rcc.o(.text)
    RCC_PCLK1Config                          0x08001ee9   Thumb Code    18  stm32f10x_rcc.o(.text)
    RCC_PCLK2Config                          0x08001efb   Thumb Code    20  stm32f10x_rcc.o(.text)
    RCC_ITConfig                             0x08001f0f   Thumb Code    26  stm32f10x_rcc.o(.text)
    RCC_USBCLKConfig                         0x08001f29   Thumb Code     8  stm32f10x_rcc.o(.text)
    RCC_ADCCLKConfig                         0x08001f31   Thumb Code    18  stm32f10x_rcc.o(.text)
    RCC_LSEConfig                            0x08001f43   Thumb Code    50  stm32f10x_rcc.o(.text)
    RCC_LSICmd                               0x08001f75   Thumb Code     6  stm32f10x_rcc.o(.text)
    RCC_RTCCLKConfig                         0x08001f7b   Thumb Code    12  stm32f10x_rcc.o(.text)
    RCC_RTCCLKCmd                            0x08001f87   Thumb Code     8  stm32f10x_rcc.o(.text)
    RCC_GetClocksFreq                        0x08001f8f   Thumb Code   192  stm32f10x_rcc.o(.text)
    RCC_AHBPeriphClockCmd                    0x0800204f   Thumb Code    26  stm32f10x_rcc.o(.text)
    RCC_APB2PeriphClockCmd                   0x08002069   Thumb Code    26  stm32f10x_rcc.o(.text)
    RCC_APB1PeriphClockCmd                   0x08002083   Thumb Code    26  stm32f10x_rcc.o(.text)
    RCC_APB2PeriphResetCmd                   0x0800209d   Thumb Code    26  stm32f10x_rcc.o(.text)
    RCC_APB1PeriphResetCmd                   0x080020b7   Thumb Code    26  stm32f10x_rcc.o(.text)
    RCC_BackupResetCmd                       0x080020d1   Thumb Code     8  stm32f10x_rcc.o(.text)
    RCC_ClockSecuritySystemCmd               0x080020d9   Thumb Code     6  stm32f10x_rcc.o(.text)
    RCC_MCOConfig                            0x080020df   Thumb Code     6  stm32f10x_rcc.o(.text)
    RCC_ClearFlag                            0x080020e5   Thumb Code    14  stm32f10x_rcc.o(.text)
    RCC_GetITStatus                          0x080020f3   Thumb Code    20  stm32f10x_rcc.o(.text)
    RCC_ClearITPendingBit                    0x08002107   Thumb Code     6  stm32f10x_rcc.o(.text)
    TIM_DeInit                               0x08002131   Thumb Code   424  stm32f10x_tim.o(.text)
    TIM_TimeBaseInit                         0x080022d9   Thumb Code   122  stm32f10x_tim.o(.text)
    TIM_OC1Init                              0x08002353   Thumb Code   132  stm32f10x_tim.o(.text)
    TIM_OC2Init                              0x080023d7   Thumb Code   154  stm32f10x_tim.o(.text)
    TIM_OC3Init                              0x08002471   Thumb Code   150  stm32f10x_tim.o(.text)
    TIM_OC4Init                              0x08002507   Thumb Code   182  stm32f10x_tim.o(.text)
    TIM_SetIC4Prescaler                      0x080025bd   Thumb Code    26  stm32f10x_tim.o(.text)
    TIM_SetIC3Prescaler                      0x08002659   Thumb Code    18  stm32f10x_tim.o(.text)
    TIM_SetIC2Prescaler                      0x080026e5   Thumb Code    26  stm32f10x_tim.o(.text)
    TIM_SetIC1Prescaler                      0x08002781   Thumb Code    18  stm32f10x_tim.o(.text)
    TIM_ICInit                               0x080027ff   Thumb Code   150  stm32f10x_tim.o(.text)
    TIM_PWMIConfig                           0x08002895   Thumb Code   124  stm32f10x_tim.o(.text)
    TIM_BDTRConfig                           0x08002911   Thumb Code    32  stm32f10x_tim.o(.text)
    TIM_TimeBaseStructInit                   0x08002931   Thumb Code    18  stm32f10x_tim.o(.text)
    TIM_OCStructInit                         0x08002943   Thumb Code    20  stm32f10x_tim.o(.text)
    TIM_ICStructInit                         0x08002957   Thumb Code    18  stm32f10x_tim.o(.text)
    TIM_BDTRStructInit                       0x08002969   Thumb Code    40  stm32f10x_tim.o(.text)
    TIM_Cmd                                  0x08002991   Thumb Code    24  stm32f10x_tim.o(.text)
    TIM_CtrlPWMOutputs                       0x080029a9   Thumb Code    30  stm32f10x_tim.o(.text)
    TIM_ITConfig                             0x080029c7   Thumb Code    18  stm32f10x_tim.o(.text)
    TIM_GenerateEvent                        0x080029d9   Thumb Code     4  stm32f10x_tim.o(.text)
    TIM_DMAConfig                            0x080029dd   Thumb Code    10  stm32f10x_tim.o(.text)
    TIM_DMACmd                               0x080029e7   Thumb Code    18  stm32f10x_tim.o(.text)
    TIM_InternalClockConfig                  0x080029f9   Thumb Code    12  stm32f10x_tim.o(.text)
    TIM_SelectInputTrigger                   0x08002a05   Thumb Code    18  stm32f10x_tim.o(.text)
    TIM_ITRxExternalClockConfig              0x08002a17   Thumb Code    24  stm32f10x_tim.o(.text)
    TIM_TIxExternalClockConfig               0x08002a2f   Thumb Code    62  stm32f10x_tim.o(.text)
    TIM_ETRConfig                            0x08002a6d   Thumb Code    28  stm32f10x_tim.o(.text)
    TIM_ETRClockMode1Config                  0x08002a89   Thumb Code    54  stm32f10x_tim.o(.text)
    TIM_ETRClockMode2Config                  0x08002abf   Thumb Code    32  stm32f10x_tim.o(.text)
    TIM_PrescalerConfig                      0x08002adf   Thumb Code     6  stm32f10x_tim.o(.text)
    TIM_CounterModeConfig                    0x08002ae5   Thumb Code    18  stm32f10x_tim.o(.text)
    TIM_EncoderInterfaceConfig               0x08002af7   Thumb Code    66  stm32f10x_tim.o(.text)
    TIM_ForcedOC1Config                      0x08002b39   Thumb Code    18  stm32f10x_tim.o(.text)
    TIM_ForcedOC2Config                      0x08002b4b   Thumb Code    26  stm32f10x_tim.o(.text)
    TIM_ForcedOC3Config                      0x08002b65   Thumb Code    18  stm32f10x_tim.o(.text)
    TIM_ForcedOC4Config                      0x08002b77   Thumb Code    26  stm32f10x_tim.o(.text)
    TIM_ARRPreloadConfig                     0x08002b91   Thumb Code    24  stm32f10x_tim.o(.text)
    TIM_SelectCOM                            0x08002ba9   Thumb Code    24  stm32f10x_tim.o(.text)
    TIM_SelectCCDMA                          0x08002bc1   Thumb Code    24  stm32f10x_tim.o(.text)
    TIM_CCPreloadControl                     0x08002bd9   Thumb Code    24  stm32f10x_tim.o(.text)
    TIM_OC1PreloadConfig                     0x08002bf1   Thumb Code    18  stm32f10x_tim.o(.text)
    TIM_OC2PreloadConfig                     0x08002c03   Thumb Code    26  stm32f10x_tim.o(.text)
    TIM_OC3PreloadConfig                     0x08002c1d   Thumb Code    18  stm32f10x_tim.o(.text)
    TIM_OC4PreloadConfig                     0x08002c2f   Thumb Code    26  stm32f10x_tim.o(.text)
    TIM_OC1FastConfig                        0x08002c49   Thumb Code    18  stm32f10x_tim.o(.text)
    TIM_OC2FastConfig                        0x08002c5b   Thumb Code    26  stm32f10x_tim.o(.text)
    TIM_OC3FastConfig                        0x08002c75   Thumb Code    18  stm32f10x_tim.o(.text)
    TIM_OC4FastConfig                        0x08002c87   Thumb Code    26  stm32f10x_tim.o(.text)
    TIM_ClearOC1Ref                          0x08002ca1   Thumb Code    18  stm32f10x_tim.o(.text)
    TIM_ClearOC2Ref                          0x08002cb3   Thumb Code    24  stm32f10x_tim.o(.text)
    TIM_ClearOC3Ref                          0x08002ccb   Thumb Code    18  stm32f10x_tim.o(.text)
    TIM_ClearOC4Ref                          0x08002cdd   Thumb Code    24  stm32f10x_tim.o(.text)
    TIM_OC1PolarityConfig                    0x08002cf5   Thumb Code    18  stm32f10x_tim.o(.text)
    TIM_OC1NPolarityConfig                   0x08002d07   Thumb Code    18  stm32f10x_tim.o(.text)
    TIM_OC2PolarityConfig                    0x08002d19   Thumb Code    26  stm32f10x_tim.o(.text)
    TIM_OC2NPolarityConfig                   0x08002d33   Thumb Code    26  stm32f10x_tim.o(.text)
    TIM_OC3PolarityConfig                    0x08002d4d   Thumb Code    26  stm32f10x_tim.o(.text)
    TIM_OC3NPolarityConfig                   0x08002d67   Thumb Code    26  stm32f10x_tim.o(.text)
    TIM_OC4PolarityConfig                    0x08002d81   Thumb Code    26  stm32f10x_tim.o(.text)
    TIM_CCxCmd                               0x08002d9b   Thumb Code    30  stm32f10x_tim.o(.text)
    TIM_CCxNCmd                              0x08002db9   Thumb Code    30  stm32f10x_tim.o(.text)
    TIM_SelectOCxM                           0x08002dd7   Thumb Code    82  stm32f10x_tim.o(.text)
    TIM_UpdateDisableConfig                  0x08002e29   Thumb Code    24  stm32f10x_tim.o(.text)
    TIM_UpdateRequestConfig                  0x08002e41   Thumb Code    24  stm32f10x_tim.o(.text)
    TIM_SelectHallSensor                     0x08002e59   Thumb Code    24  stm32f10x_tim.o(.text)
    TIM_SelectOnePulseMode                   0x08002e71   Thumb Code    18  stm32f10x_tim.o(.text)
    TIM_SelectOutputTrigger                  0x08002e83   Thumb Code    18  stm32f10x_tim.o(.text)
    TIM_SelectSlaveMode                      0x08002e95   Thumb Code    18  stm32f10x_tim.o(.text)
    TIM_SelectMasterSlaveMode                0x08002ea7   Thumb Code    18  stm32f10x_tim.o(.text)
    TIM_SetCounter                           0x08002eb9   Thumb Code     4  stm32f10x_tim.o(.text)
    TIM_SetAutoreload                        0x08002ebd   Thumb Code     4  stm32f10x_tim.o(.text)
    TIM_SetCompare1                          0x08002ec1   Thumb Code     4  stm32f10x_tim.o(.text)
    TIM_SetCompare2                          0x08002ec5   Thumb Code     4  stm32f10x_tim.o(.text)
    TIM_SetCompare3                          0x08002ec9   Thumb Code     4  stm32f10x_tim.o(.text)
    TIM_SetCompare4                          0x08002ecd   Thumb Code     6  stm32f10x_tim.o(.text)
    TIM_SetClockDivision                     0x08002ed3   Thumb Code    18  stm32f10x_tim.o(.text)
    TIM_GetCapture1                          0x08002ee5   Thumb Code     6  stm32f10x_tim.o(.text)
    TIM_GetCapture2                          0x08002eeb   Thumb Code     6  stm32f10x_tim.o(.text)
    TIM_GetCapture3                          0x08002ef1   Thumb Code     6  stm32f10x_tim.o(.text)
    TIM_GetCapture4                          0x08002ef7   Thumb Code     8  stm32f10x_tim.o(.text)
    TIM_GetCounter                           0x08002eff   Thumb Code     6  stm32f10x_tim.o(.text)
    TIM_GetPrescaler                         0x08002f05   Thumb Code     6  stm32f10x_tim.o(.text)
    TIM_GetFlagStatus                        0x08002f0b   Thumb Code    18  stm32f10x_tim.o(.text)
    TIM_ClearFlag                            0x08002f1d   Thumb Code     6  stm32f10x_tim.o(.text)
    TIM_GetITStatus                          0x08002f23   Thumb Code    34  stm32f10x_tim.o(.text)
    TIM_ClearITPendingBit                    0x08002f45   Thumb Code     6  stm32f10x_tim.o(.text)
    USART_DeInit                             0x08002f4d   Thumb Code   134  stm32f10x_usart.o(.text)
    USART_Init                               0x08002fd3   Thumb Code   210  stm32f10x_usart.o(.text)
    USART_StructInit                         0x080030a5   Thumb Code    24  stm32f10x_usart.o(.text)
    USART_ClockInit                          0x080030bd   Thumb Code    34  stm32f10x_usart.o(.text)
    USART_ClockStructInit                    0x080030df   Thumb Code    12  stm32f10x_usart.o(.text)
    USART_Cmd                                0x080030eb   Thumb Code    24  stm32f10x_usart.o(.text)
    USART_ITConfig                           0x08003103   Thumb Code    74  stm32f10x_usart.o(.text)
    USART_DMACmd                             0x0800314d   Thumb Code    18  stm32f10x_usart.o(.text)
    USART_SetAddress                         0x0800315f   Thumb Code    18  stm32f10x_usart.o(.text)
    USART_WakeUpConfig                       0x08003171   Thumb Code    18  stm32f10x_usart.o(.text)
    USART_ReceiverWakeUpCmd                  0x08003183   Thumb Code    24  stm32f10x_usart.o(.text)
    USART_LINBreakDetectLengthConfig         0x0800319b   Thumb Code    18  stm32f10x_usart.o(.text)
    USART_LINCmd                             0x080031ad   Thumb Code    24  stm32f10x_usart.o(.text)
    USART_SendData                           0x080031c5   Thumb Code     8  stm32f10x_usart.o(.text)
    USART_ReceiveData                        0x080031cd   Thumb Code    10  stm32f10x_usart.o(.text)
    USART_SendBreak                          0x080031d7   Thumb Code    10  stm32f10x_usart.o(.text)
    USART_SetGuardTime                       0x080031e1   Thumb Code    16  stm32f10x_usart.o(.text)
    USART_SetPrescaler                       0x080031f1   Thumb Code    16  stm32f10x_usart.o(.text)
    USART_SmartCardCmd                       0x08003201   Thumb Code    24  stm32f10x_usart.o(.text)
    USART_SmartCardNACKCmd                   0x08003219   Thumb Code    24  stm32f10x_usart.o(.text)
    USART_HalfDuplexCmd                      0x08003231   Thumb Code    24  stm32f10x_usart.o(.text)
    USART_OverSampling8Cmd                   0x08003249   Thumb Code    22  stm32f10x_usart.o(.text)
    USART_OneBitMethodCmd                    0x0800325f   Thumb Code    24  stm32f10x_usart.o(.text)
    USART_IrDAConfig                         0x08003277   Thumb Code    18  stm32f10x_usart.o(.text)
    USART_IrDACmd                            0x08003289   Thumb Code    24  stm32f10x_usart.o(.text)
    USART_GetFlagStatus                      0x080032a1   Thumb Code    26  stm32f10x_usart.o(.text)
    USART_ClearFlag                          0x080032bb   Thumb Code    18  stm32f10x_usart.o(.text)
    USART_GetITStatus                        0x080032cd   Thumb Code    84  stm32f10x_usart.o(.text)
    USART_ClearITPendingBit                  0x08003321   Thumb Code    52  stm32f10x_usart.o(.text)
    ADC_DeInit                               0x08003355   Thumb Code    78  stm32f10x_adc.o(.text)
    ADC_Init                                 0x080033a3   Thumb Code    70  stm32f10x_adc.o(.text)
    ADC_StructInit                           0x080033e9   Thumb Code    18  stm32f10x_adc.o(.text)
    ADC_Cmd                                  0x080033fb   Thumb Code    22  stm32f10x_adc.o(.text)
    ADC_DMACmd                               0x08003411   Thumb Code    22  stm32f10x_adc.o(.text)
    ADC_ITConfig                             0x08003427   Thumb Code    24  stm32f10x_adc.o(.text)
    ADC_ResetCalibration                     0x0800343f   Thumb Code    10  stm32f10x_adc.o(.text)
    ADC_GetResetCalibrationStatus            0x08003449   Thumb Code    20  stm32f10x_adc.o(.text)
    ADC_StartCalibration                     0x0800345d   Thumb Code    10  stm32f10x_adc.o(.text)
    ADC_GetCalibrationStatus                 0x08003467   Thumb Code    20  stm32f10x_adc.o(.text)
    ADC_SoftwareStartConvCmd                 0x0800347b   Thumb Code    22  stm32f10x_adc.o(.text)
    ADC_GetSoftwareStartConvStatus           0x08003491   Thumb Code    20  stm32f10x_adc.o(.text)
    ADC_DiscModeChannelCountConfig           0x080034a5   Thumb Code    24  stm32f10x_adc.o(.text)
    ADC_DiscModeCmd                          0x080034bd   Thumb Code    22  stm32f10x_adc.o(.text)
    ADC_RegularChannelConfig                 0x080034d3   Thumb Code   184  stm32f10x_adc.o(.text)
    ADC_ExternalTrigConvCmd                  0x0800358b   Thumb Code    22  stm32f10x_adc.o(.text)
    ADC_GetConversionValue                   0x080035a1   Thumb Code     8  stm32f10x_adc.o(.text)
    ADC_GetDualModeConversionValue           0x080035a9   Thumb Code     8  stm32f10x_adc.o(.text)
    ADC_AutoInjectedConvCmd                  0x080035b1   Thumb Code    22  stm32f10x_adc.o(.text)
    ADC_InjectedDiscModeCmd                  0x080035c7   Thumb Code    22  stm32f10x_adc.o(.text)
    ADC_ExternalTrigInjectedConvConfig       0x080035dd   Thumb Code    16  stm32f10x_adc.o(.text)
    ADC_ExternalTrigInjectedConvCmd          0x080035ed   Thumb Code    22  stm32f10x_adc.o(.text)
    ADC_SoftwareStartInjectedConvCmd         0x08003603   Thumb Code    22  stm32f10x_adc.o(.text)
    ADC_GetSoftwareStartInjectedConvCmdStatus 0x08003619   Thumb Code    20  stm32f10x_adc.o(.text)
    ADC_InjectedChannelConfig                0x0800362d   Thumb Code   130  stm32f10x_adc.o(.text)
    ADC_InjectedSequencerLengthConfig        0x080036af   Thumb Code    24  stm32f10x_adc.o(.text)
    ADC_SetInjectedOffset                    0x080036c7   Thumb Code    20  stm32f10x_adc.o(.text)
    ADC_GetInjectedConversionValue           0x080036db   Thumb Code    28  stm32f10x_adc.o(.text)
    ADC_AnalogWatchdogCmd                    0x080036f7   Thumb Code    16  stm32f10x_adc.o(.text)
    ADC_AnalogWatchdogThresholdsConfig       0x08003707   Thumb Code     6  stm32f10x_adc.o(.text)
    ADC_AnalogWatchdogSingleChannelConfig    0x0800370d   Thumb Code    16  stm32f10x_adc.o(.text)
    ADC_TempSensorVrefintCmd                 0x0800371d   Thumb Code    64  stm32f10x_adc.o(.text)
    ADC_GetFlagStatus                        0x0800375d   Thumb Code    18  stm32f10x_adc.o(.text)
    ADC_ClearFlag                            0x0800376f   Thumb Code     6  stm32f10x_adc.o(.text)
    ADC_GetITStatus                          0x08003775   Thumb Code    36  stm32f10x_adc.o(.text)
    ADC_ClearITPendingBit                    0x08003799   Thumb Code    10  stm32f10x_adc.o(.text)
    DMA_DeInit                               0x080037a5   Thumb Code   324  stm32f10x_dma.o(.text)
    DMA_Init                                 0x080038e9   Thumb Code    60  stm32f10x_dma.o(.text)
    DMA_StructInit                           0x08003925   Thumb Code    26  stm32f10x_dma.o(.text)
    DMA_Cmd                                  0x0800393f   Thumb Code    24  stm32f10x_dma.o(.text)
    DMA_ITConfig                             0x08003957   Thumb Code    18  stm32f10x_dma.o(.text)
    DMA_SetCurrDataCounter                   0x08003969   Thumb Code     4  stm32f10x_dma.o(.text)
    DMA_GetCurrDataCounter                   0x0800396d   Thumb Code     8  stm32f10x_dma.o(.text)
    DMA_GetFlagStatus                        0x08003975   Thumb Code    40  stm32f10x_dma.o(.text)
    DMA_ClearFlag                            0x0800399d   Thumb Code    22  stm32f10x_dma.o(.text)
    DMA_GetITStatus                          0x080039b3   Thumb Code    40  stm32f10x_dma.o(.text)
    DMA_ClearITPendingBit                    0x080039db   Thumb Code    22  stm32f10x_dma.o(.text)
    EXTI_DeInit                              0x080039f9   Thumb Code    28  stm32f10x_exti.o(.text)
    EXTI_Init                                0x08003a15   Thumb Code   142  stm32f10x_exti.o(.text)
    EXTI_StructInit                          0x08003aa3   Thumb Code    16  stm32f10x_exti.o(.text)
    EXTI_GenerateSWInterrupt                 0x08003ab3   Thumb Code    16  stm32f10x_exti.o(.text)
    EXTI_GetFlagStatus                       0x08003ac3   Thumb Code    22  stm32f10x_exti.o(.text)
    EXTI_ClearFlag                           0x08003ad9   Thumb Code     8  stm32f10x_exti.o(.text)
    EXTI_GetITStatus                         0x08003ae1   Thumb Code    34  stm32f10x_exti.o(.text)
    EXTI_ClearITPendingBit                   0x08003b03   Thumb Code     8  stm32f10x_exti.o(.text)
    SPI_I2S_DeInit                           0x08003b15   Thumb Code    76  stm32f10x_spi.o(.text)
    SPI_Init                                 0x08003b61   Thumb Code    60  stm32f10x_spi.o(.text)
    I2S_Init                                 0x08003b9d   Thumb Code   226  stm32f10x_spi.o(.text)
    SPI_StructInit                           0x08003c7f   Thumb Code    24  stm32f10x_spi.o(.text)
    I2S_StructInit                           0x08003c97   Thumb Code    20  stm32f10x_spi.o(.text)
    SPI_Cmd                                  0x08003cab   Thumb Code    24  stm32f10x_spi.o(.text)
    I2S_Cmd                                  0x08003cc3   Thumb Code    24  stm32f10x_spi.o(.text)
    SPI_I2S_ITConfig                         0x08003cdb   Thumb Code    32  stm32f10x_spi.o(.text)
    SPI_I2S_DMACmd                           0x08003cfb   Thumb Code    18  stm32f10x_spi.o(.text)
    SPI_I2S_SendData                         0x08003d0d   Thumb Code     4  stm32f10x_spi.o(.text)
    SPI_I2S_ReceiveData                      0x08003d11   Thumb Code     6  stm32f10x_spi.o(.text)
    SPI_NSSInternalSoftwareConfig            0x08003d17   Thumb Code    30  stm32f10x_spi.o(.text)
    SPI_SSOutputCmd                          0x08003d35   Thumb Code    24  stm32f10x_spi.o(.text)
    SPI_DataSizeConfig                       0x08003d4d   Thumb Code    18  stm32f10x_spi.o(.text)
    SPI_TransmitCRC                          0x08003d5f   Thumb Code    10  stm32f10x_spi.o(.text)
    SPI_CalculateCRC                         0x08003d69   Thumb Code    24  stm32f10x_spi.o(.text)
    SPI_GetCRC                               0x08003d81   Thumb Code    16  stm32f10x_spi.o(.text)
    SPI_GetCRCPolynomial                     0x08003d91   Thumb Code     6  stm32f10x_spi.o(.text)
    SPI_BiDirectionalLineConfig              0x08003d97   Thumb Code    28  stm32f10x_spi.o(.text)
    SPI_I2S_GetFlagStatus                    0x08003db3   Thumb Code    18  stm32f10x_spi.o(.text)
    SPI_I2S_ClearFlag                        0x08003dc5   Thumb Code     6  stm32f10x_spi.o(.text)
    SPI_I2S_GetITStatus                      0x08003dcb   Thumb Code    52  stm32f10x_spi.o(.text)
    SPI_I2S_ClearITPendingBit                0x08003dff   Thumb Code    20  stm32f10x_spi.o(.text)
    __use_no_semihosting                     0x08003e21   Thumb Code     2  use_no_semi_2.o(.text)
    __2sprintf                               0x08003e25   Thumb Code    34  noretval__2sprintf.o(.text)
    _printf_pre_padding                      0x08003e4d   Thumb Code    44  _printf_pad.o(.text)
    _printf_post_padding                     0x08003e79   Thumb Code    34  _printf_pad.o(.text)
    _printf_int_dec                          0x08003e9d   Thumb Code   104  _printf_dec.o(.text)
    __printf                                 0x08003f15   Thumb Code   270  __printf_wp.o(.text)
    __aeabi_memclr                           0x08004023   Thumb Code     0  rt_memclr.o(.text)
    __rt_memclr                              0x08004023   Thumb Code    68  rt_memclr.o(.text)
    _memset                                  0x08004027   Thumb Code     0  rt_memclr.o(.text)
    __use_two_region_memory                  0x08004067   Thumb Code     2  heapauxi.o(.text)
    __rt_heap_escrow$2region                 0x08004069   Thumb Code     2  heapauxi.o(.text)
    __rt_heap_expand$2region                 0x0800406b   Thumb Code     2  heapauxi.o(.text)
    __I$use$semihosting                      0x0800406d   Thumb Code     0  use_no_semi.o(.text)
    __use_no_semihosting_swi                 0x0800406d   Thumb Code     2  use_no_semi.o(.text)
    _printf_int_common                       0x0800406f   Thumb Code   178  _printf_intcommon.o(.text)
    _printf_char_common                      0x0800412b   Thumb Code    32  _printf_char_common.o(.text)
    _sputc                                   0x08004151   Thumb Code    10  _sputc.o(.text)
    __aeabi_memclr4                          0x0800415b   Thumb Code     0  rt_memclr_w.o(.text)
    __aeabi_memclr8                          0x0800415b   Thumb Code     0  rt_memclr_w.o(.text)
    __rt_memclr_w                            0x0800415b   Thumb Code    78  rt_memclr_w.o(.text)
    _memset_w                                0x0800415f   Thumb Code     0  rt_memclr_w.o(.text)
    __user_setup_stackheap                   0x080041a9   Thumb Code    74  sys_stackheap_outer.o(.text)
    exit                                     0x080041f3   Thumb Code    18  exit.o(.text)
    __user_libspace                          0x08004205   Thumb Code     8  libspace.o(.text)
    __user_perproc_libspace                  0x08004205   Thumb Code     0  libspace.o(.text)
    __user_perthread_libspace                0x08004205   Thumb Code     0  libspace.o(.text)
    _is_digit                                0x0800420d   Thumb Code    14  __printf_wp.o(i._is_digit)
    __aeabi_d2uiz                            0x0800421d   Thumb Code     0  dfixu.o(x$fpl$dfixu)
    _dfixu                                   0x0800421d   Thumb Code    90  dfixu.o(x$fpl$dfixu)
    __aeabi_ui2d                             0x08004277   Thumb Code     0  dflt_clz.o(x$fpl$dfltu)
    _dfltu                                   0x08004277   Thumb Code    38  dflt_clz.o(x$fpl$dfltu)
    __aeabi_dmul                             0x0800429d   Thumb Code     0  dmul.o(x$fpl$dmul)
    _dmul                                    0x0800429d   Thumb Code   332  dmul.o(x$fpl$dmul)
    __fpl_dnaninf                            0x080043f1   Thumb Code   156  dnaninf.o(x$fpl$dnaninf)
    __fpl_dretinf                            0x0800448d   Thumb Code    12  dretinf.o(x$fpl$dretinf)
    __I$use$fp                               0x08004498   Number         0  usenofp.o(x$fpl$usenofp)
    asc2_1206                                0x08004498   Data        1140  oled4piniic.o(.constdata)
    asc2_1608                                0x0800490c   Data        1520  oled4piniic.o(.constdata)
    asc2_2412                                0x08004efc   Data        3420  oled4piniic.o(.constdata)
    CHS_1616                                 0x08005c58   Data          96  oled4piniic.o(.constdata)
    OLED_init_cmd                            0x08005cb8   Data          25  oled4piniic.o(.constdata)
    Region$$Table$$Base                      0x08005cd4   Number         0  anon$$obj.o(Region$$Table)
    Region$$Table$$Limit                     0x08005cf4   Number         0  anon$$obj.o(Region$$Table)
    u8DispBuf                                0x20000000   Data           5  main.o(.data)
    value                                    0x20000005   Data           5  main.o(.data)
    u16ADCOK                                 0x2000000a   Data           2  main.o(.data)
    u16DacVal                                0x2000000c   Data           2  main.o(.data)
    lightADC                                 0x2000000e   Data           2  main.o(.data)
    light                                    0x20000010   Data           2  main.o(.data)
    prr                                      0x20000012   Data           2  main.o(.data)
    com                                      0x20000014   Data           2  main.o(.data)
    pst                                      0x20000016   Data           2  main.o(.data)
    time                                     0x20000018   Data           2  main.o(.data)
    buff                                     0x2000001a   Data           4  main.o(.data)
    SystemCoreClock                          0x20000020   Data           4  system_stm32f10x.o(.data)
    AHBPrescTable                            0x20000024   Data          16  system_stm32f10x.o(.data)
    __stdout                                 0x2000003c   Data           4  usart.o(.data)
    USART_RX_STA                             0x20000040   Data           2  usart.o(.data)
    u16ADCConvertedValue                     0x20000058   Data         128  main.o(.bss)
    temp                                     0x200000d8   Data          64  main.o(.bss)
    OLED_GRAM                                0x20000118   Data        1024  oled4piniic.o(.bss)
    USART_RX_BUF                             0x20000518   Data         200  usart.o(.bss)
    __libspace_start                         0x200005e0   Data          96  libspace.o(.bss)
    __temporary_stack_top$libspace           0x20000640   Data           0  libspace.o(.bss)



==============================================================================

Memory Map of the image

  Image Entry point : 0x08000131

  Load Region LR_IROM1 (Base: 0x08000000, Size: 0x00005d4c, Max: 0x00080000, ABSOLUTE)

    Execution Region ER_IROM1 (Base: 0x08000000, Size: 0x00005cf4, Max: 0x00080000, ABSOLUTE)

    Base Addr    Size         Type   Attr      Idx    E Section Name        Object

    0x08000000   0x00000130   Data   RO          463    RESET               startup_stm32f10x_hd.o
    0x08000130   0x00000008   Code   RO          800  * !!!main             c_w.l(__main.o)
    0x08000138   0x00000034   Code   RO          993    !!!scatter          c_w.l(__scatter.o)
    0x0800016c   0x0000001a   Code   RO          995    !!handler_copy      c_w.l(__scatter_copy.o)
    0x08000186   0x00000002   PAD
    0x08000188   0x0000001c   Code   RO          997    !!handler_zi        c_w.l(__scatter_zi.o)
    0x080001a4   0x00000000   Code   RO          795    .ARM.Collect$$_printf_percent$$00000000  c_w.l(_printf_percent.o)
    0x080001a4   0x00000006   Code   RO          794    .ARM.Collect$$_printf_percent$$00000009  c_w.l(_printf_d.o)
    0x080001aa   0x00000004   Code   RO          829    .ARM.Collect$$_printf_percent$$00000017  c_w.l(_printf_percent_end.o)
    0x080001ae   0x00000002   Code   RO          867    .ARM.Collect$$libinit$$00000000  c_w.l(libinit.o)
    0x080001b0   0x00000000   Code   RO          874    .ARM.Collect$$libinit$$00000002  c_w.l(libinit2.o)
    0x080001b0   0x00000000   Code   RO          876    .ARM.Collect$$libinit$$00000004  c_w.l(libinit2.o)
    0x080001b0   0x00000000   Code   RO          879    .ARM.Collect$$libinit$$0000000A  c_w.l(libinit2.o)
    0x080001b0   0x00000000   Code   RO          881    .ARM.Collect$$libinit$$0000000C  c_w.l(libinit2.o)
    0x080001b0   0x00000000   Code   RO          883    .ARM.Collect$$libinit$$0000000E  c_w.l(libinit2.o)
    0x080001b0   0x00000000   Code   RO          886    .ARM.Collect$$libinit$$00000011  c_w.l(libinit2.o)
    0x080001b0   0x00000000   Code   RO          888    .ARM.Collect$$libinit$$00000013  c_w.l(libinit2.o)
    0x080001b0   0x00000000   Code   RO          890    .ARM.Collect$$libinit$$00000015  c_w.l(libinit2.o)
    0x080001b0   0x00000000   Code   RO          892    .ARM.Collect$$libinit$$00000017  c_w.l(libinit2.o)
    0x080001b0   0x00000000   Code   RO          894    .ARM.Collect$$libinit$$00000019  c_w.l(libinit2.o)
    0x080001b0   0x00000000   Code   RO          896    .ARM.Collect$$libinit$$0000001B  c_w.l(libinit2.o)
    0x080001b0   0x00000000   Code   RO          898    .ARM.Collect$$libinit$$0000001D  c_w.l(libinit2.o)
    0x080001b0   0x00000000   Code   RO          900    .ARM.Collect$$libinit$$0000001F  c_w.l(libinit2.o)
    0x080001b0   0x00000000   Code   RO          902    .ARM.Collect$$libinit$$00000021  c_w.l(libinit2.o)
    0x080001b0   0x00000000   Code   RO          904    .ARM.Collect$$libinit$$00000023  c_w.l(libinit2.o)
    0x080001b0   0x00000000   Code   RO          906    .ARM.Collect$$libinit$$00000025  c_w.l(libinit2.o)
    0x080001b0   0x00000000   Code   RO          910    .ARM.Collect$$libinit$$0000002C  c_w.l(libinit2.o)
    0x080001b0   0x00000000   Code   RO          912    .ARM.Collect$$libinit$$0000002E  c_w.l(libinit2.o)
    0x080001b0   0x00000000   Code   RO          914    .ARM.Collect$$libinit$$00000030  c_w.l(libinit2.o)
    0x080001b0   0x00000000   Code   RO          916    .ARM.Collect$$libinit$$00000032  c_w.l(libinit2.o)
    0x080001b0   0x00000002   Code   RO          917    .ARM.Collect$$libinit$$00000033  c_w.l(libinit2.o)
    0x080001b2   0x00000002   Code   RO          935    .ARM.Collect$$libshutdown$$00000000  c_w.l(libshutdown.o)
    0x080001b4   0x00000000   Code   RO          945    .ARM.Collect$$libshutdown$$00000002  c_w.l(libshutdown2.o)
    0x080001b4   0x00000000   Code   RO          947    .ARM.Collect$$libshutdown$$00000004  c_w.l(libshutdown2.o)
    0x080001b4   0x00000000   Code   RO          950    .ARM.Collect$$libshutdown$$00000007  c_w.l(libshutdown2.o)
    0x080001b4   0x00000000   Code   RO          953    .ARM.Collect$$libshutdown$$0000000A  c_w.l(libshutdown2.o)
    0x080001b4   0x00000000   Code   RO          955    .ARM.Collect$$libshutdown$$0000000C  c_w.l(libshutdown2.o)
    0x080001b4   0x00000000   Code   RO          958    .ARM.Collect$$libshutdown$$0000000F  c_w.l(libshutdown2.o)
    0x080001b4   0x00000002   Code   RO          959    .ARM.Collect$$libshutdown$$00000010  c_w.l(libshutdown2.o)
    0x080001b6   0x00000000   Code   RO          820    .ARM.Collect$$rtentry$$00000000  c_w.l(__rtentry.o)
    0x080001b6   0x00000000   Code   RO          838    .ARM.Collect$$rtentry$$00000002  c_w.l(__rtentry2.o)
    0x080001b6   0x00000006   Code   RO          850    .ARM.Collect$$rtentry$$00000004  c_w.l(__rtentry4.o)
    0x080001bc   0x00000000   Code   RO          840    .ARM.Collect$$rtentry$$00000009  c_w.l(__rtentry2.o)
    0x080001bc   0x00000004   Code   RO          841    .ARM.Collect$$rtentry$$0000000A  c_w.l(__rtentry2.o)
    0x080001c0   0x00000000   Code   RO          843    .ARM.Collect$$rtentry$$0000000C  c_w.l(__rtentry2.o)
    0x080001c0   0x00000008   Code   RO          844    .ARM.Collect$$rtentry$$0000000D  c_w.l(__rtentry2.o)
    0x080001c8   0x00000002   Code   RO          871    .ARM.Collect$$rtexit$$00000000  c_w.l(rtexit.o)
    0x080001ca   0x00000000   Code   RO          919    .ARM.Collect$$rtexit$$00000002  c_w.l(rtexit2.o)
    0x080001ca   0x00000004   Code   RO          920    .ARM.Collect$$rtexit$$00000003  c_w.l(rtexit2.o)
    0x080001ce   0x00000006   Code   RO          921    .ARM.Collect$$rtexit$$00000004  c_w.l(rtexit2.o)
    0x080001d4   0x00000214   Code   RO            1    .text               main.o
    0x080003e8   0x0000001a   Code   RO          157    .text               stm32f10x_it.o
    0x08000402   0x00000002   PAD
    0x08000404   0x000001e0   Code   RO          198    .text               system_stm32f10x.o
    0x080005e4   0x00000298   Code   RO          241    .text               adc.o
    0x0800087c   0x000000e4   Code   RO          266    .text               exti.o
    0x08000960   0x000000f4   Code   RO          282    .text               key.o
    0x08000a54   0x00000230   Code   RO          307    .text               myiic.o
    0x08000c84   0x00000750   Code   RO          319    .text               oled4piniic.o
    0x080013d4   0x000000fc   Code   RO          339    .text               spi.o
    0x080014d0   0x000000d4   Code   RO          382    .text               delay.o
    0x080015a4   0x00000140   Code   RO          413    .text               usart.o
    0x080016e4   0x00000230   Code   RO          436    .text               pwm.o
    0x08001914   0x00000040   Code   RO          464    .text               startup_stm32f10x_hd.o
    0x08001954   0x000000dc   Code   RO          468    .text               misc.o
    0x08001a30   0x0000035c   Code   RO          480    .text               stm32f10x_gpio.o
    0x08001d8c   0x000003a4   Code   RO          492    .text               stm32f10x_rcc.o
    0x08002130   0x00000e1a   Code   RO          506    .text               stm32f10x_tim.o
    0x08002f4a   0x00000002   PAD
    0x08002f4c   0x00000408   Code   RO          518    .text               stm32f10x_usart.o
    0x08003354   0x0000044e   Code   RO          530    .text               stm32f10x_adc.o
    0x080037a2   0x00000002   PAD
    0x080037a4   0x00000254   Code   RO          590    .text               stm32f10x_dma.o
    0x080039f8   0x0000011c   Code   RO          602    .text               stm32f10x_exti.o
    0x08003b14   0x0000030c   Code   RO          698    .text               stm32f10x_spi.o
    0x08003e20   0x00000002   Code   RO          736    .text               c_w.l(use_no_semi_2.o)
    0x08003e22   0x00000002   PAD
    0x08003e24   0x00000028   Code   RO          744    .text               c_w.l(noretval__2sprintf.o)
    0x08003e4c   0x0000004e   Code   RO          748    .text               c_w.l(_printf_pad.o)
    0x08003e9a   0x00000002   PAD
    0x08003e9c   0x00000078   Code   RO          750    .text               c_w.l(_printf_dec.o)
    0x08003f14   0x0000010e   Code   RO          781    .text               c_w.l(__printf_wp.o)
    0x08004022   0x00000044   Code   RO          796    .text               c_w.l(rt_memclr.o)
    0x08004066   0x00000006   Code   RO          798    .text               c_w.l(heapauxi.o)
    0x0800406c   0x00000002   Code   RO          818    .text               c_w.l(use_no_semi.o)
    0x0800406e   0x000000b2   Code   RO          821    .text               c_w.l(_printf_intcommon.o)
    0x08004120   0x00000030   Code   RO          823    .text               c_w.l(_printf_char_common.o)
    0x08004150   0x0000000a   Code   RO          825    .text               c_w.l(_sputc.o)
    0x0800415a   0x0000004e   Code   RO          830    .text               c_w.l(rt_memclr_w.o)
    0x080041a8   0x0000004a   Code   RO          858    .text               c_w.l(sys_stackheap_outer.o)
    0x080041f2   0x00000012   Code   RO          860    .text               c_w.l(exit.o)
    0x08004204   0x00000008   Code   RO          868    .text               c_w.l(libspace.o)
    0x0800420c   0x0000000e   Code   RO          783    i._is_digit         c_w.l(__printf_wp.o)
    0x0800421a   0x00000002   PAD
    0x0800421c   0x0000005a   Code   RO          806    x$fpl$dfixu         fz_ws.l(dfixu.o)
    0x08004276   0x00000026   Code   RO          810    x$fpl$dfltu         fz_ws.l(dflt_clz.o)
    0x0800429c   0x00000154   Code   RO          816    x$fpl$dmul          fz_ws.l(dmul.o)
    0x080043f0   0x0000009c   Code   RO          832    x$fpl$dnaninf       fz_ws.l(dnaninf.o)
    0x0800448c   0x0000000c   Code   RO          834    x$fpl$dretinf       fz_ws.l(dretinf.o)
    0x08004498   0x00000000   Code   RO          836    x$fpl$usenofp       fz_ws.l(usenofp.o)
    0x08004498   0x00001839   Data   RO          321    .constdata          oled4piniic.o
    0x08005cd1   0x00000003   PAD
    0x08005cd4   0x00000020   Data   RO          991    Region$$Table       anon$$obj.o


    Execution Region RW_IRAM1 (Base: 0x20000000, Size: 0x00000c40, Max: 0x00010000, ABSOLUTE)

    Base Addr    Size         Type   Attr      Idx    E Section Name        Object

    0x20000000   0x0000001e   Data   RW            4    .data               main.o
    0x2000001e   0x00000002   PAD
    0x20000020   0x00000014   Data   RW          199    .data               system_stm32f10x.o
    0x20000034   0x00000001   Data   RW          283    .data               key.o
    0x20000035   0x00000001   PAD
    0x20000036   0x00000004   Data   RW          383    .data               delay.o
    0x2000003a   0x00000002   PAD
    0x2000003c   0x00000006   Data   RW          415    .data               usart.o
    0x20000042   0x00000014   Data   RW          493    .data               stm32f10x_rcc.o
    0x20000056   0x00000002   PAD
    0x20000058   0x000000c0   Zero   RW            2    .bss                main.o
    0x20000118   0x00000400   Zero   RW          320    .bss                oled4piniic.o
    0x20000518   0x000000c8   Zero   RW          414    .bss                usart.o
    0x200005e0   0x00000060   Zero   RW          869    .bss                c_w.l(libspace.o)
    0x20000640   0x00000200   Zero   RW          462    HEAP                startup_stm32f10x_hd.o
    0x20000840   0x00000400   Zero   RW          461    STACK               startup_stm32f10x_hd.o


==============================================================================

Image component sizes


      Code (inc. data)   RO Data    RW Data    ZI Data      Debug   Object Name

       664         26          0          0          0       2087   adc.o
       212         18          0          4          0       1007   delay.o
       228          0          0          0          0        629   exti.o
       244         14          0          1          0        820   key.o
       532         78          0         30        192     283483   main.o
       220         22          0          0          0       1769   misc.o
       560         14          0          0          0       1828   myiic.o
      1872         36       6201          0       1024       8882   oled4piniic.o
       560         20          0          0          0       2574   pwm.o
       252          8          0          0          0       1021   spi.o
        64         26        304          0       1536        784   startup_stm32f10x_hd.o
      1102         26          0          0          0      11009   stm32f10x_adc.o
       596          8          0          0          0       4330   stm32f10x_dma.o
       284         10          0          0          0       2223   stm32f10x_exti.o
       860         38          0          0          0       5701   stm32f10x_gpio.o
        26          0          0          0          0       1162   stm32f10x_it.o
       932         36          0         20          0       8860   stm32f10x_rcc.o
       780         14          0          0          0       6582   stm32f10x_spi.o
      3610         88          0          0          0      22808   stm32f10x_tim.o
      1032         22          0          0          0       8424   stm32f10x_usart.o
         0          0          0          0          0         32   sys.o
       480         38          0         20          0       1691   system_stm32f10x.o
       320         16          0          6        200       3122   usart.o

    ----------------------------------------------------------------------
     15436        558       6540         88       2952     380828   Object Totals
         0          0         32          0          0          0   (incl. Generated)
         6          0          3          7          0          0   (incl. Padding)

    ----------------------------------------------------------------------

      Code (inc. data)   RO Data    RW Data    ZI Data      Debug   Library Member Name

         8          0          0          0          0         68   __main.o
       284          0          0          0          0        156   __printf_wp.o
         0          0          0          0          0          0   __rtentry.o
        12          0          0          0          0          0   __rtentry2.o
         6          0          0          0          0          0   __rtentry4.o
        52          8          0          0          0          0   __scatter.o
        26          0          0          0          0          0   __scatter_copy.o
        28          0          0          0          0          0   __scatter_zi.o
        48          6          0          0          0         96   _printf_char_common.o
         6          0          0          0          0          0   _printf_d.o
       120         16          0          0          0         92   _printf_dec.o
       178          0          0          0          0         88   _printf_intcommon.o
        78          0          0          0          0        108   _printf_pad.o
         0          0          0          0          0          0   _printf_percent.o
         4          0          0          0          0          0   _printf_percent_end.o
        10          0          0          0          0         68   _sputc.o
        18          0          0          0          0         80   exit.o
         6          0          0          0          0        152   heapauxi.o
         2          0          0          0          0          0   libinit.o
         2          0          0          0          0          0   libinit2.o
         2          0          0          0          0          0   libshutdown.o
         2          0          0          0          0          0   libshutdown2.o
         8          4          0          0         96         68   libspace.o
        40          6          0          0          0         84   noretval__2sprintf.o
        68          0          0          0          0         68   rt_memclr.o
        78          0          0          0          0         80   rt_memclr_w.o
         2          0          0          0          0          0   rtexit.o
        10          0          0          0          0          0   rtexit2.o
        74          0          0          0          0         80   sys_stackheap_outer.o
         2          0          0          0          0         68   use_no_semi.o
         2          0          0          0          0         68   use_no_semi_2.o
        90          4          0          0          0         92   dfixu.o
        38          0          0          0          0         68   dflt_clz.o
       340         12          0          0          0        104   dmul.o
       156          4          0          0          0         92   dnaninf.o
        12          0          0          0          0         68   dretinf.o
         0          0          0          0          0          0   usenofp.o

    ----------------------------------------------------------------------
      1820         60          0          0         96       1848   Library Totals
         8          0          0          0          0          0   (incl. Padding)

    ----------------------------------------------------------------------

      Code (inc. data)   RO Data    RW Data    ZI Data      Debug   Library Name

      1176         40          0          0         96       1424   c_w.l
       636         20          0          0          0        424   fz_ws.l

    ----------------------------------------------------------------------
      1820         60          0          0         96       1848   Library Totals

    ----------------------------------------------------------------------

==============================================================================


      Code (inc. data)   RO Data    RW Data    ZI Data      Debug   

     17256        618       6540         88       3048     379864   Grand Totals
     17256        618       6540         88       3048     379864   ELF Image Totals
     17256        618       6540         88          0          0   ROM Totals

==============================================================================

    Total RO  Size (Code + RO Data)                23796 (  23.24kB)
    Total RW  Size (RW Data + ZI Data)              3136 (   3.06kB)
    Total ROM Size (Code + RO Data + RW Data)      23884 (  23.32kB)

==============================================================================

